08-15 17:17:28.328  1003  1187 I DisplayPowerController: Blocking screen on until initial contents have been drawn.
08-15 17:17:28.372  8193  8222 I ProviderInstaller: Installed default security provider GmsCore_OpenSSL
08-15 17:17:28.385 29146 29332 D audio_hw_primary: adev_set_parameters: enter: screen_state=off
08-15 17:17:28.411  1003  1017 I chatty  : uid=1000(system) android.ui expire 6 lines
08-15 17:17:28.412  1003  1187 I DisplayPowerController: Unblocked screen on after 83 ms
08-15 17:17:28.420  4005  4005 I GoogleInputMethod: onReceive() : Action = android.intent.action.SCREEN_OFF
08-15 17:17:28.432  4139  7492 D ScreenStateRecorder : ScreenStateRecorderHandler, handleMessage msg.what = 2
08-15 17:17:28.433  4139  7492 D         : oem_qmi_lib:come into oem_qmi_common_stream_from_modem_len --->modem 
08-15 17:17:28.433  4139  7492 D         : oem_qmi_lib:oem_qmi_cmd: Send to server  passed!!
08-15 17:17:28.433   525  1357 D         : oem-qmi: Connection accepted
08-15 17:17:28.433   525  1357 D         : oem-qmi: Waiting to accept connection
08-15 17:17:28.436  4139  7492 D         : oem_qmi_lib:output 0
08-15 17:17:28.436  4139  7492 D         : oem_qmi_lib:rapi_event_type=10057, qmi_ret=0, return_status=1. 
08-15 17:17:28.448  8514  8514 W mdss_fb0: type=1400 audit(0.0:8729): avc: granted { setsched } for scontext=u:r:kernel:s0 tcontext=u:r:kernel:s0 tclass=process
08-15 17:17:28.449  1003  1175 I DisplayManagerService: Display device changed state: "Built-in Screen", ON
08-15 17:17:28.456  3739  3739 D ScreenOnOffReceiver: Received intent: Intent { act=android.intent.action.SCREEN_OFF flg=0x50000010 }.
08-15 17:17:28.457  3739  3739 D Coffee-OneTimeAuthTrustlet: screen off
08-15 17:17:28.459  3739  3739 D Coffee-OneTimeAuthTrustlet: screen off
08-15 17:17:28.460  3739  3739 D Coffee-OneTimeAuthTrustlet: screen off
08-15 17:17:28.495 25600 25613 D QcrilMsgTunnelSocket: readRilMessage: Buffer = [B@d1bb5f8 HexData = [01000000040400001c000000514f454d484f4f4b132009000c000000080000008600000094160000]
08-15 17:17:28.495 25600 25613 D QcrilMsgTunnelSocket: Rcvd UNSOL response with 36 bytes data for SUB0
08-15 17:17:28.495 25600 25613 D QcrilMsgTunnelSocket: RF_Band_Info recv 
08-15 17:17:28.495 25600 25613 D QcrilMsgTunnelSocket: Broadcaseting RadioInfo : 8ActiveBand : 134ActiveChannel : 5780
08-15 17:17:28.496 25600 25613 D QcrilMsgTunnelSocket: Broadcasting intent broadcastRfBandInfo
08-15 17:17:28.520 27081 27124 I MIPIManagerFlow: checkIfMatchRules:radioIf:8,activeBand:134,activeChannel:5780
08-15 17:17:28.521 27081 27124 E SarMIPIManager: handleMIPI:not match,use the default MIPI:454
08-15 17:17:28.521 27081 27124 I QcRilHookFlow: invoke the qcRilSetMipiFreq method,Mipi:908000000
08-15 17:17:28.521 27081 27124 D QC_RIL_OEM_HOOK: qcRilSetMipiFreq: clkrate : 908000000
08-15 17:17:28.521 27081 27124 V QC_RIL_OEM_HOOK: sendRilOemHookMsgAsync: Outgoing Data is 514f454d484f4f4b142009000400000000fb1e36
08-15 17:17:28.522 25600 25600 D QcrilMsgTunnelIfaceManager: handleMessage what = 3
08-15 17:17:28.522 25600 25600 D QcrilMsgTunnelSocket: [1005] > OEM_HOOK_RAW[514f454d484f4f4b142009000400000000fb1e36]
08-15 17:17:28.523 25600 25613 D QcrilMsgTunnelSocket: readRilMessage: Buffer = [B@d1bb5f8 HexData = [00000000ed03000000000000ffffffff]
08-15 17:17:28.523 25600 25613 D QcrilMsgTunnelSocket: Rcvd SOLICITED response with 12 bytes data for SUB0
08-15 17:17:28.523 25600 25613 D QcrilMsgTunnelSocket: [1005] < OEM_HOOK_RAW [null]
08-15 17:17:28.524 25600 25600 D QcrilMsgTunnelIfaceManager: handleMessage what = 4
08-15 17:17:28.524 27081  4371 D QC_RIL_OEM_HOOK: qcRilSetMipiFreq DONE!
08-15 17:17:28.556 29146 29239 D audio_hw_primary: adev_set_parameters: enter: screen_state=on
08-15 17:17:28.595  4106  4319 D BrcmNfcJni: RoutingManager::nfaEeCallback: NFA_EE_SET_TECH_CFG_EVT; status=0x0
08-15 17:17:28.595  4106  4319 D BrcmNfcJni: RoutingManager::nfaEeCallback: NFA_EE_SET_PROTO_CFG_EVT; status=0x0
08-15 17:17:28.595  4106 12889 D BrcmNfcJni: RoutingManager::commitRouting
08-15 17:17:28.595  4106  4319 D BrcmNfcJni: RoutingManager::nfaEeCallback: NFA_EE_UPDATED_EVT
08-15 17:17:28.605  8555  8555 W irq/504-synapti: type=1400 audit(0.0:8730): avc: granted { setsched } for scontext=u:r:kernel:s0 tcontext=u:r:kernel:s0 tclass=process
08-15 17:17:28.608   381   381 I chatty  : uid=1000(system) /system/bin/surfaceflinger expire 15 lines
08-15 17:17:28.610  4139  7492 D ScreenStateRecorder : ScreenStateRecorderHandler, handleMessage msg.what = 1
08-15 17:17:28.610  4139  7492 D         : oem_qmi_lib:come into oem_qmi_common_stream_from_modem_len --->modem 
08-15 17:17:28.610  4139  7492 D         : oem_qmi_lib:oem_qmi_cmd: Send to server  passed!!
08-15 17:17:28.610   525  1357 D         : oem-qmi: Connection accepted
08-15 17:17:28.611   525  1357 D         : oem-qmi: Waiting to accept connection
08-15 17:17:28.614  4139  7492 D         : oem_qmi_lib:output 0
08-15 17:17:28.614  4139  7492 D         : oem_qmi_lib:rapi_event_type=10057, qmi_ret=0, return_status=1. 
08-15 17:17:28.619  3739  3739 D ScreenOnOffReceiver: Received intent: Intent { act=android.intent.action.SCREEN_ON flg=0x50000010 }.
08-15 17:17:28.628  3739 13195 D BluetoothAdapter: startLeScan(): null
08-15 17:17:28.631  3739 13195 D BluetoothAdapter: STATE_ON
08-15 17:17:28.635  3739  4370 D BluetoothLeScanner: onClientRegistered() - status=0 clientIf=5
08-15 17:17:29.475  2609  2609 D VideoPlayerService: App is backgrounded, clearing vps and destroying exoplayers
08-15 17:17:29.475  2609  2609 D VideoPlayerService: Clearing all 0 session(s) from the ToBeReleased list.
08-15 17:17:30.146  3739 13195 D BluetoothAdapter: stopLeScan()
08-15 17:17:30.149  3739 13195 D BluetoothAdapter: STATE_ON
08-15 17:17:30.329  3739 13195 D BluetoothAdapter: startLeScan(): null
08-15 17:17:30.331  3739 13195 D BluetoothAdapter: STATE_ON
08-15 17:17:30.334  3739  5466 D BluetoothLeScanner: onClientRegistered() - status=0 clientIf=5
08-15 17:17:30.353  5082  5109 I chatty  : uid=1002(bluetooth) BluetoothScanMa expire 52 lines
08-15 17:17:30.355  5082  5104 I chatty  : uid=1002(bluetooth) BT Service Call expire 43 lines
08-15 17:17:31.847  3739 13195 D BluetoothAdapter: stopLeScan()
08-15 17:17:31.849  3739 13195 D BluetoothAdapter: STATE_ON
08-15 17:17:32.030  3739 13195 D BluetoothAdapter: startLeScan(): null
08-15 17:17:32.032  3739 13195 D BluetoothAdapter: STATE_ON
08-15 17:17:32.035  3739  5467 D BluetoothLeScanner: onClientRegistered() - status=0 clientIf=5
08-15 17:17:32.036  5082  5094 I chatty  : uid=1002(bluetooth) Binder_2 expire 6 lines
08-15 17:17:32.635  1003  3347 I PowerManagerService: Going to sleep due to power button (uid 1000)...
08-15 17:17:33.143  1003  3315 I chatty  : uid=1000(system) n HAL callback. expire 27 lines
08-15 17:17:33.151  1003  1175 I DisplayManagerService: Display device changed state: "Built-in Screen", OFF
08-15 17:17:33.455   381   482 I chatty  : uid=1000(system) hwcVsyncThread expire 10 lines
08-15 17:17:33.456  1003  3398 I chatty  : uid=1000(system) PhotonicModulat expire 10 lines
08-15 17:17:33.459  1003  1187 I DreamManagerService: Entering dreamland.
08-15 17:17:33.459  1003  1187 I PowerManagerService: Dozing...
08-15 17:17:33.460  1003  1018 I DreamController: Starting dream: name=ComponentInfo{com.android.systemui/com.android.systemui.doze.DozeService}, isTest=false, canDoze=true, userId=0
08-15 17:17:33.510  1003 23729 I chatty  : uid=1000(system) Binder_F expire 3 lines
08-15 17:17:33.526  3449  3449 D PhoneStatusBar: disable: < expand ICONS alerts SYSTEM_INFO back HOME RECENT clock SEARCH quick_settings >
08-15 17:17:33.548  3739 13195 D BluetoothAdapter: stopLeScan()
08-15 17:17:33.549  3739 13195 D BluetoothAdapter: STATE_ON
08-15 17:17:33.550  5082  5135 I chatty  : uid=1002(bluetooth) Binder_3 expire 3 lines
08-15 17:17:33.602  1003  1003 I chatty  : uid=1000 system_server expire 12 lines
08-15 17:17:33.603 29146 29242 D audio_hw_primary: adev_set_parameters: enter: screen_state=off
08-15 17:17:33.638  1003  3369 I chatty  : uid=1000(system) WifiStateMachin expire 10 lines
08-15 17:17:33.648  4005  4005 I GoogleInputMethod: onReceive() : Action = android.intent.action.SCREEN_OFF
08-15 17:17:33.663  4139  7492 D ScreenStateRecorder : ScreenStateRecorderHandler, handleMessage msg.what = 2
08-15 17:17:33.664  4139  7492 D         : oem_qmi_lib:come into oem_qmi_common_stream_from_modem_len --->modem 
08-15 17:17:33.664  4139  7492 D         : oem_qmi_lib:oem_qmi_cmd: Send to server  passed!!
08-15 17:17:33.664   525  1357 D         : oem-qmi: Connection accepted
08-15 17:17:33.664   525  1357 D         : oem-qmi: Waiting to accept connection
08-15 17:17:33.667  4139  7492 D         : oem_qmi_lib:output 0
08-15 17:17:33.667  4139  7492 D         : oem_qmi_lib:rapi_event_type=10057, qmi_ret=0, return_status=1. 
08-15 17:17:33.671  3739  3739 D ScreenOnOffReceiver: Received intent: Intent { act=android.intent.action.SCREEN_OFF flg=0x50000010 }.
08-15 17:17:33.673  3739  3739 D Coffee-OneTimeAuthTrustlet: screen off
08-15 17:17:33.674  3739  3739 D Coffee-OneTimeAuthTrustlet: screen off
08-15 17:17:33.675  3739  3739 D Coffee-OneTimeAuthTrustlet: screen off
08-15 17:17:33.745  1003  1012 I chatty  : uid=1000(system) HeapTaskDaemon expire 2 lines
08-15 17:17:34.348  1003  3347 I PowerManagerService: Waking up from dozing (uid 1000)...
08-15 17:17:34.365  1003  1187 I DisplayPowerController: Blocking screen on until initial contents have been drawn.
08-15 17:17:34.367  1003  1175 I DisplayManagerService: Display device changed state: "Built-in Screen", ON
08-15 17:17:34.368  8594  8594 W mdss_fb0: type=1400 audit(0.0:8731): avc: granted { setsched } for scontext=u:r:kernel:s0 tcontext=u:r:kernel:s0 tclass=process
08-15 17:17:34.425 25600 25613 D QcrilMsgTunnelSocket: readRilMessage: Buffer = [B@d1bb5f8 HexData = [01000000040400001c000000514f454d484f4f4b132009000c000000080000008600000094160000]
08-15 17:17:34.425 25600 25613 D QcrilMsgTunnelSocket: Rcvd UNSOL response with 36 bytes data for SUB0
08-15 17:17:34.425 25600 25613 D QcrilMsgTunnelSocket: RF_Band_Info recv 
08-15 17:17:34.425 25600 25613 D QcrilMsgTunnelSocket: Broadcaseting RadioInfo : 8ActiveBand : 134ActiveChannel : 5780
08-15 17:17:34.425 25600 25613 D QcrilMsgTunnelSocket: Broadcasting intent broadcastRfBandInfo
08-15 17:17:34.434 27081 27124 I MIPIManagerFlow: checkIfMatchRules:radioIf:8,activeBand:134,activeChannel:5780
08-15 17:17:34.434 27081 27124 E SarMIPIManager: handleMIPI:not match,use the default MIPI:454
08-15 17:17:34.434 29146 29240 D audio_hw_primary: adev_set_parameters: enter: screen_state=on
08-15 17:17:34.434 27081 27124 I QcRilHookFlow: invoke the qcRilSetMipiFreq method,Mipi:908000000
08-15 17:17:34.434 27081 27124 D QC_RIL_OEM_HOOK: qcRilSetMipiFreq: clkrate : 908000000
08-15 17:17:34.434 27081 27124 V QC_RIL_OEM_HOOK: sendRilOemHookMsgAsync: Outgoing Data is 514f454d484f4f4b142009000400000000fb1e36
08-15 17:17:34.435 25600 25600 D QcrilMsgTunnelIfaceManager: handleMessage what = 3
08-15 17:17:34.435 25600 25600 D QcrilMsgTunnelSocket: [1006] > OEM_HOOK_RAW[514f454d484f4f4b142009000400000000fb1e36]
08-15 17:17:34.436  1003  1187 I DisplayPowerController: Unblocked screen on after 71 ms
08-15 17:17:34.437 25600 25613 D QcrilMsgTunnelSocket: readRilMessage: Buffer = [B@d1bb5f8 HexData = [00000000ee03000000000000ffffffff]
08-15 17:17:34.437 25600 25613 D QcrilMsgTunnelSocket: Rcvd SOLICITED response with 12 bytes data for SUB0
08-15 17:17:34.438  1003  1187 I DreamManagerService: Gently waking up from dream.
08-15 17:17:34.439 25600 25613 D QcrilMsgTunnelSocket: [1006] < OEM_HOOK_RAW [null]
08-15 17:17:34.439  1003 23729 I DreamManagerService: Leaving dreamland.
08-15 17:17:34.439 25600 25600 D QcrilMsgTunnelIfaceManager: handleMessage what = 4
08-15 17:17:34.440  1003  1018 I DreamController: Stopping dream: name=ComponentInfo{com.android.systemui/com.android.systemui.doze.DozeService}, isTest=false, canDoze=true, userId=0
08-15 17:17:34.440 27081  4371 D QC_RIL_OEM_HOOK: qcRilSetMipiFreq DONE!
08-15 17:17:34.460  4106  4319 D BrcmNfcJni: RoutingManager::nfaEeCallback: NFA_EE_SET_TECH_CFG_EVT; status=0x0
08-15 17:17:34.461  4106  4319 D BrcmNfcJni: RoutingManager::nfaEeCallback: NFA_EE_SET_PROTO_CFG_EVT; status=0x0
08-15 17:17:34.461  4106  4293 D BrcmNfcJni: RoutingManager::commitRouting
08-15 17:17:34.461  4106  4319 D BrcmNfcJni: RoutingManager::nfaEeCallback: NFA_EE_UPDATED_EVT
08-15 17:17:34.474  4139  7492 D ScreenStateRecorder : ScreenStateRecorderHandler, handleMessage msg.what = 1
08-15 17:17:34.474  4139  7492 D         : oem_qmi_lib:come into oem_qmi_common_stream_from_modem_len --->modem 
08-15 17:17:34.474  4139  7492 D         : oem_qmi_lib:oem_qmi_cmd: Send to server  passed!!
08-15 17:17:34.474   525  1357 D         : oem-qmi: Connection accepted
08-15 17:17:34.474   525  1357 D         : oem-qmi: Waiting to accept connection
08-15 17:17:34.475  4139  7492 D         : oem_qmi_lib:output 0
08-15 17:17:34.475  4139  7492 D         : oem_qmi_lib:rapi_event_type=10057, qmi_ret=0, return_status=1. 
08-15 17:17:34.481  3739  3739 D ScreenOnOffReceiver: Received intent: Intent { act=android.intent.action.SCREEN_ON flg=0x50000010 }.
08-15 17:17:34.488  3739 13195 D BluetoothAdapter: startLeScan(): null
08-15 17:17:34.490  3739 13195 D BluetoothAdapter: STATE_ON
08-15 17:17:34.492  3739  5460 D BluetoothLeScanner: onClientRegistered() - status=0 clientIf=5
08-15 17:17:34.528  8637  8637 W irq/504-synapti: type=1400 audit(0.0:8732): avc: granted { setsched } for scontext=u:r:kernel:s0 tcontext=u:r:kernel:s0 tclass=process
08-15 17:17:35.798  1003  3347 I PowerManagerService: Going to sleep due to power button (uid 1000)...
08-15 17:17:35.944   518   605 I ThermalEngine: ACTION: GPU - Setting GPU[0] to 510000000
08-15 17:17:36.005  3739 13195 D BluetoothAdapter: stopLeScan()
08-15 17:17:36.009  3739 13195 D BluetoothAdapter: STATE_ON
08-15 17:17:36.188  3739 13195 D BluetoothAdapter: startLeScan(): null
08-15 17:17:36.190  3739 13195 D BluetoothAdapter: STATE_ON
08-15 17:17:36.197  3739  5465 D BluetoothLeScanner: onClientRegistered() - status=0 clientIf=5
08-15 17:17:36.302  1003  1175 I DisplayManagerService: Display device changed state: "Built-in Screen", OFF
08-15 17:17:36.627  1003  1187 I DreamManagerService: Entering dreamland.
08-15 17:17:36.627  1003  1187 I PowerManagerService: Dozing...
08-15 17:17:36.628  1003  1018 I DreamController: Starting dream: name=ComponentInfo{com.android.systemui/com.android.systemui.doze.DozeService}, isTest=false, canDoze=true, userId=0
08-15 17:17:36.652  3449  3449 D PhoneStatusBar: disable: < expand ICONS alerts SYSTEM_INFO back HOME RECENT clock SEARCH quick_settings >
08-15 17:17:36.711 29146 29146 D audio_hw_primary: adev_set_parameters: enter: screen_state=off
08-15 17:17:36.726  4005  4005 I GoogleInputMethod: onReceive() : Action = android.intent.action.SCREEN_OFF
08-15 17:17:36.741  4139  7492 D ScreenStateRecorder : ScreenStateRecorderHandler, handleMessage msg.what = 2
08-15 17:17:36.741  4139  7492 D         : oem_qmi_lib:come into oem_qmi_common_stream_from_modem_len --->modem 
08-15 17:17:36.741  4139  7492 D         : oem_qmi_lib:oem_qmi_cmd: Send to server  passed!!
08-15 17:17:36.741   525  1357 D         : oem-qmi: Connection accepted
08-15 17:17:36.741   525  1357 D         : oem-qmi: Waiting to accept connection
08-15 17:17:36.744  4139  7492 D         : oem_qmi_lib:output 0
08-15 17:17:36.745  4139  7492 D         : oem_qmi_lib:rapi_event_type=10057, qmi_ret=0, return_status=1. 
08-15 17:17:36.749  3739  3739 D ScreenOnOffReceiver: Received intent: Intent { act=android.intent.action.SCREEN_OFF flg=0x50000010 }.
08-15 17:17:36.750  3739  3739 D Coffee-OneTimeAuthTrustlet: screen off
08-15 17:17:36.751  3739  3739 D Coffee-OneTimeAuthTrustlet: screen off
08-15 17:17:36.752  3739  3739 D Coffee-OneTimeAuthTrustlet: screen off
08-15 17:17:36.805  3739 13195 D BluetoothAdapter: stopLeScan()
08-15 17:17:36.806  3739 13195 D BluetoothAdapter: STATE_ON
08-15 17:17:36.808  3739 13195 I BeaconBle: Scan : No clients left, canceling alarm.
08-15 17:17:37.374  1003  3347 I PowerManagerService: Waking up from dozing (uid 1000)...
08-15 17:17:37.389  1003  1187 I DisplayPowerController: Blocking screen on until initial contents have been drawn.
08-15 17:17:37.391  8664  8664 W mdss_fb0: type=1400 audit(0.0:8733): avc: granted { setsched } for scontext=u:r:kernel:s0 tcontext=u:r:kernel:s0 tclass=process
08-15 17:17:37.396  1003  1175 I DisplayManagerService: Display device changed state: "Built-in Screen", ON
08-15 17:17:37.451 29146 20993 D audio_hw_primary: adev_set_parameters: enter: screen_state=on
08-15 17:17:37.465 25600 25613 D QcrilMsgTunnelSocket: readRilMessage: Buffer = [B@d1bb5f8 HexData = [01000000040400001c000000514f454d484f4f4b132009000c000000080000008600000094160000]
08-15 17:17:37.465 25600 25613 D QcrilMsgTunnelSocket: Rcvd UNSOL response with 36 bytes data for SUB0
08-15 17:17:37.465 25600 25613 D QcrilMsgTunnelSocket: RF_Band_Info recv 
08-15 17:17:37.465 25600 25613 D QcrilMsgTunnelSocket: Broadcaseting RadioInfo : 8ActiveBand : 134ActiveChannel : 5780
08-15 17:17:37.465 25600 25613 D QcrilMsgTunnelSocket: Broadcasting intent broadcastRfBandInfo
08-15 17:17:37.468  1003  1187 I DisplayPowerController: Unblocked screen on after 79 ms
08-15 17:17:37.469 27081 27124 I MIPIManagerFlow: checkIfMatchRules:radioIf:8,activeBand:134,activeChannel:5780
08-15 17:17:37.469 27081 27124 E SarMIPIManager: handleMIPI:not match,use the default MIPI:454
08-15 17:17:37.469 27081 27124 I QcRilHookFlow: invoke the qcRilSetMipiFreq method,Mipi:908000000
08-15 17:17:37.469 27081 27124 D QC_RIL_OEM_HOOK: qcRilSetMipiFreq: clkrate : 908000000
08-15 17:17:37.469 27081 27124 V QC_RIL_OEM_HOOK: sendRilOemHookMsgAsync: Outgoing Data is 514f454d484f4f4b142009000400000000fb1e36
08-15 17:17:37.469  1003  1187 I DreamManagerService: Gently waking up from dream.
08-15 17:17:37.469 25600 25600 D QcrilMsgTunnelIfaceManager: handleMessage what = 3
08-15 17:17:37.470 25600 25600 D QcrilMsgTunnelSocket: [1007] > OEM_HOOK_RAW[514f454d484f4f4b142009000400000000fb1e36]
08-15 17:17:37.470  4106  4319 D BrcmNfcJni: RoutingManager::nfaEeCallback: NFA_EE_SET_TECH_CFG_EVT; status=0x0
08-15 17:17:37.470  4106  4319 D BrcmNfcJni: RoutingManager::nfaEeCallback: NFA_EE_SET_PROTO_CFG_EVT; status=0x0
08-15 17:17:37.470  4106 11243 D BrcmNfcJni: RoutingManager::commitRouting
08-15 17:17:37.471  4106  4319 D BrcmNfcJni: RoutingManager::nfaEeCallback: NFA_EE_UPDATED_EVT
08-15 17:17:37.471 25600 25613 D QcrilMsgTunnelSocket: readRilMessage: Buffer = [B@d1bb5f8 HexData = [00000000ef03000000000000ffffffff]
08-15 17:17:37.471  1003  3440 I DreamManagerService: Leaving dreamland.
08-15 17:17:37.471 25600 25613 D QcrilMsgTunnelSocket: Rcvd SOLICITED response with 12 bytes data for SUB0
08-15 17:17:37.471 25600 25613 D QcrilMsgTunnelSocket: [1007] < OEM_HOOK_RAW [null]
08-15 17:17:37.471  1003  1018 I DreamController: Stopping dream: name=ComponentInfo{com.android.systemui/com.android.systemui.doze.DozeService}, isTest=false, canDoze=true, userId=0
08-15 17:17:37.471 25600 25600 D QcrilMsgTunnelIfaceManager: handleMessage what = 4
08-15 17:17:37.472 27081  4371 D QC_RIL_OEM_HOOK: qcRilSetMipiFreq DONE!
08-15 17:17:37.473  1003  4418 I chatty  : uid=1000(system) Binder_B expire 1 line
08-15 17:17:37.488  4139  7492 D ScreenStateRecorder : ScreenStateRecorderHandler, handleMessage msg.what = 1
08-15 17:17:37.488  4139  7492 D         : oem_qmi_lib:come into oem_qmi_common_stream_from_modem_len --->modem 
08-15 17:17:37.488  4139  7492 D         : oem_qmi_lib:oem_qmi_cmd: Send to server  passed!!
08-15 17:17:37.488   525  1357 D         : oem-qmi: Connection accepted
08-15 17:17:37.488   525  1357 D         : oem-qmi: Waiting to accept connection
08-15 17:17:37.492  4139  7492 D         : oem_qmi_lib:output 0
08-15 17:17:37.492  4139  7492 D         : oem_qmi_lib:rapi_event_type=10057, qmi_ret=0, return_status=1. 
08-15 17:17:37.493  3739  3739 D ScreenOnOffReceiver: Received intent: Intent { act=android.intent.action.SCREEN_ON flg=0x50000010 }.
08-15 17:17:37.501  3739 13195 D BluetoothAdapter: startLeScan(): null
08-15 17:17:37.502  3739 13195 D BluetoothAdapter: STATE_ON
08-15 17:17:37.505  3739  3750 D BluetoothLeScanner: onClientRegistered() - status=0 clientIf=5
08-15 17:17:37.555  8707  8707 W irq/504-synapti: type=1400 audit(0.0:8734): avc: granted { setsched } for scontext=u:r:kernel:s0 tcontext=u:r:kernel:s0 tclass=process
08-15 17:17:38.525  1003  3347 I PowerManagerService: Going to sleep due to power button (uid 1000)...
08-15 17:17:39.020  3739 13195 D BluetoothAdapter: stopLeScan()
08-15 17:17:39.022  3739 13195 D BluetoothAdapter: STATE_ON
08-15 17:17:39.024  1003  1175 I DisplayManagerService: Display device changed state: "Built-in Screen", OFF
08-15 17:17:39.202  3739 13195 D BluetoothAdapter: startLeScan(): null
08-15 17:17:39.204  3739 13195 D BluetoothAdapter: STATE_ON
08-15 17:17:39.204  1003 32307 I ActivityManager: Killing 8095:com.android.defcontainer/u0a7 (adj 15): empty #17
08-15 17:17:39.207  3739  5465 D BluetoothLeScanner: onClientRegistered() - status=0 clientIf=5
08-15 17:17:39.330   381   381 I chatty  : uid=1000(system) /system/bin/surfaceflinger expire 10 lines
08-15 17:17:39.339  1003  1187 I DreamManagerService: Entering dreamland.
08-15 17:17:39.339  1003  1187 I PowerManagerService: Dozing...
08-15 17:17:39.340  1003  1018 I DreamController: Starting dream: name=ComponentInfo{com.android.systemui/com.android.systemui.doze.DozeService}, isTest=false, canDoze=true, userId=0
08-15 17:17:39.366  3449  3449 D PhoneStatusBar: disable: < expand ICONS alerts SYSTEM_INFO back HOME RECENT clock SEARCH quick_settings >
08-15 17:17:39.423 29146 31179 D audio_hw_primary: adev_set_parameters: enter: screen_state=off
08-15 17:17:39.439  4005  4005 I GoogleInputMethod: onReceive() : Action = android.intent.action.SCREEN_OFF
08-15 17:17:39.453  4139  7492 D ScreenStateRecorder : ScreenStateRecorderHandler, handleMessage msg.what = 2
08-15 17:17:39.453  4139  7492 D         : oem_qmi_lib:come into oem_qmi_common_stream_from_modem_len --->modem 
08-15 17:17:39.453  4139  7492 D         : oem_qmi_lib:oem_qmi_cmd: Send to server  passed!!
08-15 17:17:39.453   525  1357 D         : oem-qmi: Connection accepted
08-15 17:17:39.453   525  1357 D         : oem-qmi: Waiting to accept connection
08-15 17:17:39.456  4139  7492 D         : oem_qmi_lib:output 0
08-15 17:17:39.457  4139  7492 D         : oem_qmi_lib:rapi_event_type=10057, qmi_ret=0, return_status=1. 
08-15 17:17:39.462  3739  3739 D ScreenOnOffReceiver: Received intent: Intent { act=android.intent.action.SCREEN_OFF flg=0x50000010 }.
08-15 17:17:39.463  3739  3739 D Coffee-OneTimeAuthTrustlet: screen off
08-15 17:17:39.464  3739  3739 D Coffee-OneTimeAuthTrustlet: screen off
08-15 17:17:39.465  3739  3739 D Coffee-OneTimeAuthTrustlet: screen off
08-15 17:17:39.512  3739 13195 D BluetoothAdapter: stopLeScan()
08-15 17:17:39.513  3739 13195 D BluetoothAdapter: STATE_ON
08-15 17:17:39.515  3739 13195 I BeaconBle: Scan : No clients left, canceling alarm.
08-15 17:17:40.954   518   605 I ThermalEngine: ACTION: GPU - Setting GPU[0] to 600000000
08-15 17:17:43.900  1003  3347 I PowerManagerService: Waking up from dozing (uid 1000)...
08-15 17:17:43.914  1003  1187 I DisplayPowerController: Blocking screen on until initial contents have been drawn.
08-15 17:17:43.927  1003  1187 I chatty  : uid=1000(system) PowerManagerSer expire 15 lines
08-15 17:17:43.931  8733  8733 W mdss_fb0: type=1400 audit(0.0:8735): avc: granted { setsched } for scontext=u:r:kernel:s0 tcontext=u:r:kernel:s0 tclass=process
08-15 17:17:43.932  1003  1175 I DisplayManagerService: Display device changed state: "Built-in Screen", ON
08-15 17:17:43.933  1003  3315 I chatty  : uid=1000(system) n HAL callback. expire 20 lines
08-15 17:17:43.946  1003  3816 I chatty  : uid=1000(system) Binder_6 expire 1 line
08-15 17:17:43.980 25600 25613 D QcrilMsgTunnelSocket: readRilMessage: Buffer = [B@d1bb5f8 HexData = [01000000040400001c000000514f454d484f4f4b132009000c000000080000008600000094160000]
08-15 17:17:43.980 25600 25613 D QcrilMsgTunnelSocket: Rcvd UNSOL response with 36 bytes data for SUB0
08-15 17:17:43.980 25600 25613 D QcrilMsgTunnelSocket: RF_Band_Info recv 
08-15 17:17:43.980 25600 25613 D QcrilMsgTunnelSocket: Broadcaseting RadioInfo : 8ActiveBand : 134ActiveChannel : 5780
08-15 17:17:43.980 25600 25613 D QcrilMsgTunnelSocket: Broadcasting intent broadcastRfBandInfo
08-15 17:17:43.983 29146 19155 D audio_hw_primary: adev_set_parameters: enter: screen_state=on
08-15 17:17:43.983 27081 27124 I MIPIManagerFlow: checkIfMatchRules:radioIf:8,activeBand:134,activeChannel:5780
08-15 17:17:43.983 27081 27124 E SarMIPIManager: handleMIPI:not match,use the default MIPI:454
08-15 17:17:43.983 27081 27124 I QcRilHookFlow: invoke the qcRilSetMipiFreq method,Mipi:908000000
08-15 17:17:43.983 27081 27124 D QC_RIL_OEM_HOOK: qcRilSetMipiFreq: clkrate : 908000000
08-15 17:17:43.983 27081 27124 V QC_RIL_OEM_HOOK: sendRilOemHookMsgAsync: Outgoing Data is 514f454d484f4f4b142009000400000000fb1e36
08-15 17:17:43.984 25600 25600 D QcrilMsgTunnelIfaceManager: handleMessage what = 3
08-15 17:17:43.984 25600 25600 D QcrilMsgTunnelSocket: [1008] > OEM_HOOK_RAW[514f454d484f4f4b142009000400000000fb1e36]
08-15 17:17:43.986 25600 25613 D QcrilMsgTunnelSocket: readRilMessage: Buffer = [B@d1bb5f8 HexData = [00000000f003000000000000ffffffff]
08-15 17:17:43.986 25600 25613 D QcrilMsgTunnelSocket: Rcvd SOLICITED response with 12 bytes data for SUB0
08-15 17:17:43.986 25600 25613 D QcrilMsgTunnelSocket: [1008] < OEM_HOOK_RAW [null]
08-15 17:17:43.986 25600 25600 D QcrilMsgTunnelIfaceManager: handleMessage what = 4
08-15 17:17:43.987 27081  4371 D QC_RIL_OEM_HOOK: qcRilSetMipiFreq DONE!
08-15 17:17:43.998  1003  1187 I DisplayPowerController: Unblocked screen on after 84 ms
08-15 17:17:43.999  1003  1187 I DreamManagerService: Gently waking up from dream.
08-15 17:17:44.001  1003  3440 I DreamManagerService: Leaving dreamland.
08-15 17:17:44.001  4106  4319 D BrcmNfcJni: RoutingManager::nfaEeCallback: NFA_EE_SET_TECH_CFG_EVT; status=0x0
08-15 17:17:44.001  1003  1018 I DreamController: Stopping dream: name=ComponentInfo{com.android.systemui/com.android.systemui.doze.DozeService}, isTest=false, canDoze=true, userId=0
08-15 17:17:44.001  4106  4319 D BrcmNfcJni: RoutingManager::nfaEeCallback: NFA_EE_SET_PROTO_CFG_EVT; status=0x0
08-15 17:17:44.001  4106 11678 D BrcmNfcJni: RoutingManager::commitRouting
08-15 17:17:44.002  4106  4319 D BrcmNfcJni: RoutingManager::nfaEeCallback: NFA_EE_UPDATED_EVT
08-15 17:17:44.002  1003  4417 I chatty  : uid=1000(system) Binder_A expire 4 lines
08-15 17:17:44.014  4139  7492 D ScreenStateRecorder : ScreenStateRecorderHandler, handleMessage msg.what = 1
08-15 17:17:44.014  4139  7492 D         : oem_qmi_lib:come into oem_qmi_common_stream_from_modem_len --->modem 
08-15 17:17:44.015  4139  7492 D         : oem_qmi_lib:oem_qmi_cmd: Send to server  passed!!
08-15 17:17:44.015   525  1357 D         : oem-qmi: Connection accepted
08-15 17:17:44.015   525  1357 D         : oem-qmi: Waiting to accept connection
08-15 17:17:44.018  4139  7492 D         : oem_qmi_lib:output 0
08-15 17:17:44.018  4139  7492 D         : oem_qmi_lib:rapi_event_type=10057, qmi_ret=0, return_status=1. 
08-15 17:17:44.020  3739  3739 D ScreenOnOffReceiver: Received intent: Intent { act=android.intent.action.SCREEN_ON flg=0x50000010 }.
08-15 17:17:44.027  3739 13195 D BluetoothAdapter: startLeScan(): null
08-15 17:17:44.029  3739 13195 D BluetoothAdapter: STATE_ON
08-15 17:17:44.033  5082  5104 I chatty  : uid=1002(bluetooth) BT Service Call expire 14 lines
08-15 17:17:44.033  3739  5467 D BluetoothLeScanner: onClientRegistered() - status=0 clientIf=5
08-15 17:17:44.035  5082  5109 I chatty  : uid=1002(bluetooth) BluetoothScanMa expire 14 lines
08-15 17:17:44.088  8775  8775 W irq/504-synapti: type=1400 audit(0.0:8736): avc: granted { setsched } for scontext=u:r:kernel:s0 tcontext=u:r:kernel:s0 tclass=process
08-15 17:17:44.879  7320  7320 I chatty  : uid=1000(system) /system/bin/ATFWD-daemon expire 10 lines
08-15 17:17:45.545  3739 13195 D BluetoothAdapter: stopLeScan()
08-15 17:17:45.546  3739 13195 D BluetoothAdapter: STATE_ON
08-15 17:17:45.723  3739 13195 D BluetoothAdapter: startLeScan(): null
08-15 17:17:45.725  3739 13195 D BluetoothAdapter: STATE_ON
08-15 17:17:45.728  3739  4370 D BluetoothLeScanner: onClientRegistered() - status=0 clientIf=5
08-15 17:17:45.864   533  3390 I chatty  : uid=1000(system) /system/bin/fingerprintd expire 8 lines
08-15 17:17:46.965   518   605 I ThermalEngine: ACTION: GPU - Setting GPU[0] to 510000000
08-15 17:17:47.239  3739 13195 D BluetoothAdapter: stopLeScan()
08-15 17:17:47.243  3739 13195 D BluetoothAdapter: STATE_ON
08-15 17:17:47.243  5082  5136 D BtGatt.GattService: stopScan() - queue size =1
08-15 17:17:47.244  5082  5109 D BtGatt.ScanManager: stop scan
08-15 17:17:47.245  5082  5093 D BtGatt.GattService: unregisterClient() - clientIf=5
08-15 17:17:47.265  5082  5104 D BtGatt.GattService: onScanFilterParamsConfigured() - clientIf=5, status=0, action=1, availableSpace=32
08-15 17:17:47.265  5082  5104 D BtGatt.ScanManager: callback done for clientIf - 5 status - 0
08-15 17:17:47.265  5082  5109 D BtGatt.ScanManager: configureRegularScanParams() - queue=0
08-15 17:17:47.265  5082  5109 D BtGatt.ScanManager: configureRegularScanParams() - ScanSetting Scan mode=-2147483648 mLastConfiguredScanSetting=2
08-15 17:17:47.265  5082  5109 D BtGatt.ScanManager: configureRegularScanParams() - queue emtpy, scan stopped
08-15 17:17:47.423  3739 13195 D BluetoothAdapter: startLeScan(): null
08-15 17:17:47.426  3739 13195 D BluetoothAdapter: STATE_ON
08-15 17:17:47.429  5082  5093 D BtGatt.GattService: registerClient() - UUID=9ab95f3a-6c6b-4545-a62a-6af0cffed7ee
08-15 17:17:47.429  5082  5104 D BtGatt.GattService: onClientRegistered() - UUID=9ab95f3a-6c6b-4545-a62a-6af0cffed7ee, clientIf=5
08-15 17:17:47.430  3739  5466 D BluetoothLeScanner: onClientRegistered() - status=0 clientIf=5
08-15 17:17:47.430  5082  5135 D BtGatt.GattService: start scan with filters
08-15 17:17:47.434  5082  5109 D BtGatt.ScanManager: handling starting scan
08-15 17:17:47.447  5082  5104 D BtGatt.GattService: onScanFilterEnableDisabled() - clientIf=5, status=0, action=1
08-15 17:17:47.447  5082  5104 D BtGatt.ScanManager: callback done for clientIf - 5 status - 0
08-15 17:17:47.447  5082  5109 D BtGatt.ScanManager: configureFilterParamter 500 10000 1 0
08-15 17:17:47.454  5082  5104 D BtGatt.GattService: onScanFilterParamsConfigured() - clientIf=5, status=0, action=0, availableSpace=31
08-15 17:17:47.454  5082  5104 D BtGatt.ScanManager: callback done for clientIf - 5 status - 0
08-15 17:17:47.454  5082  5109 D BtGatt.ScanManager: configureRegularScanParams() - queue=1
08-15 17:17:47.454  5082  5109 D BtGatt.ScanManager: configureRegularScanParams() - ScanSetting Scan mode=2 mLastConfiguredScanSetting=-2147483648
08-15 17:17:47.455  5082  5109 D BtGatt.ScanManager: configureRegularScanParams - scanInterval = 8000configureRegularScanParams - scanWindow = 8000
08-15 17:17:47.465  5082  5104 D BtGatt.GattService: onScanParamSetupCompleted : 0
08-15 17:17:48.430  1003  3347 I PowerManagerService: Going to sleep due to power button (uid 1000)...
08-15 17:17:48.947  3739 13195 D BluetoothAdapter: stopLeScan()
08-15 17:17:48.950  3739 13195 D BluetoothAdapter: STATE_ON
08-15 17:17:48.950  5082  5136 D BtGatt.GattService: stopScan() - queue size =1
08-15 17:17:48.951  5082  5109 D BtGatt.ScanManager: stop scan
08-15 17:17:48.951  5082  5093 D BtGatt.GattService: unregisterClient() - clientIf=5
08-15 17:17:48.963  1003  1175 I DisplayManagerService: Display device changed state: "Built-in Screen", OFF
08-15 17:17:48.973  5082  5104 D BtGatt.GattService: onScanFilterParamsConfigured() - clientIf=5, status=0, action=1, availableSpace=32
08-15 17:17:48.974  5082  5104 D BtGatt.ScanManager: callback done for clientIf - 5 status - 0
08-15 17:17:48.974  5082  5109 D BtGatt.ScanManager: configureRegularScanParams() - queue=0
08-15 17:17:48.974  5082  5109 D BtGatt.ScanManager: configureRegularScanParams() - ScanSetting Scan mode=-2147483648 mLastConfiguredScanSetting=2
08-15 17:17:48.974  5082  5109 D BtGatt.ScanManager: configureRegularScanParams() - queue emtpy, scan stopped
08-15 17:17:49.130  3739 13195 D BluetoothAdapter: startLeScan(): null
08-15 17:17:49.132  3739 13195 D BluetoothAdapter: STATE_ON
08-15 17:17:49.134  5082  5135 D BtGatt.GattService: registerClient() - UUID=664cfd23-507a-4477-b3fc-8b721d929dc1
08-15 17:17:49.136  5082  5104 D BtGatt.GattService: onClientRegistered() - UUID=664cfd23-507a-4477-b3fc-8b721d929dc1, clientIf=5
08-15 17:17:49.136  3739  5458 D BluetoothLeScanner: onClientRegistered() - status=0 clientIf=5
08-15 17:17:49.137  5082  5094 D BtGatt.GattService: start scan with filters
08-15 17:17:49.139  5082  5109 D BtGatt.ScanManager: handling starting scan
08-15 17:17:49.148  5082  5104 D BtGatt.GattService: onScanFilterEnableDisabled() - clientIf=5, status=0, action=1
08-15 17:17:49.148  5082  5104 D BtGatt.ScanManager: callback done for clientIf - 5 status - 0
08-15 17:17:49.148  5082  5109 D BtGatt.ScanManager: configureFilterParamter 500 10000 1 0
08-15 17:17:49.156  5082  5104 D BtGatt.GattService: onScanFilterParamsConfigured() - clientIf=5, status=0, action=0, availableSpace=31
08-15 17:17:49.156  5082  5104 D BtGatt.ScanManager: callback done for clientIf - 5 status - 0
08-15 17:17:49.156  5082  5109 D BtGatt.ScanManager: configureRegularScanParams() - queue=1
08-15 17:17:49.158  5082  5109 D BtGatt.ScanManager: configureRegularScanParams() - ScanSetting Scan mode=2 mLastConfiguredScanSetting=-2147483648
08-15 17:17:49.158  5082  5109 D BtGatt.ScanManager: configureRegularScanParams - scanInterval = 8000configureRegularScanParams - scanWindow = 8000
08-15 17:17:49.159  5082  5104 D BtGatt.GattService: onScanParamSetupCompleted : 0
08-15 17:17:49.274  1003  1187 I DreamManagerService: Entering dreamland.
08-15 17:17:49.275  1003  1187 I PowerManagerService: Dozing...
08-15 17:17:49.276  1003  1018 I DreamController: Starting dream: name=ComponentInfo{com.android.systemui/com.android.systemui.doze.DozeService}, isTest=false, canDoze=true, userId=0
08-15 17:17:49.347  3449  3449 D PhoneStatusBar: disable: < expand ICONS alerts SYSTEM_INFO back HOME RECENT clock SEARCH quick_settings >
08-15 17:17:49.408  1003  1003 I chatty  : uid=1000 system_server expire 9 lines
08-15 17:17:49.409 29146 29241 D audio_hw_primary: adev_set_parameters: enter: screen_state=off
08-15 17:17:49.428  4005  4005 I GoogleInputMethod: onReceive() : Action = android.intent.action.SCREEN_OFF
08-15 17:17:49.441  4139  7492 D ScreenStateRecorder : ScreenStateRecorderHandler, handleMessage msg.what = 2
08-15 17:17:49.441  4139  7492 D         : oem_qmi_lib:come into oem_qmi_common_stream_from_modem_len --->modem 
08-15 17:17:49.441  4139  7492 D         : oem_qmi_lib:oem_qmi_cmd: Send to server  passed!!
08-15 17:17:49.441   525  1357 D         : oem-qmi: Connection accepted
08-15 17:17:49.441   525  1357 D         : oem-qmi: Waiting to accept connection
08-15 17:17:49.443  4139  7492 D         : oem_qmi_lib:output 0
08-15 17:17:49.443  4139  7492 D         : oem_qmi_lib:rapi_event_type=10057, qmi_ret=0, return_status=1. 
08-15 17:17:49.450  3739  3739 D ScreenOnOffReceiver: Received intent: Intent { act=android.intent.action.SCREEN_OFF flg=0x50000010 }.
08-15 17:17:49.451  3739  3739 D Coffee-OneTimeAuthTrustlet: screen off
08-15 17:17:49.452  3739  3739 D Coffee-OneTimeAuthTrustlet: screen off
08-15 17:17:49.452  3739  3739 D Coffee-OneTimeAuthTrustlet: screen off
08-15 17:17:49.474  1003  3347 I PowerManagerService: Waking up from dozing (uid 1000)...
08-15 17:17:49.486  1003  1187 I DisplayPowerController: Blocking screen on until initial contents have been drawn.
08-15 17:17:49.488  8817  8817 W mdss_fb0: type=1400 audit(0.0:8737): avc: granted { setsched } for scontext=u:r:kernel:s0 tcontext=u:r:kernel:s0 tclass=process
08-15 17:17:49.489  1003  1175 I DisplayManagerService: Display device changed state: "Built-in Screen", ON
08-15 17:17:49.491  3739 13195 D BluetoothAdapter: stopLeScan()
08-15 17:17:49.493  3739 13195 D BluetoothAdapter: STATE_ON
08-15 17:17:49.494  5082  5136 D BtGatt.GattService: stopScan() - queue size =1
08-15 17:17:49.495  5082  5109 D BtGatt.ScanManager: stop scan
08-15 17:17:49.496  5082  5093 D BtGatt.GattService: unregisterClient() - clientIf=5
08-15 17:17:49.496  3739 13195 I BeaconBle: Scan : No clients left, canceling alarm.
08-15 17:17:49.520 25600 25613 D QcrilMsgTunnelSocket: readRilMessage: Buffer = [B@d1bb5f8 HexData = [01000000040400001c000000514f454d484f4f4b132009000c000000080000008600000094160000]
08-15 17:17:49.520 25600 25613 D QcrilMsgTunnelSocket: Rcvd UNSOL response with 36 bytes data for SUB0
08-15 17:17:49.520 25600 25613 D QcrilMsgTunnelSocket: RF_Band_Info recv 
08-15 17:17:49.520 25600 25613 D QcrilMsgTunnelSocket: Broadcaseting RadioInfo : 8ActiveBand : 134ActiveChannel : 5780
08-15 17:17:49.520 25600 25613 D QcrilMsgTunnelSocket: Broadcasting intent broadcastRfBandInfo
08-15 17:17:49.528 27081 27124 I MIPIManagerFlow: checkIfMatchRules:radioIf:8,activeBand:134,activeChannel:5780
08-15 17:17:49.529 27081 27124 E SarMIPIManager: handleMIPI:not match,use the default MIPI:454
08-15 17:17:49.529 27081 27124 I QcRilHookFlow: invoke the qcRilSetMipiFreq method,Mipi:908000000
08-15 17:17:49.529 27081 27124 D QC_RIL_OEM_HOOK: qcRilSetMipiFreq: clkrate : 908000000
08-15 17:17:49.529 27081 27124 V QC_RIL_OEM_HOOK: sendRilOemHookMsgAsync: Outgoing Data is 514f454d484f4f4b142009000400000000fb1e36
08-15 17:17:49.530 25600 25600 D QcrilMsgTunnelIfaceManager: handleMessage what = 3
08-15 17:17:49.530 25600 25600 D QcrilMsgTunnelSocket: [1009] > OEM_HOOK_RAW[514f454d484f4f4b142009000400000000fb1e36]
08-15 17:17:49.532 25600 25613 D QcrilMsgTunnelSocket: readRilMessage: Buffer = [B@d1bb5f8 HexData = [00000000f103000000000000ffffffff]
08-15 17:17:49.533 25600 25613 D QcrilMsgTunnelSocket: Rcvd SOLICITED response with 12 bytes data for SUB0
08-15 17:17:49.533 25600 25613 D QcrilMsgTunnelSocket: [1009] < OEM_HOOK_RAW [null]
08-15 17:17:49.533 25600 25600 D QcrilMsgTunnelIfaceManager: handleMessage what = 4
08-15 17:17:49.534 27081  4371 D QC_RIL_OEM_HOOK: qcRilSetMipiFreq DONE!
08-15 17:17:49.553  5082  5104 D BtGatt.GattService: onScanFilterParamsConfigured() - clientIf=5, status=0, action=1, availableSpace=32
08-15 17:17:49.553  5082  5104 D BtGatt.ScanManager: callback done for clientIf - 5 status - 0
08-15 17:17:49.553  5082  5109 D BtGatt.ScanManager: configureRegularScanParams() - queue=0
08-15 17:17:49.553  5082  5109 D BtGatt.ScanManager: configureRegularScanParams() - ScanSetting Scan mode=-2147483648 mLastConfiguredScanSetting=2
08-15 17:17:49.553  5082  5109 D BtGatt.ScanManager: configureRegularScanParams() - queue emtpy, scan stopped
08-15 17:17:49.563 29146 29331 D audio_hw_primary: adev_set_parameters: enter: screen_state=on
08-15 17:17:49.569  1003  1187 I DisplayPowerController: Unblocked screen on after 83 ms
08-15 17:17:49.570  1003  1187 I DreamManagerService: Gently waking up from dream.
08-15 17:17:49.574  1003  1013 I DreamManagerService: Leaving dreamland.
08-15 17:17:49.574  1003  1018 I DreamController: Stopping dream: name=ComponentInfo{com.android.systemui/com.android.systemui.doze.DozeService}, isTest=false, canDoze=true, userId=0
08-15 17:17:49.575  1003  4168 I chatty  : uid=1000(system) Binder_8 expire 1 line
08-15 17:17:49.580  4106  4319 D BrcmNfcJni: RoutingManager::nfaEeCallback: NFA_EE_SET_TECH_CFG_EVT; status=0x0
08-15 17:17:49.580  4106  4319 D BrcmNfcJni: RoutingManager::nfaEeCallback: NFA_EE_SET_PROTO_CFG_EVT; status=0x0
08-15 17:17:49.581  4106 12898 D BrcmNfcJni: RoutingManager::commitRouting
08-15 17:17:49.581  4106  4319 D BrcmNfcJni: RoutingManager::nfaEeCallback: NFA_EE_UPDATED_EVT
08-15 17:17:49.589  4139  7492 D ScreenStateRecorder : ScreenStateRecorderHandler, handleMessage msg.what = 1
08-15 17:17:49.589  4139  7492 D         : oem_qmi_lib:come into oem_qmi_common_stream_from_modem_len --->modem 
08-15 17:17:49.589  4139  7492 D         : oem_qmi_lib:oem_qmi_cmd: Send to server  passed!!
08-15 17:17:49.589   525  1357 D         : oem-qmi: Connection accepted
08-15 17:17:49.589   525  1357 D         : oem-qmi: Waiting to accept connection
08-15 17:17:49.590  4139  7492 D         : oem_qmi_lib:output 0
08-15 17:17:49.590  4139  7492 D         : oem_qmi_lib:rapi_event_type=10057, qmi_ret=0, return_status=1. 
08-15 17:17:49.595  3739  3739 D ScreenOnOffReceiver: Received intent: Intent { act=android.intent.action.SCREEN_ON flg=0x50000010 }.
08-15 17:17:49.607  3739 13195 D BluetoothAdapter: startLeScan(): null
08-15 17:17:49.609  3739 13195 D BluetoothAdapter: STATE_ON
08-15 17:17:49.611  5082  5093 D BtGatt.GattService: registerClient() - UUID=85a0deda-0cab-4c83-a609-ee9a095041ff
08-15 17:17:49.611  5082  5104 D BtGatt.GattService: onClientRegistered() - UUID=85a0deda-0cab-4c83-a609-ee9a095041ff, clientIf=5
08-15 17:17:49.612  3739  5466 D BluetoothLeScanner: onClientRegistered() - status=0 clientIf=5
08-15 17:17:49.612  5082  5135 D BtGatt.GattService: start scan with filters
08-15 17:17:49.615  5082  5109 D BtGatt.ScanManager: handling starting scan
08-15 17:17:49.623  5082  5104 D BtGatt.GattService: onScanFilterEnableDisabled() - clientIf=5, status=0, action=1
08-15 17:17:49.623  5082  5104 D BtGatt.ScanManager: callback done for clientIf - 5 status - 0
08-15 17:17:49.623  5082  5109 D BtGatt.ScanManager: configureFilterParamter 500 10000 1 0
08-15 17:17:49.631  5082  5104 D BtGatt.GattService: onScanFilterParamsConfigured() - clientIf=5, status=0, action=0, availableSpace=31
08-15 17:17:49.631  5082  5104 D BtGatt.ScanManager: callback done for clientIf - 5 status - 0
08-15 17:17:49.631  5082  5109 D BtGatt.ScanManager: configureRegularScanParams() - queue=1
08-15 17:17:49.631  5082  5109 D BtGatt.ScanManager: configureRegularScanParams() - ScanSetting Scan mode=2 mLastConfiguredScanSetting=-2147483648
08-15 17:17:49.631  5082  5109 D BtGatt.ScanManager: configureRegularScanParams - scanInterval = 8000configureRegularScanParams - scanWindow = 8000
08-15 17:17:49.631  5082  5104 D BtGatt.GattService: onScanParamSetupCompleted : 0
08-15 17:17:49.645  8859  8859 W irq/504-synapti: type=1400 audit(0.0:8738): avc: granted { setsched } for scontext=u:r:kernel:s0 tcontext=u:r:kernel:s0 tclass=process
08-15 17:17:51.033  3449  3449 D PhoneStatusBar: disable: < expand ICONS alerts SYSTEM_INFO back HOME RECENT clock SEARCH quick_settings >
08-15 17:17:51.116  3449  3449 D PhoneStatusBar: disable: < expand ICONS alerts SYSTEM_INFO back HOME RECENT clock SEARCH quick_settings >
08-15 17:17:51.124  3739 13195 D BluetoothAdapter: stopLeScan()
08-15 17:17:51.126  3739 13195 D BluetoothAdapter: STATE_ON
08-15 17:17:51.126  5082  5094 D BtGatt.GattService: stopScan() - queue size =1
08-15 17:17:51.127  5082  5109 D BtGatt.ScanManager: stop scan
08-15 17:17:51.127  5082  1452 D BtGatt.GattService: unregisterClient() - clientIf=5
08-15 17:17:51.145  5082  5104 D BtGatt.GattService: onScanFilterParamsConfigured() - clientIf=5, status=0, action=1, availableSpace=32
08-15 17:17:51.145  5082  5104 D BtGatt.ScanManager: callback done for clientIf - 5 status - 0
08-15 17:17:51.145  5082  5109 D BtGatt.ScanManager: configureRegularScanParams() - queue=0
08-15 17:17:51.146  5082  5109 D BtGatt.ScanManager: configureRegularScanParams() - ScanSetting Scan mode=-2147483648 mLastConfiguredScanSetting=2
08-15 17:17:51.146  5082  5109 D BtGatt.ScanManager: configureRegularScanParams() - queue emtpy, scan stopped
08-15 17:17:51.302  3739 13195 D BluetoothAdapter: startLeScan(): null
08-15 17:17:51.305  3739 13195 D BluetoothAdapter: STATE_ON
08-15 17:17:51.308  5082  1452 D BtGatt.GattService: registerClient() - UUID=52c42839-a852-42c0-acf6-f1e28190d3cd
08-15 17:17:51.308  5082  5104 D BtGatt.GattService: onClientRegistered() - UUID=52c42839-a852-42c0-acf6-f1e28190d3cd, clientIf=5
08-15 17:17:51.308  3739  5467 D BluetoothLeScanner: onClientRegistered() - status=0 clientIf=5
08-15 17:17:51.309  5082  5136 D BtGatt.GattService: start scan with filters
08-15 17:17:51.311  5082  5109 D BtGatt.ScanManager: handling starting scan
08-15 17:17:51.321  5082  5104 D BtGatt.GattService: onScanFilterEnableDisabled() - clientIf=5, status=0, action=1
08-15 17:17:51.321  5082  5104 D BtGatt.ScanManager: callback done for clientIf - 5 status - 0
08-15 17:17:51.322  5082  5109 D BtGatt.ScanManager: configureFilterParamter 500 10000 1 0
08-15 17:17:51.329  5082  5104 D BtGatt.GattService: onScanFilterParamsConfigured() - clientIf=5, status=0, action=0, availableSpace=31
08-15 17:17:51.329  5082  5104 D BtGatt.ScanManager: callback done for clientIf - 5 status - 0
08-15 17:17:51.330  5082  5109 D BtGatt.ScanManager: configureRegularScanParams() - queue=1
08-15 17:17:51.330  5082  5109 D BtGatt.ScanManager: configureRegularScanParams() - ScanSetting Scan mode=2 mLastConfiguredScanSetting=-2147483648
08-15 17:17:51.330  5082  5109 D BtGatt.ScanManager: configureRegularScanParams - scanInterval = 8000configureRegularScanParams - scanWindow = 8000
08-15 17:17:51.330  5082  5104 D BtGatt.GattService: onScanParamSetupCompleted : 0
08-15 17:17:52.820  3739 13195 D BluetoothAdapter: stopLeScan()
08-15 17:17:52.822  3739 13195 D BluetoothAdapter: STATE_ON
08-15 17:17:52.822  5082  5094 D BtGatt.GattService: stopScan() - queue size =1
08-15 17:17:52.823  5082  1452 D BtGatt.GattService: unregisterClient() - clientIf=5
08-15 17:17:52.823  5082  5109 D BtGatt.ScanManager: stop scan
08-15 17:17:52.843  5082  5104 D BtGatt.GattService: onScanFilterParamsConfigured() - clientIf=5, status=0, action=1, availableSpace=32
08-15 17:17:52.843  5082  5104 D BtGatt.ScanManager: callback done for clientIf - 5 status - 0
08-15 17:17:52.843  5082  5109 D BtGatt.ScanManager: configureRegularScanParams() - queue=0
08-15 17:17:52.843  5082  5109 D BtGatt.ScanManager: configureRegularScanParams() - ScanSetting Scan mode=-2147483648 mLastConfiguredScanSetting=2
08-15 17:17:52.843  5082  5109 D BtGatt.ScanManager: configureRegularScanParams() - queue emtpy, scan stopped
08-15 17:17:52.997  3739 13195 D BluetoothAdapter: startLeScan(): null
08-15 17:17:52.998  3739 13195 D BluetoothAdapter: STATE_ON
08-15 17:17:53.000  5082  1452 D BtGatt.GattService: registerClient() - UUID=132853c4-18d1-42e5-91a2-e14e506077e0
08-15 17:17:53.001  5082  5104 D BtGatt.GattService: onClientRegistered() - UUID=132853c4-18d1-42e5-91a2-e14e506077e0, clientIf=5
08-15 17:17:53.001  3739  5466 D BluetoothLeScanner: onClientRegistered() - status=0 clientIf=5
08-15 17:17:53.002  5082  5136 D BtGatt.GattService: start scan with filters
08-15 17:17:53.005  5082  5109 D BtGatt.ScanManager: handling starting scan
08-15 17:17:53.012  5082  5104 D BtGatt.GattService: onScanFilterEnableDisabled() - clientIf=5, status=0, action=1
08-15 17:17:53.013  5082  5104 D BtGatt.ScanManager: callback done for clientIf - 5 status - 0
08-15 17:17:53.013  5082  5109 D BtGatt.ScanManager: configureFilterParamter 500 10000 1 0
08-15 17:17:53.020  5082  5104 D BtGatt.GattService: onScanFilterParamsConfigured() - clientIf=5, status=0, action=0, availableSpace=31
08-15 17:17:53.020  5082  5104 D BtGatt.ScanManager: callback done for clientIf - 5 status - 0
08-15 17:17:53.020  5082  5109 D BtGatt.ScanManager: configureRegularScanParams() - queue=1
08-15 17:17:53.020  5082  5109 D BtGatt.ScanManager: configureRegularScanParams() - ScanSetting Scan mode=2 mLastConfiguredScanSetting=-2147483648
08-15 17:17:53.020  5082  5109 D BtGatt.ScanManager: configureRegularScanParams - scanInterval = 8000configureRegularScanParams - scanWindow = 8000
08-15 17:17:53.020  5082  5104 D BtGatt.GattService: onScanParamSetupCompleted : 0
08-15 17:17:54.513  3739 13195 D BluetoothAdapter: stopLeScan()
08-15 17:17:54.514  3739 13195 D BluetoothAdapter: STATE_ON
08-15 17:17:54.515  5082  5094 D BtGatt.GattService: stopScan() - queue size =1
08-15 17:17:54.517  5082  5109 D BtGatt.ScanManager: stop scan
08-15 17:17:54.517  5082  1452 D BtGatt.GattService: unregisterClient() - clientIf=5
08-15 17:17:54.537  5082  5104 D BtGatt.GattService: onScanFilterParamsConfigured() - clientIf=5, status=0, action=1, availableSpace=32
08-15 17:17:54.538  5082  5104 D BtGatt.ScanManager: callback done for clientIf - 5 status - 0
08-15 17:17:54.538  5082  5109 D BtGatt.ScanManager: configureRegularScanParams() - queue=0
08-15 17:17:54.538  5082  5109 D BtGatt.ScanManager: configureRegularScanParams() - ScanSetting Scan mode=-2147483648 mLastConfiguredScanSetting=2
08-15 17:17:54.538  5082  5109 D BtGatt.ScanManager: configureRegularScanParams() - queue emtpy, scan stopped
08-15 17:17:54.690  3739 13195 D BluetoothAdapter: startLeScan(): null
08-15 17:17:54.692  3739 13195 D BluetoothAdapter: STATE_ON
08-15 17:17:54.693  5082  1452 D BtGatt.GattService: registerClient() - UUID=44a0514c-7d46-44b6-a196-63df75335590
08-15 17:17:54.694  5082  5104 D BtGatt.GattService: onClientRegistered() - UUID=44a0514c-7d46-44b6-a196-63df75335590, clientIf=5
