08-15 16:01:26.224  1003  1016 I ActivityManager: Waited long enough for: ServiceRecord{c903759 u0 com.facebook.katana/com.facebook.backgroundlocation.reporting.BackgroundLocationReportingGcmUploadSchedulerService}
08-15 16:01:27.158  1003  1015 I UsageStatsService: Time changed in UsageStats by -2 seconds
08-15 16:01:27.159  1003  1015 I UsageStatsService: User[0] Flushing usage stats to disk
08-15 16:01:27.185  1003  1016 I ActivityManager: Start proc 30102:com.qualcomm.timeservice/1000 for broadcast com.qualcomm.timeservice/.TimeServiceBroadcastReceiver
08-15 16:01:27.211  1003  1003 I ActivityManager: Start proc 30110:com.android.providers.calendar/u0a1 for content provider com.android.providers.calendar/.CalendarProvider2
08-15 16:01:27.349  1003  3371 D ConnectivityService: notifyType CAP_CHANGED for NetworkAgentInfo [MOBILE (LTE) - 108]
08-15 16:01:27.360  1003  3371 D ConnectivityService: Setting tx/rx TCP buffers to 131072,262144,1452032,4096,16384,399360
08-15 16:01:27.443  1003  1015 I UsageStatsDatabase: Time changed by -2s347ms. files deleted: 0 files moved: 105
08-15 16:01:27.460  1003  1015 I UsageStatsService: User[0] Rollover scheduled @ 2016-08-15 17:00:00(1471305600000)
08-15 16:01:27.504  1003  3371 D ConnectivityService: notifyType IP_CHANGED for NetworkAgentInfo [MOBILE (HSPA) - 108]
08-15 16:01:27.569  1003  4313 I ActivityManager: Start proc 30155:com.google.android.deskclock/u0a66 for broadcast com.google.android.deskclock/com.android.deskclock.AlarmInitReceiver
08-15 16:01:28.537  1003  4564 I ActivityManager: Start proc 30172:com.google.android.calendar/u0a36 for broadcast com.google.android.calendar/com.android.calendar.widget.CalendarAppWidgetProvider
08-15 16:01:29.095  1003  3796 I ActivityManager: Start proc 30197:com.htc.videocenter/u0a101 for broadcast com.htc.videohub.ui/.TimeChangedReceiver
08-15 16:01:29.308  1003  4418 I ActivityManager: Start proc 30212:com.htc.sense.hsp/u0a103 for broadcast com.htc.sense.hsp/.activeservice.DeviceEventReceiver
08-15 16:01:29.610  1003  4564 I ActivityManager: Start proc 30227:com.google.android.keep/u0a83 for broadcast com.google.android.keep/.notification.AlertReceiver
08-15 16:01:29.999  1003 23729 I ActivityManager: Start proc 30240:com.android.cellbroadcastreceiver/u0a4 for broadcast com.android.cellbroadcastreceiver/.CellBroadcastReceiver
08-15 16:01:30.088  1003  3370 D WifiService: Client connection lost with reason: 4
08-15 16:01:30.094  1003  4016 I ActivityManager: Process com.landlordgame.tycoon (pid 3496) has died
08-15 16:01:30.097  1003  1013 W BroadcastQueue: Permission Denial: broadcasting Intent { act=android.intent.action.SERVICE_STATE flg=0x10 (has extras) } from android (pid=4139, uid=1001) requires com.htc.sense.permission.APP_HSP due to receiver com.htc.sense.hsp/.weather.location.HtcNLPSwitchReceiver
08-15 16:01:30.101  1003  4418 W BroadcastQueue: Permission Denial: broadcasting Intent { act=android.intent.action.SERVICE_STATE flg=0x10 (has extras) } from android (pid=4139, uid=1001) requires com.htc.sense.permission.APP_HSP due to receiver com.htc.sense.hsp/.weather.location.HtcNLPSwitchReceiver
08-15 16:01:30.115  1003  1016 I ActivityManager: Start proc 30255:com.guidebook.android/u0a144 for broadcast com.guidebook.android/com.layer.sdk.services.LayerReceiver
08-15 16:01:31.160  1003  4016 I ActivityManager: Process com.google.android.calendar (pid 30172) has died
08-15 16:01:31.335  1003  4566 I ActivityManager: Process com.google.android.deskclock (pid 30155) has died
08-15 16:01:31.382  1003  1016 W ProcessCpuTracker: Skipping unknown process pid 30155
08-15 16:01:31.395  1003 32307 I ActivityManager: Process com.google.process.gapps (pid 3802) has died
08-15 16:01:31.720   507 30069 W SocketClient: write error (Broken pipe)
08-15 16:01:31.910  1003  4564 I ActivityManager: Process com.google.android.keep (pid 30227) has died
08-15 16:01:32.363  1003  3816 I ActivityManager: Process com.htc.videocenter (pid 30197) has died
08-15 16:01:32.365  1003  1013 I ActivityManager: Process com.htc.sense.hsp (pid 30212) has died
08-15 16:01:32.680  1003  4565 I ActivityManager: Start proc 30323:com.yik.yak/u0a116 for broadcast com.yik.yak/com.layer.sdk.services.LayerReceiver
08-15 16:01:33.306  1003  3468 I ActivityManager: Start proc 30363:com.google.android.deskclock/u0a66 for broadcast com.google.android.deskclock/com.android.deskclock.AlarmInitReceiver
08-15 16:01:33.501  1003  4313 I ActivityManager: Process com.guidebook.android (pid 30255) has died
08-15 16:01:33.654  1003  3468 I ActivityManager: Start proc 30385:com.google.android.calendar/u0a36 for broadcast com.google.android.calendar/com.android.calendar.widget.CalendarAppWidgetProvider
08-15 16:01:33.940  1003  3468 I ActivityManager: Start proc 30401:com.google.process.gapps/u0a12 for content provider com.google.android.gsf/.gservices.GservicesProvider
08-15 16:01:34.332  1003  3440 I ActivityManager: Start proc 30427:com.htc.videocenter/u0a101 for broadcast com.htc.videohub.ui/.TimeChangedReceiver
08-15 16:01:34.580  1003  3796 I ActivityManager: Start proc 30442:com.htc.sense.hsp/u0a103 for broadcast com.htc.sense.hsp/.activeservice.DeviceEventReceiver
08-15 16:01:34.903  1003  3440 I ActivityManager: Start proc 30459:com.google.android.keep/u0a83 for broadcast com.google.android.keep/.notification.AlertReceiver
08-15 16:01:35.627  1003  3440 I ActivityManager: Start proc 30478:com.landlordgame.tycoon/u0a125 for broadcast com.landlordgame.tycoon/com.landlordgame.app.BootReceiver
08-15 16:01:36.287  1003  4016 I ActivityManager: Process com.yik.yak (pid 30323) has died
08-15 16:01:36.558  1003  4016 W AlarmManager: Suspiciously short interval 30000 millis; expanding to 60 seconds
08-15 16:01:40.478  1003  4417 D WifiService: acquireWifiLockLocked: WifiLock{NlpWifiLock type=2 binder=android.os.BinderProxy@e79626f}
08-15 16:01:40.519  1003  4564 D WifiService: releaseWifiLockLocked: WifiLock{NlpWifiLock type=2 binder=android.os.BinderProxy@e79626f}
08-15 16:02:27.987  1003  4417 W BroadcastQueue: Permission Denial: broadcasting Intent { act=android.intent.action.SERVICE_STATE flg=0x10 (has extras) } from android (pid=4139, uid=1001) requires com.htc.sense.permission.APP_HSP due to receiver com.htc.sense.hsp/.weather.location.HtcNLPSwitchReceiver
08-15 16:02:27.997  1003  3371 D ConnectivityService: notifyType CAP_CHANGED for NetworkAgentInfo [MOBILE (HSPA) - 108]
08-15 16:02:28.001  1003  3371 D ConnectivityService: NetworkAgentInfo [MOBILE (UNKNOWN) - 108] EVENT_NETWORK_INFO_CHANGED, going from CONNECTED to SUSPENDED
08-15 16:02:28.009  1003  3371 D ConnectivityService: notifyType UNKNOWN for NetworkAgentInfo [MOBILE (UNKNOWN) - 108]
08-15 16:02:28.012  1003  3371 D CSLegacyTypeTracker: Sending SUSPENDED broadcast for type 0 NetworkAgentInfo [MOBILE (UNKNOWN) - 108] isDefaultNetwork=true
08-15 16:02:28.049  1003  1016 I ActivityManager: Start proc 30661:com.guidebook.android/u0a144 for broadcast com.guidebook.android/com.layer.sdk.services.LayerReceiver
08-15 16:02:28.058  1003  3371 D ConnectivityService: sendStickyBroadcast: action=android.net.conn.CONNECTIVITY_CHANGE
08-15 16:02:28.062  1003  3371 D ConnectivityService: Invalid tcpBufferSizes string: null, using defaults
08-15 16:02:28.062  1003  3371 D ConnectivityService: Setting tx/rx TCP buffers to 4096,87380,110208,4096,16384,110208
08-15 16:02:28.133  1003  3371 D ConnectivityService: notifyType IP_CHANGED for NetworkAgentInfo [MOBILE (UNKNOWN) - 108]
08-15 16:02:28.797  1003  4016 I ActivityManager: Process com.landlordgame.tycoon (pid 30478) has died
08-15 16:02:31.281  1003  4417 I ActivityManager: Process com.google.android.calendar (pid 30385) has died
08-15 16:02:31.731  1003  1013 I ActivityManager: Process com.google.android.deskclock (pid 30363) has died
08-15 16:02:31.741  1003 32307 I ActivityManager: Process com.qualcomm.timeservice (pid 30102) has died
08-15 16:02:32.138  1003  4016 I ActivityManager: Start proc 30730:com.yik.yak/u0a116 for broadcast com.yik.yak/com.layer.sdk.services.LayerReceiver
08-15 16:02:32.732  1003  3816 I ActivityManager: Start proc 30770:com.google.android.music:main/u0a59 for broadcast com.google.android.music/.tutorial.SignupStatus$NetworkChangedReceiver
08-15 16:02:32.784  1003  1013 I ActivityManager: Process com.htc.sense.hsp (pid 30442) has died
08-15 16:02:32.785  1003  3468 I ActivityManager: Process com.google.android.keep (pid 30459) has died
08-15 16:02:33.324 30770 30770 W ActivityThread: ClassLoader.loadClass: The class loader returned by Thread.getContextClassLoader() may fail for processes that host multiple applications. You should explicitly specify a context class loader. For example: Thread.setContextClassLoader(getClass().getClassLoader());
08-15 16:02:33.585  1003  4417 I ActivityManager: Process com.guidebook.android (pid 30661) has died
08-15 16:02:34.207  1003  1013 I ActivityManager: Start proc 30795:android.process.media/u0a8 for broadcast com.android.providers.downloads/.DownloadReceiver
08-15 16:02:34.573  1003 23729 I ActivityManager: Start proc 30827:com.android.sdm.plugins.sprintdm/1001 for broadcast com.android.sdm.plugins.sprintdm/.SprintDMReceiver
08-15 16:02:34.762  1003  4564 D ConnectivityService: reportNetworkConnectivity(108, false) by 10012
08-15 16:02:34.790  1003  3440 I ActivityManager: Start proc 30843:com.google.android.apps.photos/u0a62 for broadcast com.google.android.apps.photos/.actionqueue.SystemReceiver
08-15 16:02:35.789  1003  4566 I ActivityManager: Start proc 30856:com.guidebook.android/u0a144 for broadcast com.guidebook.android/com.layer.sdk.services.LayerReceiver
08-15 16:02:36.731  1003  4566 I ActivityManager: Process com.android.cellbroadcastreceiver (pid 30240) has died
08-15 16:02:36.738  1003 32307 I ActivityManager: Process com.htc.videocenter (pid 30427) has died
08-15 16:02:37.082  1003  4418 I ActivityManager: Process com.yik.yak (pid 30730) has died
08-15 16:02:37.631  1003  3816 I ActivityManager: Process com.android.sdm.plugins.sprintdm (pid 30827) has died
08-15 16:02:37.641  1003  4564 I ActivityManager: Process android.process.media (pid 30795) has died
08-15 16:02:37.944  1003  3468 I ActivityManager: Start proc 30903:com.nianticlabs.pokemongo/u0a131 for broadcast com.nianticlabs.pokemongo/com.upsight.android.analytics.internal.dispatcher.schema.NetworkChangeBroadcastReceiver
08-15 16:02:38.441  1003  4564 I ActivityManager: Start proc 30923:com.yik.yak/u0a116 for broadcast com.yik.yak/com.layer.sdk.services.LayerReceiver
08-15 16:02:38.854  1003  4564 I ActivityManager: Process com.guidebook.android (pid 30856) has died
08-15 16:02:38.887  1003  4566 I ActivityManager: Start proc 30964:com.google.android.apps.plus/u0a84 for broadcast com.google.android.apps.plus/com.google.android.libraries.social.autobackup.AutoBackupEnvironment$ConnectivityReceiver
08-15 16:02:39.263  1003  4016 I ActivityManager: Start proc 30983:android.process.media/u0a8 for content provider com.android.providers.media/.MediaProvider
08-15 16:02:40.103  1003  4417 D CryptdConnector: SND -> {52 cryptfs cryptocomplete}
08-15 16:02:40.112   349   388 I Ext4Crypt: ext4 crypto complete called on /data
08-15 16:02:40.114   349   388 I Ext4Crypt: No master key, so not ext4enc
08-15 16:02:40.116  1003  3351 D CryptdConnector: RCV <- {200 52 0}
08-15 16:02:40.117  1003  4417 D CryptdConnector: SND -> {53 cryptfs getpwtype}
08-15 16:02:40.118   349   388 D VoldCryptCmdListener: cryptfs getpwtype
08-15 16:02:40.118   349   388 I Ext4Crypt: ext4 crypto complete called on /data
08-15 16:02:40.118   349   388 I Ext4Crypt: No master key, so not ext4enc
08-15 16:02:40.119  1003  3351 D CryptdConnector: RCV <- {213 53 default}
08-15 16:02:40.123  1003  3796 W ActivityManager: Permission Denial: opening provider com.android.providers.contacts.ContactsProvider2 from ProcessRecord{aa8e18c 30964:com.google.android.apps.plus/u0a84} (pid=30964, uid=10084) requires android.permission.READ_CONTACTS or android.permission.WRITE_CONTACTS
08-15 16:02:40.153  1003  3816 I ActivityManager: Start proc 31010:com.twitter.android/u0a102 for broadcast com.twitter.android/.alerts.receivers.ConnectivityChangedReceiver
08-15 16:02:40.179  1003  4417 W ActivityManager: Permission Denial: opening provider com.android.providers.contacts.ContactsProvider2 from ProcessRecord{aa8e18c 30964:com.google.android.apps.plus/u0a84} (pid=30964, uid=10084) requires android.permission.READ_CONTACTS or android.permission.WRITE_CONTACTS
08-15 16:02:40.194  1003  4564 W ActivityManager: Permission Denial: opening provider com.android.providers.contacts.ContactsProvider2 from ProcessRecord{aa8e18c 30964:com.google.android.apps.plus/u0a84} (pid=30964, uid=10084) requires android.permission.READ_CONTACTS or android.permission.WRITE_CONTACTS
08-15 16:02:42.132  1003  4417 W ActivityManager: Unable to start service Intent { act=com.twitter.intent.action.GET_OEM cmp=com.twitter.twitteroemhelper/.OemHelperService } U=0: not found
08-15 16:02:42.416  1003  4313 I ActivityManager: Start proc 31067:com.google.android.apps.magazines/u0a99 for broadcast com.google.android.apps.magazines/com.google.apps.dots.android.newsstand.appwidget.NewsWidgetProvider
08-15 16:02:43.471  1003  3468 I ActivityManager: Start proc 31112:com.guidebook.android/u0a144 for broadcast com.guidebook.android/com.layer.sdk.services.LayerReceiver
08-15 16:02:43.714  1003  4566 I ActivityManager: Process com.yik.yak (pid 30923) has died
08-15 16:02:44.664  1003  4168 I ActivityManager: Process com.google.android.apps.photos (pid 30843) has died
08-15 16:02:45.297  1003  3440 I ActivityManager: Process com.twitter.android (pid 31010) has died
08-15 16:02:46.043  1003  3796 W ActivityManager: Permission Denial: Accessing service ComponentInfo{com.google.android.music/com.google.android.music.dial.DialMediaRouteProviderService} from pid=25790, uid=10058 that is not exported from uid 10059
08-15 16:02:46.047  1003  3440 W ActivityManager: Permission Denial: Accessing service ComponentInfo{com.google.android.music/com.google.android.music.dial.DialMediaRouteProviderService} from pid=25094, uid=10107 that is not exported from uid 10059
08-15 16:02:46.066  1003  4313 W ActivityManager: Permission Denial: Accessing service ComponentInfo{com.google.android.music/com.google.android.music.dial.DialMediaRouteProviderService} from pid=27431, uid=10106 that is not exported from uid 10059
08-15 16:02:47.248  1003 32307 I ActivityManager: Start proc 31165:com.yik.yak/u0a116 for broadcast com.yik.yak/com.layer.sdk.services.LayerReceiver
08-15 16:02:49.067  1003  3816 I ActivityManager: Start proc 31213:com.google.android.apps.photos/u0a62 for broadcast com.google.android.apps.photos/.actionqueue.InternalReceiver
08-15 16:02:50.037  1003  3440 D WifiService: acquireWifiLockLocked: WifiLock{NlpWifiLock type=2 binder=android.os.BinderProxy@f90a6d0}
08-15 16:02:50.065  1003  4168 I ActivityManager: Start proc 31236:android.process.acore/u0a2 for broadcast com.android.providers.contacts/.PackageIntentReceiver
08-15 16:02:50.094  1003  4417 D WifiService: releaseWifiLockLocked: WifiLock{NlpWifiLock type=2 binder=android.os.BinderProxy@f90a6d0}
08-15 16:02:50.419  1003  1014 I ActivityManager: Start proc 31258:com.android.vending/u0a22 for broadcast com.android.vending/com.google.android.finsky.receivers.PackageMonitorReceiver$RegisteredReceiver
08-15 16:02:50.964  1003  3371 D ConnectivityService: notifyType CAP_CHANGED for NetworkAgentInfo [MOBILE (UNKNOWN) - 108]
08-15 16:02:50.969  1003  3371 D ConnectivityService: NetworkAgentInfo [MOBILE (HSPA) - 108] EVENT_NETWORK_INFO_CHANGED, going from SUSPENDED to CONNECTED
08-15 16:02:50.969  1003  3371 D ConnectivityService: notifyType UNKNOWN for NetworkAgentInfo [MOBILE (HSPA) - 108]
08-15 16:02:50.973  1003  3371 D CSLegacyTypeTracker: Sending CONNECTED broadcast for type 0 NetworkAgentInfo [MOBILE (HSPA) - 108] isDefaultNetwork=true
08-15 16:02:50.973  1003  3371 D ConnectivityService: sendStickyBroadcast: action=android.net.conn.CONNECTIVITY_CHANGE
08-15 16:02:50.975  1003  3371 D ConnectivityService: Setting tx/rx TCP buffers to 131072,262144,1452032,4096,16384,399360
08-15 16:02:50.997  1003  3371 D ConnectivityService: notifyType IP_CHANGED for NetworkAgentInfo [MOBILE (HSPA) - 108]
08-15 16:02:51.180   507 30721 W SocketClient: write error (Broken pipe)
08-15 16:02:51.262  1003  1014 D WifiService: acquireWifiLockLocked: WifiLock{NlpWifiLock type=2 binder=android.os.BinderProxy@b596af5}
08-15 16:02:51.560  1003  3468 I ActivityManager: Start proc 31330:com.google.android.keep/u0a83 for service com.google.android.keep/.service.ExperimentConfigInitService
08-15 16:02:51.980  1003  4564 I ActivityManager: Start proc 31359:com.google.android.gm/u0a68 for content provider com.google.android.gm/com.android.exchange.provider.ExchangeDirectoryProvider
08-15 16:02:52.097  1003  1015 I ActivityManager: Start proc 31378:com.whatsapp/u0a104 for service com.whatsapp/.contact.sync.ContactsSyncAdapterService
08-15 16:02:52.670   507 30763 W SocketClient: write error (Broken pipe)
08-15 16:02:53.339 31359 31431 D ActivityThread: Loading provider com.google.android.gmail.provider;com.android.mail.notifier;com.google.android.gm.email.provider;com.google.android.gm.email.notifier: com.android.email.provider.EmailProvider
08-15 16:02:53.531  1003  4417 I ActivityManager: Start proc 31439:com.htc.sense.hsp/u0a103 for broadcast com.htc.sense.hsp/.opensense.pluginmanager.RegisterReceiver
08-15 16:02:53.874  1003 32307 I ActivityManager: Start proc 31468:com.google.process.gapps/u0a46 for content provider com.google.android.syncadapters.contacts/.GalProvider
08-15 16:02:54.143  1003  1015 I ActivityManager: Start proc 31500:com.soundcloud.android/u0a139 for service com.soundcloud.android/.sync.SyncAdapterService
08-15 16:02:54.797  1003  3816 I ActivityManager: Start proc 31530:com.android.cellbroadcastreceiver/u0a4 for broadcast com.android.cellbroadcastreceiver/.CellBroadcastReceiver
08-15 16:02:54.848  1003  3371 D ConnectivityService: NetworkAgentInfo [MOBILE (HSPA) - 108] validation failed
08-15 16:02:54.848  1003  3371 D ConnectivityService: notifyType CAP_CHANGED for NetworkAgentInfo [MOBILE (HSPA) - 108]
08-15 16:02:54.859  1003  3371 D ConnectivityService: sendStickyBroadcast: action=android.net.conn.INET_CONDITION_ACTION
08-15 16:02:55.130  1003  3816 W ActivityManager: Unable to start service Intent { cmp=com.google.android.gm.exchange/com.android.exchange.service.EasService } U=0: not found
08-15 16:02:55.394  1003  4168 W BroadcastQueue: Permission Denial: broadcasting Intent { act=android.intent.action.SERVICE_STATE flg=0x10 (has extras) } from android (pid=4139, uid=1001) requires com.htc.sense.permission.APP_HSP due to receiver com.htc.sense.hsp/.weather.location.HtcNLPSwitchReceiver
08-15 16:02:55.469  1003  1014 I ActivityManager: Start proc 31574:com.android.sdm.plugins.sprintdm/1001 for broadcast com.android.sdm.plugins.sprintdm/.SprintDMReceiver
08-15 16:02:55.849  1003  3371 D ConnectivityService: NetworkAgentInfo [MOBILE (HSPA) - 108] validation failed
08-15 16:02:55.991  1003  3468 W ActivityManager: Unable to start service Intent { cmp=com.google.android.gm/com.android.email.service.AttachmentService } U=0: not found
08-15 16:02:56.241  1003  3796 I ActivityManager: Start proc 31663:com.twitter.android/u0a102 for broadcast com.twitter.android/.alerts.receivers.ConnectivityChangedReceiver
08-15 16:02:56.620  1003  3468 W ActivityManager: Permission Denial: Accessing service ComponentInfo{com.google.android.music/com.google.android.music.dial.DialMediaRouteProviderService} from pid=31500, uid=10139 that is not exported from uid 10059
08-15 16:02:59.511  1003  4564 W ActivityManager: Unable to start service Intent { act=com.twitter.intent.action.GET_OEM cmp=com.twitter.twitteroemhelper/.OemHelperService } U=0: not found
08-15 16:03:01.189   507 30893 W SocketClient: write error (Broken pipe)
08-15 16:03:01.192   507 30978 W SocketClient: write error (Broken pipe)
08-15 16:03:02.682   507 31045 W SocketClient: write error (Broken pipe)
08-15 16:03:06.287  1003  4168 D WifiService: releaseWifiLockLocked: WifiLock{NlpWifiLock type=2 binder=android.os.BinderProxy@b596af5}
08-15 16:03:06.385  1003  3796 I ActivityManager: Start proc 31770:com.landlordgame.tycoon/u0a125 for broadcast com.landlordgame.tycoon/com.landlordgame.app.BootReceiver
08-15 16:03:07.322  1003  3468 W AlarmManager: Suspiciously short interval 30000 millis; expanding to 60 seconds
08-15 16:03:17.885  1003  3371 D ConnectivityService: NetworkAgentInfo [MOBILE (HSPA) - 108] validation failed
08-15 16:03:21.352  1003  1016 I ActivityManager: Waited long enough for: ServiceRecord{ea6a78c u0 com.whatsapp/.AlarmService}
08-15 16:03:22.028  1003  4417 I ActivityManager: Killing 31439:com.htc.sense.hsp/u0a103 (adj 15): empty #17
08-15 16:03:22.046  1003  4417 I ActivityManager: Killing 31468:com.google.process.gapps/u0a46 (adj 15): empty #18
08-15 16:03:22.067  1003  4417 I ActivityManager: Killing 31330:com.google.android.keep/u0a83 (adj 15): empty #19
08-15 16:03:22.084  1003  4417 I ActivityManager: Killing 30110:com.android.providers.calendar/u0a1 (adj 15): empty #20
08-15 16:03:41.916  1003  3371 D ConnectivityService: NetworkAgentInfo [MOBILE (HSPA) - 108] validation failed
08-15 16:03:51.112  1003  3440 I ActivityManager: Start proc 31869:com.google.android.keep/u0a83 for service com.google.android.keep/.service.CleanupService
08-15 16:03:51.203  1003  4565 D WifiService: acquireWifiLockLocked: WifiLock{NlpWifiLock type=2 binder=android.os.BinderProxy@d9ca269}
08-15 16:03:51.297  1003  4564 D WifiService: releaseWifiLockLocked: WifiLock{NlpWifiLock type=2 binder=android.os.BinderProxy@d9ca269}
08-15 16:03:52.931  1003  3370 D WifiService: New client listening to asynchronous messages
08-15 16:04:07.643  1003  1016 I ActivityManager: Waited long enough for: ServiceRecord{c521881 u0 com.landlordgame.tycoon/com.foursquare.pilgrim.PilgrimLocationClientFireService}
08-15 16:04:16.644  1003  3371 D ConnectivityService: setProvNotificationVisibleIntent null visible=false networkType=MOBILE extraInfo=null highPriority=false
08-15 16:04:16.644  1003  3371 D ConnectivityService: NetworkAgentInfo [MOBILE (HSPA) - 108] validation  passed
08-15 16:04:16.645  1003  3371 D ConnectivityService: notifyType CAP_CHANGED for NetworkAgentInfo [MOBILE (HSPA) - 108]
08-15 16:04:16.653  1003  3371 D ConnectivityService: sendStickyBroadcast: action=android.net.conn.INET_CONDITION_ACTION
08-15 16:04:23.878  1003  1016 I ActivityManager: Waited long enough for: ServiceRecord{83fb5b2 u0 com.whatsapp/.messaging.MessageService}
08-15 16:04:30.245  1003  1016 I ActivityManager: Start proc 31940:com.google.android.talk/u0a53 for broadcast com.google.android.talk/com.google.android.apps.hangouts.service.broadcastreceiver.GcmStateReceiver
08-15 16:04:30.293  1003  3440 I ActivityManager: Killing 31258:com.android.vending/u0a22 (adj 15): empty #17
08-15 16:04:31.599  1003  1013 I ActivityManager: Killing 31530:com.android.cellbroadcastreceiver/u0a4 (adj 15): empty #17
08-15 16:05:07.699  1003  4565 I Telecom : PhoneAccountRegistrar: SimCallManager queried, returning: null
08-15 16:05:07.717  1003  4313 I Telecom : PhoneAccountRegistrar: SimCallManager queried, returning: null
08-15 16:05:24.333  1003  3440 D WifiService: acquireWifiLockLocked: WifiLock{NlpWifiLock type=2 binder=android.os.BinderProxy@4c3a599}
08-15 16:05:24.367  1003  4168 D WifiService: releaseWifiLockLocked: WifiLock{NlpWifiLock type=2 binder=android.os.BinderProxy@4c3a599}
08-15 16:05:47.153  1003  3371 D ConnectivityService: notifyType CAP_CHANGED for NetworkAgentInfo [MOBILE (HSPA) - 108]
08-15 16:05:47.155  1003  1014 W BroadcastQueue: Permission Denial: broadcasting Intent { act=android.intent.action.SERVICE_STATE flg=0x10 (has extras) } from android (pid=4139, uid=1001) requires com.htc.sense.permission.APP_HSP due to receiver com.htc.sense.hsp/.weather.location.HtcNLPSwitchReceiver
08-15 16:05:47.159  1003  3371 D ConnectivityService: Setting tx/rx TCP buffers to 524288,1048576,8388608,262144,524288,4194304
08-15 16:05:47.191  1003  3371 D ConnectivityService: notifyType IP_CHANGED for NetworkAgentInfo [MOBILE (LTE) - 108]
08-15 16:05:47.222  1003  3468 I Telecom : PhoneAccountRegistrar: [ComponentInfo{com.android.phone/com.android.services.telephony.TelephonyConnectionService}, [40f21c6cf58d816f89aaa6c7df071401c45e1202], UserHandle{0}(icon: Icon(typ=BITMAP size=67x84) -> Icon(typ=BITMAP size=67x84))]
08-15 16:05:47.229  1003  3468 I Telecom : : Sending phone-account registered intent as user
08-15 16:05:47.271  1003  4566 I Telecom : PhoneAccountRegistrar: [ComponentInfo{com.android.phone/com.android.services.telephony.TelephonyConnectionService}, [40f21c6cf58d816f89aaa6c7df071401c45e1202], UserHandle{0}(icon: Icon(typ=BITMAP size=67x84) -> Icon(typ=BITMAP size=67x84))(lbl: AT&T -> Maritime)(desc: AT&T -> Maritime)]
08-15 16:05:47.282  1003  4566 I Telecom : : Sending phone-account registered intent as user
08-15 16:05:47.291  1003  3468 W Telecom : : No account found for the calling user
08-15 16:05:47.306  1003  4016 I Telecom : PhoneAccountRegistrar: [ComponentInfo{com.android.phone/com.android.services.telephony.TelephonyConnectionService}, [40f21c6cf58d816f89aaa6c7df071401c45e1202], UserHandle{0}(icon: Icon(typ=BITMAP size=67x84) -> Icon(typ=BITMAP size=67x84))]
08-15 16:05:47.344  1003  1016 I ActivityManager: Start proc 32075:com.android.cellbroadcastreceiver/u0a4 for broadcast com.android.cellbroadcastreceiver/.CellBroadcastReceiver
08-15 16:05:47.345  1003  4016 I Telecom : : Sending phone-account registered intent as user
08-15 16:05:47.441  1003  4016 I Telecom : PhoneAccountRegistrar: [ComponentInfo{com.android.phone/com.android.services.telephony.TelephonyConnectionService}, [40f21c6cf58d816f89aaa6c7df071401c45e1202], UserHandle{0}(icon: Icon(typ=BITMAP size=67x84) -> Icon(typ=BITMAP size=67x84))(lbl: Maritime -> AT&T)(desc: Maritime -> AT&T)]
08-15 16:05:47.463  1003  4016 I Telecom : : Sending phone-account registered intent as user
08-15 16:05:47.472  1003  3440 W Telecom : : No account found for the calling user
08-15 16:05:47.484  1003  3816 W BroadcastQueue: Permission Denial: broadcasting Intent { act=android.intent.action.SERVICE_STATE flg=0x10 (has extras) } from android (pid=4139, uid=1001) requires com.htc.sense.permission.APP_HSP due to receiver com.htc.sense.hsp/.weather.location.HtcNLPSwitchReceiver
08-15 16:05:58.444  1003  4313 I ActivityManager: Killing 30983:android.process.media/u0a8 (adj 15): empty #17
08-15 16:06:27.372  1003  1014 D WifiService: acquireWifiLockLocked: WifiLock{NlpWifiLock type=2 binder=android.os.BinderProxy@788dd40}
08-15 16:06:27.416  1003  1013 D WifiService: releaseWifiLockLocked: WifiLock{NlpWifiLock type=2 binder=android.os.BinderProxy@788dd40}
08-15 16:06:34.021  1003  1016 I ActivityManager: Start proc 32203:com.qualcomm.timeservice/1000 for broadcast com.qualcomm.timeservice/.TimeServiceBroadcastReceiver
08-15 16:06:34.044  1003  1003 I ActivityManager: Start proc 32215:com.android.providers.calendar/u0a1 for content provider com.android.providers.calendar/.CalendarProvider2
08-15 16:06:34.067  1003  1015 I UsageStatsService: Time changed in UsageStats by -2 seconds
08-15 16:06:34.075  1003  1015 I UsageStatsService: User[0] Flushing usage stats to disk
08-15 16:06:34.184  1003  1015 I UsageStatsDatabase: Time changed by -2s275ms. files deleted: 0 files moved: 108
08-15 16:06:34.184  1003  3440 I ActivityManager: Process com.android.sdm.plugins.sprintdm (pid 31574) has died
08-15 16:06:34.195  1003  1015 I UsageStatsService: User[0] Rollover scheduled @ 2016-08-15 17:00:00(1471305600000)
08-15 16:06:34.222  1003 23729 I ActivityManager: Process com.nianticlabs.pokemongo (pid 30903) has died
08-15 16:06:34.258  1003  4564 I ActivityManager: Start proc 32232:com.google.android.deskclock/u0a66 for broadcast com.google.android.deskclock/com.android.deskclock.AlarmInitReceiver
08-15 16:06:34.833  1003  4168 I ActivityManager: Process com.google.android.apps.plus (pid 30964) has died
08-15 16:06:34.982  1003 23729 I ActivityManager: Start proc 32253:com.google.android.calendar/u0a36 for broadcast com.google.android.calendar/com.android.calendar.widget.CalendarAppWidgetProvider
08-15 16:06:35.267  1003  1013 W BroadcastQueue: Permission Denial: broadcasting Intent { act=android.intent.action.SERVICE_STATE flg=0x10 (has extras) } from android (pid=4139, uid=1001) requires com.htc.sense.permission.APP_HSP due to receiver com.htc.sense.hsp/.weather.location.HtcNLPSwitchReceiver
08-15 16:06:35.271  1003  3371 D ConnectivityService: notifyType CAP_CHANGED for NetworkAgentInfo [MOBILE (LTE) - 108]
08-15 16:06:35.282  1003  3371 D ConnectivityService: Setting tx/rx TCP buffers to 131072,262144,1452032,4096,16384,399360
08-15 16:06:35.302  1003  3371 D ConnectivityService: notifyType IP_CHANGED for NetworkAgentInfo [MOBILE (HSPA) - 108]
08-15 16:06:35.595  1003  4313 I ActivityManager: Start proc 32278:com.htc.videocenter/u0a101 for broadcast com.htc.videohub.ui/.TimeChangedReceiver
08-15 16:06:35.787  1003  4168 I ActivityManager: Start proc 32293:com.htc.sense.hsp/u0a103 for broadcast com.htc.sense.hsp/.activeservice.DeviceEventReceiver
08-15 16:06:36.226  1003  4168 I ActivityManager: Process com.soundcloud.android (pid 31500) has died
08-15 16:06:37.199  1003  1016 I ActivityManager: Waited long enough for: ServiceRecord{d3ced7d u0 com.whatsapp/.messaging.MessageService}
08-15 16:07:27.079  1003  1003 I ActivityManager: Killing 31213:com.google.android.apps.photos/u0a62 (adj 15): empty #17
08-15 16:07:27.113  1003  1003 I ActivityManager: Killing 31067:com.google.android.apps.magazines/u0a99 (adj 15): empty #18
08-15 16:07:27.165  1003 23729 D WifiService: acquireWifiLockLocked: WifiLock{NlpWifiLock type=2 binder=android.os.BinderProxy@1dadf3d}
08-15 16:07:27.254  1003  3816 D WifiService: releaseWifiLockLocked: WifiLock{NlpWifiLock type=2 binder=android.os.BinderProxy@1dadf3d}
08-15 16:08:19.048  1003  3371 D ConnectivityService: notifyType IP_CHANGED for NetworkAgentInfo [MOBILE (LTE) - 108]
08-15 16:08:19.262  1003 23729 W BroadcastQueue: Permission Denial: broadcasting Intent { act=android.intent.action.SERVICE_STATE flg=0x10 (has extras) } from android (pid=4139, uid=1001) requires com.htc.sense.permission.APP_HSP due to receiver com.htc.sense.hsp/.weather.location.HtcNLPSwitchReceiver
08-15 16:08:19.262  1003  3371 D ConnectivityService: notifyType CAP_CHANGED for NetworkAgentInfo [MOBILE (HSPA) - 108]
08-15 16:08:19.267  1003  3371 D ConnectivityService: Setting tx/rx TCP buffers to 524288,1048576,8388608,262144,524288,4194304
08-15 16:08:27.767  1003  4417 D WifiService: acquireWifiLockLocked: WifiLock{NlpWifiLock type=2 binder=android.os.BinderProxy@8a06ec4}
08-15 16:08:27.816  1003  3468 D WifiService: releaseWifiLockLocked: WifiLock{NlpWifiLock type=2 binder=android.os.BinderProxy@8a06ec4}
08-15 16:09:27.922  1003  4564 D WifiService: acquireWifiLockLocked: WifiLock{NlpWifiLock type=2 binder=android.os.BinderProxy@8a06ec4}
08-15 16:09:27.974  1003  4417 D WifiService: releaseWifiLockLocked: WifiLock{NlpWifiLock type=2 binder=android.os.BinderProxy@8a06ec4}
08-15 16:10:28.304  1003  1014 D WifiService: acquireWifiLockLocked: WifiLock{NlpWifiLock type=2 binder=android.os.BinderProxy@8a06ec4}
08-15 16:10:28.345  1003 23729 D WifiService: releaseWifiLockLocked: WifiLock{NlpWifiLock type=2 binder=android.os.BinderProxy@8a06ec4}
08-15 16:11:29.323  1003  3440 D WifiService: acquireWifiLockLocked: WifiLock{NlpWifiLock type=2 binder=android.os.BinderProxy@d14b3e}
08-15 16:11:29.396  1003  4313 D WifiService: releaseWifiLockLocked: WifiLock{NlpWifiLock type=2 binder=android.os.BinderProxy@d14b3e}
08-15 16:12:29.420  1003  3796 D WifiService: acquireWifiLockLocked: WifiLock{NlpWifiLock type=2 binder=android.os.BinderProxy@d14b3e}
08-15 16:12:29.488  1003  3468 D WifiService: releaseWifiLockLocked: WifiLock{NlpWifiLock type=2 binder=android.os.BinderProxy@d14b3e}
08-15 16:12:47.149  1003  4565 I ActivityManager: Start proc 32670:com.skype.raider/u0a109 for broadcast com.skype.raider/com.skype.android.audio.BluetoothReceiver
08-15 16:12:48.260  1003  3370 D WifiService: New client listening to asynchronous messages
08-15 16:13:28.500  1003  4168 I ActivityManager: Killing 31359:com.google.android.gm/u0a68 (adj 15): empty #17
08-15 16:13:29.520  1003  4565 D WifiService: acquireWifiLockLocked: WifiLock{NlpWifiLock type=2 binder=android.os.BinderProxy@d14b3e}
08-15 16:13:29.604  1003  1013 D WifiService: releaseWifiLockLocked: WifiLock{NlpWifiLock type=2 binder=android.os.BinderProxy@d14b3e}
08-15 16:14:29.637  1003  3816 D WifiService: acquireWifiLockLocked: WifiLock{NlpWifiLock type=2 binder=android.os.BinderProxy@38c36d6}
08-15 16:14:29.700  1003  1013 D WifiService: releaseWifiLockLocked: WifiLock{NlpWifiLock type=2 binder=android.os.BinderProxy@38c36d6}
08-15 16:15:29.744  1003 32307 D WifiService: acquireWifiLockLocked: WifiLock{NlpWifiLock type=2 binder=android.os.BinderProxy@38c36d6}
08-15 16:15:29.800  1003  4016 D WifiService: releaseWifiLockLocked: WifiLock{NlpWifiLock type=2 binder=android.os.BinderProxy@38c36d6}
08-15 16:19:29.833  1003  1016 I ActivityManager: Killing 31663:com.twitter.android/u0a102 (adj 15): empty #17
08-15 16:20:29.952  1003  4565 D WifiService: acquireWifiLockLocked: WifiLock{NlpWifiLock type=2 binder=android.os.BinderProxy@1cf36ed}
08-15 16:20:30.021  1003  3816 D WifiService: releaseWifiLockLocked: WifiLock{NlpWifiLock type=2 binder=android.os.BinderProxy@1cf36ed}
08-15 16:21:31.191  1003  1015 I UsageStatsService: User[0] Flushing usage stats to disk
08-15 16:23:30.023  1003  3345 I ActivityManager: Start proc 787:com.venmo/u0a133 for service com.venmo/com.zendesk.sdk.network.impl.ConfigurationIntentService
08-15 16:25:50.221  1003  3468 D WifiService: acquireWifiLockLocked: WifiLock{NlpWifiLock type=2 binder=android.os.BinderProxy@1cf36ed}
08-15 16:25:50.341  1003  3816 D WifiService: releaseWifiLockLocked: WifiLock{NlpWifiLock type=2 binder=android.os.BinderProxy@1cf36ed}
08-15 16:31:18.320  1003  1003 I ActivityManager: Killing 31940:com.google.android.talk/u0a53 (adj 15): empty #17
08-15 16:31:18.378  1003  1014 D WifiService: acquireWifiLockLocked: WifiLock{NlpWifiLock type=2 binder=android.os.BinderProxy@1cf36ed}
08-15 16:31:18.447  1003  3796 D WifiService: releaseWifiLockLocked: WifiLock{NlpWifiLock type=2 binder=android.os.BinderProxy@1cf36ed}
08-15 16:36:19.346  1003  1013 D WifiService: acquireWifiLockLocked: WifiLock{NlpWifiLock type=2 binder=android.os.BinderProxy@5981509}
08-15 16:36:19.393  1003  3796 D WifiService: releaseWifiLockLocked: WifiLock{NlpWifiLock type=2 binder=android.os.BinderProxy@5981509}
08-15 16:41:04.321  1003  4417 D WifiService: acquireWifiLockLocked: WifiLock{NlpWifiLock type=2 binder=android.os.BinderProxy@20d0f21}
08-15 16:41:04.776  1003  4417 D WifiService: releaseWifiLockLocked: WifiLock{NlpWifiLock type=2 binder=android.os.BinderProxy@20d0f21}
08-15 16:41:20.025  1003  4564 D WifiService: acquireWifiLockLocked: WifiLock{NlpWifiLock type=2 binder=android.os.BinderProxy@b332507}
08-15 16:41:20.068  1003  4565 D WifiService: releaseWifiLockLocked: WifiLock{NlpWifiLock type=2 binder=android.os.BinderProxy@b332507}
08-15 16:42:20.088  1003  3468 D WifiService: acquireWifiLockLocked: WifiLock{NlpWifiLock type=2 binder=android.os.BinderProxy@b332507}
08-15 16:42:20.133  1003  4016 D WifiService: releaseWifiLockLocked: WifiLock{NlpWifiLock type=2 binder=android.os.BinderProxy@b332507}
08-15 16:42:46.370  1003  1016 I ActivityManager: Waited long enough for: ServiceRecord{67ca039 u0 com.spotify.music/com.spotify.mobile.android.spotlets.smartdevicelink.service.SmartDeviceLinkService}
08-15 16:43:20.230  1003  4168 D WifiService: acquireWifiLockLocked: WifiLock{NlpWifiLock type=2 binder=android.os.BinderProxy@b332507}
08-15 16:43:20.278  1003  1013 D WifiService: releaseWifiLockLocked: WifiLock{NlpWifiLock type=2 binder=android.os.BinderProxy@b332507}
08-15 16:44:20.356  1003 23729 D WifiService: acquireWifiLockLocked: WifiLock{NlpWifiLock type=2 binder=android.os.BinderProxy@a65185c}
08-15 16:44:20.426  1003 23729 D WifiService: releaseWifiLockLocked: WifiLock{NlpWifiLock type=2 binder=android.os.BinderProxy@a65185c}
08-15 16:45:21.374  1003  4565 D WifiService: acquireWifiLockLocked: WifiLock{NlpWifiLock type=2 binder=android.os.BinderProxy@a65185c}
08-15 16:45:21.441  1003  4564 D WifiService: releaseWifiLockLocked: WifiLock{NlpWifiLock type=2 binder=android.os.BinderProxy@a65185c}
08-15 16:46:21.464  1003  4417 D WifiService: acquireWifiLockLocked: WifiLock{NlpWifiLock type=2 binder=android.os.BinderProxy@a65185c}
08-15 16:46:21.532  1003 32307 D WifiService: releaseWifiLockLocked: WifiLock{NlpWifiLock type=2 binder=android.os.BinderProxy@a65185c}
08-15 16:58:18.361  1003  3440 D WifiService: acquireWifiLockLocked: WifiLock{NlpWifiLock type=2 binder=android.os.BinderProxy@2ef97bc}
08-15 16:58:18.408  1003  4417 D WifiService: releaseWifiLockLocked: WifiLock{NlpWifiLock type=2 binder=android.os.BinderProxy@2ef97bc}
08-15 16:59:36.317  1003 23729 D WifiService: acquireWifiLockLocked: WifiLock{NlpWifiLock type=2 binder=android.os.BinderProxy@2ef97bc}
08-15 16:59:36.369  1003  4168 D WifiService: releaseWifiLockLocked: WifiLock{NlpWifiLock type=2 binder=android.os.BinderProxy@2ef97bc}
08-15 17:00:07.543  1003  1015 I UsageStatsService: User[0] Rolling over usage stats
08-15 17:00:07.544  1003  1015 I UsageStatsService: User[0] Flushing usage stats to disk
08-15 17:00:07.676  1003  1015 I UsageStatsService: User[0] Rollover scheduled @ 2016-08-16 17:00:00(1471392000000)
08-15 17:00:13.209  1003  3347 I PowerManagerService: Waking up from dozing (uid 1000)...
08-15 17:00:13.346  1003  1187 I DisplayPowerController: Blocking screen on until initial contents have been drawn.
08-15 17:00:13.355  1003  1175 I DisplayManagerService: Display device changed state: "Built-in Screen", ON
08-15 17:00:13.652  1003  1187 I DisplayPowerController: Unblocked screen on after 306 ms
08-15 17:00:13.657  1003  1187 I DreamManagerService: Gently waking up from dream.
08-15 17:00:13.665  1003  4418 I DreamManagerService: Leaving dreamland.
08-15 17:00:13.666  1003  1018 I DreamController: Stopping dream: name=ComponentInfo{com.android.systemui/com.android.systemui.doze.DozeService}, isTest=false, canDoze=true, userId=0
08-15 17:00:13.708  1003  1015 I UsageStatsService: User[0] Rolling over usage stats complete. Took 6162 milliseconds
08-15 17:00:23.100  1003  1187 I PowerManagerService: Going to sleep due to screen timeout (uid 1000)...
08-15 17:00:23.757  1003  1175 I DisplayManagerService: Display device changed state: "Built-in Screen", OFF
08-15 17:00:24.087  1003  1187 I DreamManagerService: Entering dreamland.
08-15 17:00:24.087  1003  1187 I PowerManagerService: Dozing...
08-15 17:00:24.088  1003  1018 I DreamController: Starting dream: name=ComponentInfo{com.android.systemui/com.android.systemui.doze.DozeService}, isTest=false, canDoze=true, userId=0
08-15 17:00:31.875  1003  3347 I PowerManagerService: Waking up from dozing (uid 1000)...
08-15 17:00:31.890  1003  1187 I DisplayPowerController: Blocking screen on until initial contents have been drawn.
08-15 17:00:31.894  1003  1175 I DisplayManagerService: Display device changed state: "Built-in Screen", ON
08-15 17:00:31.976  1003  1187 I DisplayPowerController: Unblocked screen on after 87 ms
08-15 17:00:31.977  1003  1187 I DreamManagerService: Gently waking up from dream.
08-15 17:00:31.979  1003  3796 I DreamManagerService: Leaving dreamland.
08-15 17:00:31.980  1003  1018 I DreamController: Stopping dream: name=ComponentInfo{com.android.systemui/com.android.systemui.doze.DozeService}, isTest=false, canDoze=true, userId=0
08-15 17:00:32.160  1003  3347 I GestureLauncherService: Power button double tap gesture detected, launching camera. Interval=287ms
08-15 17:00:32.186  1003 32307 I ActivityManager: START u0 {act=android.media.action.STILL_IMAGE_CAMERA_SECURE flg=0x800000 cmp=com.google.android.GoogleCamera/com.android.camera.SecureCameraActivity (has extras)} from uid 10027 on display 0
08-15 17:00:32.217  1003 32307 W ActivityManager: startActivity called from non-Activity context; forcing Intent.FLAG_ACTIVITY_NEW_TASK for: Intent { act=android.media.action.STILL_IMAGE_CAMERA_SECURE flg=0x800000 cmp=com.google.android.GoogleCamera/com.android.camera.SecureCameraActivity (has extras) }
08-15 17:00:32.252  1003 32307 I ActivityManager: Start proc 2185:com.google.android.GoogleCamera/u0a45 for activity com.google.android.GoogleCamera/com.android.camera.SecureCameraActivity
08-15 17:00:32.624  1003  4564 I WindowManager: Screenshot max retries 4 of Token{565db74 ActivityRecord{ceeb747 u0 com.google.android.GoogleCamera/com.android.camera.SecureCameraActivity t3252}} appWin=Window{36d85f8 u0 Starting com.google.android.GoogleCamera} drawState=4
08-15 17:00:33.125  1003  1016 W ActivityManager: Activity pause timeout for ActivityRecord{ceeb747 u0 com.google.android.GoogleCamera/com.android.camera.SecureCameraActivity t3252}
08-15 17:00:33.361  1003  1175 I WindowManager: Screen frozen for +115ms due to Window{36d85f8 u0 Starting com.google.android.GoogleCamera}
08-15 17:00:33.895  1003 23729 I ActivityManager: Activity reported stop, but no longer stopping: ActivityRecord{ceeb747 u0 com.google.android.GoogleCamera/com.android.camera.SecureCameraActivity t3252}
08-15 17:00:34.000  1003  4566 D ActivityManager: awakeFromSleepingLocked: previously pausing activity didn't pause
08-15 17:00:34.661  2185  2185 W ViewRootImpl: Dropping event due to no window focus: KeyEvent { action=ACTION_DOWN, keyCode=KEYCODE_VOLUME_DOWN, scanCode=114, metaState=0, flags=0x8, repeatCount=0, eventTime=37100994, downTime=37100994, deviceId=4, source=0x101 }
08-15 17:00:34.663  1003  4418 W InputMethodManagerService: Window already focused, ignoring focus gain of: com.android.internal.view.IInputMethodClient$Stub$Proxy@7636058 attribute=null, token = android.os.BinderProxy@569430d
08-15 17:00:34.816  1003  3816 I ActivityManager: Process com.google.android.deskclock (pid 32232) has died
08-15 17:00:34.888  1003  4168 I ActivityManager: Process com.android.providers.calendar (pid 32215) has died
08-15 17:00:34.926  1003  4313 I ActivityManager: Process com.qualcomm.timeservice (pid 32203) has died
08-15 17:00:34.927  1003  3816 I ActivityManager: Process com.htc.videocenter (pid 32278) has died
08-15 17:00:35.167  1003  3440 I ActivityManager: Process com.htc.sense.hsp (pid 32293) has died
08-15 17:00:35.170  1003  3816 I ActivityManager: Process com.google.android.calendar (pid 32253) has died
08-15 17:00:35.172  1003  4016 I ActivityManager: Process com.google.android.keep (pid 31869) has died
08-15 17:00:35.252  1003  4564 I ActivityManager: Process com.android.cellbroadcastreceiver (pid 32075) has died
08-15 17:00:35.331  1003  4016 I ActivityManager: Process com.yik.yak (pid 31165) has died
08-15 17:00:35.333  1003  4168 I ActivityManager: Process com.guidebook.android (pid 31112) has died
08-15 17:00:35.496  1003  3370 D WifiService: Client connection lost with reason: 4
08-15 17:00:35.536  1003  4168 I ActivityManager: Process com.venmo (pid 787) has died
08-15 17:00:35.541  1003  4564 I ActivityManager: Process com.skype.raider (pid 32670) has died
08-15 17:00:35.571  1003  3370 D WifiService: Client connection lost with reason: 4
08-15 17:00:35.602  1003  3440 I ActivityManager: Process com.landlordgame.tycoon (pid 31770) has died
08-15 17:00:35.605  1003  4168 I ActivityManager: Process com.whatsapp (pid 31378) has died
08-15 17:00:35.747  1003  4565 I WindowState: WIN DEATH: Window{95a9c41 u0 com.zipcommute.doctoroncall/com.zipcommute.doctoroncall.MainActivity}
08-15 17:00:35.747  1003  4565 W WindowManager: Force-removing child win Window{cd0ba5 u0 SurfaceView} from container Window{95a9c41 u0 com.zipcommute.doctoroncall/com.zipcommute.doctoroncall.MainActivity}
08-15 17:00:35.768  1003  4016 D ConnectivityService: ConnectivityService NetworkRequestInfo binderDied(NetworkRequest [ id=66, legacyType=-1, [ Capabilities: INTERNET&NOT_RESTRICTED&TRUSTED&NOT_VPN] ], android.os.BinderProxy@7786b7a)
08-15 17:00:35.769  1003  3371 D ConnectivityService: releasing NetworkRequest NetworkRequest [ id=66, legacyType=-1, [ Capabilities: INTERNET&NOT_RESTRICTED&TRUSTED&NOT_VPN] ]
08-15 17:00:35.778  1003  1014 W WindowManager: Failed looking up window
08-15 17:00:35.778  1003  1014 W WindowManager: java.lang.IllegalArgumentException: Requested window android.os.BinderProxy@ebea1a0 does not exist
08-15 17:00:35.778  1003  1014 W WindowManager: 	at com.android.server.wm.WindowManagerService.windowForClientLocked(WindowManagerService.java:8718)
08-15 17:00:35.778  1003  1014 W WindowManager: 	at com.android.server.wm.WindowManagerService.windowForClientLocked(WindowManagerService.java:8709)
08-15 17:00:35.778  1003  1014 W WindowManager: 	at com.android.server.wm.WindowState$DeathRecipient.binderDied(WindowState.java:1209)
08-15 17:00:35.778  1003  1014 W WindowManager: 	at android.os.BinderProxy.sendDeathNotice(Binder.java:558)
08-15 17:00:35.778  1003  1014 I WindowState: WIN DEATH: null
08-15 17:00:35.799  1003  3371 E ConnectivityService: RemoteException caught trying to send a callback msg for NetworkRequest [ id=66, legacyType=-1, [ Capabilities: INTERNET&NOT_RESTRICTED&TRUSTED&NOT_VPN] ]
08-15 17:00:35.806  1003  3468 I ActivityManager: Process com.zipcommute.doctoroncall (pid 15933) has died
08-15 17:00:36.657  1003  4565 I WindowState: WIN DEATH: Window{ab59e73 u0 com.asus.filemanager/com.asus.filemanager.activity.FileManagerActivity}
08-15 17:00:36.657  1003  4565 W WindowManager: Force-removing child win Window{9734f65 u0 Panel:com.asus.filemanager/com.asus.filemanager.activity.FileManagerActivity} from container Window{ab59e73 u0 com.asus.filemanager/com.asus.filemanager.activity.FileManagerActivity}
08-15 17:00:36.665  1003  4168 W WindowManager: Failed looking up window
08-15 17:00:36.665  1003  4168 W WindowManager: java.lang.IllegalArgumentException: Requested window android.os.BinderProxy@6d4b05c does not exist
08-15 17:00:36.665  1003  4168 W WindowManager: 	at com.android.server.wm.WindowManagerService.windowForClientLocked(WindowManagerService.java:8718)
08-15 17:00:36.665  1003  4168 W WindowManager: 	at com.android.server.wm.WindowManagerService.windowForClientLocked(WindowManagerService.java:8709)
08-15 17:00:36.665  1003  4168 W WindowManager: 	at com.android.server.wm.WindowState$DeathRecipient.binderDied(WindowState.java:1209)
08-15 17:00:36.665  1003  4168 W WindowManager: 	at android.os.BinderProxy.sendDeathNotice(Binder.java:558)
08-15 17:00:36.665  1003  4168 I WindowState: WIN DEATH: null
08-15 17:00:36.667  1003  4418 I ActivityManager: Process com.asus.filemanager (pid 28037) has died
08-15 17:00:37.461  1003  3440 W libprocessgroup: failed to open /acct/uid_10039/pid_3208/cgroup.procs: No such file or directory
08-15 17:00:37.464  1003  3440 I ActivityManager: Process com.android.chrome:sandboxed_process0 (pid 3208) has died
08-15 17:00:37.464  1003  3440 W ActivityManager: Scheduling restart of crashed service com.android.chrome/org.chromium.content.app.SandboxedProcessService0 in 1000ms
08-15 17:00:37.992  1003 32307 D ConnectivityService: ConnectivityService NetworkRequestInfo binderDied(NetworkRequest [ id=106, legacyType=-1, [ Capabilities: INTERNET&NOT_RESTRICTED&TRUSTED] ], android.os.BinderProxy@ad12815)
08-15 17:00:37.992  1003  3440 I WindowState: WIN DEATH: Window{3b31e84 u0 com.facebook.katana/com.facebook.browser.lite.BrowserLiteActivity}
08-15 17:00:37.993  1003  3370 D WifiService: Client connection lost with reason: 4
08-15 17:00:37.993  1003  3468 D ConnectivityService: ConnectivityService NetworkRequestInfo binderDied(NetworkRequest [ id=107, legacyType=-1, [ Capabilities: INTERNET&NOT_RESTRICTED&TRUSTED] ], android.os.BinderProxy@a82a72a)
08-15 17:00:37.993  1003  3371 D ConnectivityService: releasing NetworkRequest NetworkRequest [ id=106, legacyType=-1, [ Capabilities: INTERNET&NOT_RESTRICTED&TRUSTED] ]
08-15 17:00:38.005  1003  3371 E ConnectivityService: RemoteException caught trying to send a callback msg for NetworkRequest [ id=106, legacyType=-1, [ Capabilities: INTERNET&NOT_RESTRICTED&TRUSTED] ]
08-15 17:00:38.005  1003  3371 D ConnectivityService: releasing NetworkRequest NetworkRequest [ id=107, legacyType=-1, [ Capabilities: INTERNET&NOT_RESTRICTED&TRUSTED] ]
08-15 17:00:38.006  1003  3371 E ConnectivityService: RemoteException caught trying to send a callback msg for NetworkRequest [ id=107, legacyType=-1, [ Capabilities: INTERNET&NOT_RESTRICTED&TRUSTED] ]
08-15 17:00:38.095  1003  4418 I ActivityManager: Process com.facebook.katana:browser (pid 15494) has died
08-15 17:00:38.816  1003  4418 I WindowState: WIN DEATH: Window{6882d0b u0 SurfaceView}
08-15 17:00:38.818  1003  4313 D ConnectivityService: ConnectivityService NetworkRequestInfo binderDied(NetworkRequest [ id=68, legacyType=-1, [ Capabilities: INTERNET&NOT_RESTRICTED&TRUSTED] ], android.os.BinderProxy@7a93091)
08-15 17:00:38.818  1003  3371 D ConnectivityService: releasing NetworkRequest NetworkRequest [ id=68, legacyType=-1, [ Capabilities: INTERNET&NOT_RESTRICTED&TRUSTED] ]
