08-15 15:35:35.699  1003  3371 D ConnectivityService: releasing NetworkRequest NetworkRequest [ id=100, legacyType=-1, [ Capabilities: INTERNET&NOT_RESTRICTED&TRUSTED] ]
08-15 15:35:35.700  1003  3370 D WifiService: Client connection lost with reason: 4
08-15 15:35:35.700  1003  3371 E ConnectivityService: RemoteException caught trying to send a callback msg for NetworkRequest [ id=100, legacyType=-1, [ Capabilities: INTERNET&NOT_RESTRICTED&TRUSTED] ]
08-15 15:35:35.700  1003  3371 D ConnectivityService: releasing NetworkRequest NetworkRequest [ id=99, legacyType=-1, [ Capabilities: INTERNET&NOT_RESTRICTED&TRUSTED] ]
08-15 15:35:35.701  1003  3371 E ConnectivityService: RemoteException caught trying to send a callback msg for NetworkRequest [ id=99, legacyType=-1, [ Capabilities: INTERNET&NOT_RESTRICTED&TRUSTED] ]
08-15 15:35:35.710  1003  3796 I ActivityManager: Process com.facebook.katana:browser (pid 13200) has died
08-15 15:35:39.621  1003  4564 I ActivityManager: Start proc 13733:com.facebook.katana:browser/u0a106 for service com.facebook.katana/com.facebook.browser.lite.BrowserLiteIntentService
08-15 15:37:08.814  1003  3347 I PowerManagerService: Going to sleep due to power button (uid 1000)...
08-15 15:37:08.913  1003 23729 W InputMethodManagerService: Window already focused, ignoring focus gain of: com.android.internal.view.IInputMethodClient$Stub$Proxy@ffe21fa attribute=android.view.inputmethod.EditorInfo@eead3ab, token = android.os.BinderProxy@ace4f4b
08-15 15:37:09.419  1003  1175 I DisplayManagerService: Display device changed state: "Built-in Screen", OFF
08-15 15:37:09.520  1003  3347 I PowerManagerService: Waking up from dozing (uid 1000)...
08-15 15:37:09.529  1003  1187 I DisplayPowerController: Blocking screen on until initial contents have been drawn.
08-15 15:37:09.599  1003  4313 I ActivityManager: Activity reported stop, but no longer stopping: ActivityRecord{a6a2c2 u0 com.facebook.katana/.activity.FbMainTabActivity t3238}
08-15 15:37:09.743  1003  1175 I DisplayManagerService: Display device changed state: "Built-in Screen", ON
08-15 15:37:10.044  1003  4313 I WindowManager: Screenshot max retries 4 of Token{9698d3 ActivityRecord{a6a2c2 u0 com.facebook.katana/.activity.FbMainTabActivity t3238}} appWin=Window{502cd28 u0 com.facebook.katana/com.facebook.katana.activity.FbMainTabActivity} drawState=4
08-15 15:37:10.226  1003  1187 I DisplayPowerController: Unblocked screen on after 698 ms
08-15 15:37:10.998  1003  3347 I PowerManagerService: Going to sleep due to power button (uid 1000)...
08-15 15:37:11.505  1003  1187 E KernelCpuSpeedReader: Failed to read cpu-freq: /sys/devices/system/cpu/cpu4/cpufreq/stats/time_in_state: open failed: ENOENT (No such file or directory)
08-15 15:37:11.517  1003  1175 I DisplayManagerService: Display device changed state: "Built-in Screen", OFF
08-15 15:37:11.846  1003  1187 I DreamManagerService: Entering dreamland.
08-15 15:37:11.847  1003  1187 I PowerManagerService: Dozing...
08-15 15:37:11.852  1003  1018 I DreamController: Starting dream: name=ComponentInfo{com.android.systemui/com.android.systemui.doze.DozeService}, isTest=false, canDoze=true, userId=0
08-15 15:37:14.426  1003  1016 E KernelCpuSpeedReader: Failed to read cpu-freq: /sys/devices/system/cpu/cpu4/cpufreq/stats/time_in_state: open failed: ENOENT (No such file or directory)
08-15 15:37:36.971  1003  1003 V FingerprintService: onAuthenticated(owner=com.android.systemui, id=-407164462, gp=0)
08-15 15:37:36.980  1003  1013 I PowerManagerService: Waking up from dozing (uid 10027)...
08-15 15:37:36.994  1003  1187 I DisplayPowerController: Blocking screen on until initial contents have been drawn.
08-15 15:37:36.998  1003  1175 I DisplayManagerService: Display device changed state: "Built-in Screen", ON
08-15 15:37:37.028  1003  1175 E WindowAnimator: Timeout waiting for animation to startup
08-15 15:37:37.161  1003  4418 W BroadcastQueue: Permission Denial: broadcasting Intent { act=android.intent.action.USER_PRESENT flg=0x24000010 } from com.android.systemui (pid=3449, uid=10027) is not exported from uid 10116 due to receiver com.yik.yak/com.parse.ParseBroadcastReceiver
08-15 15:37:37.174  1003  4016 W InputMethodManagerService: Window already focused, ignoring focus gain of: com.android.internal.view.IInputMethodClient$Stub$Proxy@28d3f62 attribute=android.view.inputmethod.EditorInfo@74008f3, token = android.os.BinderProxy@ace4f4b
08-15 15:37:37.176  1003  1187 I DisplayPowerController: Unblocked screen on after 181 ms
08-15 15:37:37.177  1003  1187 I DreamManagerService: Gently waking up from dream.
08-15 15:37:37.212  1003  3440 I DreamManagerService: Leaving dreamland.
08-15 15:37:37.212  1003  1018 I DreamController: Stopping dream: name=ComponentInfo{com.android.systemui/com.android.systemui.doze.DozeService}, isTest=false, canDoze=true, userId=0
08-15 15:37:38.190  1003  3816 I ActivityManager: START u0 {act=android.intent.action.VIEW dat=https://media.giphy.com/... cmp=com.facebook.katana/com.facebook.browser.lite.BrowserLiteActivity (has extras)} from uid 10106 on display 0
08-15 15:37:38.405  1003  3370 D WifiService: New client listening to asynchronous messages
08-15 15:37:38.489  1003  3440 D ConnectivityService: listenForNetwork for Listen from uid/pid:10106/13733 for NetworkRequest [ id=101, legacyType=-1, [ Capabilities: INTERNET&NOT_RESTRICTED&TRUSTED] ]
08-15 15:37:38.561  1003  4566 D ConnectivityService: listenForNetwork for Listen from uid/pid:10106/13733 for NetworkRequest [ id=102, legacyType=-1, [ Capabilities: INTERNET&NOT_RESTRICTED&TRUSTED] ]
08-15 15:37:39.934  1003  4565 D ConnectivityService: ConnectivityService NetworkRequestInfo binderDied(NetworkRequest [ id=101, legacyType=-1, [ Capabilities: INTERNET&NOT_RESTRICTED&TRUSTED] ], android.os.BinderProxy@7ad9fff)
08-15 15:37:39.934  1003  4566 I WindowState: WIN DEATH: Window{9eee04 u0 com.facebook.katana/com.facebook.browser.lite.BrowserLiteActivity}
08-15 15:37:39.934  1003  3371 D ConnectivityService: releasing NetworkRequest NetworkRequest [ id=101, legacyType=-1, [ Capabilities: INTERNET&NOT_RESTRICTED&TRUSTED] ]
08-15 15:37:39.935  1003  4313 D ConnectivityService: ConnectivityService NetworkRequestInfo binderDied(NetworkRequest [ id=102, legacyType=-1, [ Capabilities: INTERNET&NOT_RESTRICTED&TRUSTED] ], android.os.BinderProxy@9e701cc)
08-15 15:37:39.935  1003  3370 D WifiService: Client connection lost with reason: 4
08-15 15:37:39.935  1003  3371 E ConnectivityService: RemoteException caught trying to send a callback msg for NetworkRequest [ id=101, legacyType=-1, [ Capabilities: INTERNET&NOT_RESTRICTED&TRUSTED] ]
08-15 15:37:39.935  1003  3371 D ConnectivityService: releasing NetworkRequest NetworkRequest [ id=102, legacyType=-1, [ Capabilities: INTERNET&NOT_RESTRICTED&TRUSTED] ]
08-15 15:37:39.936  1003  3371 E ConnectivityService: RemoteException caught trying to send a callback msg for NetworkRequest [ id=102, legacyType=-1, [ Capabilities: INTERNET&NOT_RESTRICTED&TRUSTED] ]
08-15 15:37:39.945  1003  3796 I ActivityManager: Process com.facebook.katana:browser (pid 13733) has died
08-15 15:38:06.791  1003  3816 W InputMethodManagerService: Window already focused, ignoring focus gain of: com.android.internal.view.IInputMethodClient$Stub$Proxy@7fb09df attribute=null, token = android.os.BinderProxy@e8064e7
08-15 15:38:12.603  1003  4565 I ActivityManager: Start proc 15494:com.facebook.katana:browser/u0a106 for service com.facebook.katana/com.facebook.browser.lite.BrowserLiteIntentService
08-15 15:38:34.727  1003  3346 I ActivityManager: START u0 {act=android.intent.action.MAIN cat=[android.intent.category.HOME] flg=0x10200000 cmp=com.google.android.googlequicksearchbox/com.google.android.launcher.GEL (has extras)} from uid 1000 on display 0
08-15 15:38:36.379  1003  4418 I ActivityManager: START u0 {act=android.intent.action.MAIN cat=[android.intent.category.LAUNCHER] flg=0x10200000 cmp=com.google.android.youtube/.app.honeycomb.Shell$HomeActivity bnds=[579,998][861,1336] (has extras)} from uid 10029 on display 0
08-15 15:38:36.626  1003  4168 W ActivityManager: Permission Denial: Accessing service ComponentInfo{com.google.android.music/com.google.android.music.dial.DialMediaRouteProviderService} from pid=23304, uid=10075 that is not exported from uid 10059
08-15 15:38:54.837  1003  4313 I ActivityManager: Killing 16276:com.twitter.android/u0a102 (adj 15): empty for 1802s
08-15 15:39:56.183  1003  4168 D WifiService: acquireWifiLockLocked: WifiLock{NlpWifiLock type=2 binder=android.os.BinderProxy@5bffaca}
08-15 15:39:56.265  1003  3440 D WifiService: releaseWifiLockLocked: WifiLock{NlpWifiLock type=2 binder=android.os.BinderProxy@5bffaca}
08-15 15:40:30.329  1003  3346 I ActivityManager: START u0 {act=android.intent.action.MAIN cat=[android.intent.category.HOME] flg=0x10200000 cmp=com.google.android.googlequicksearchbox/com.google.android.launcher.GEL (has extras)} from uid 1000 on display 0
08-15 15:40:30.815  1003 23729 I ActivityManager: START u0 {act=android.intent.action.MAIN cat=[android.intent.category.LAUNCHER] flg=0x10200000 cmp=com.android.chrome/com.google.android.apps.chrome.Main bnds=[879,2103][1161,2411] (has extras)} from uid 10029 on display 0
08-15 15:40:31.632  1003  3468 D ConnectivityService: listenForNetwork for Listen from uid/pid:10039/2001 for NetworkRequest [ id=103, legacyType=-1, [ Capabilities: INTERNET&NOT_RESTRICTED&TRUSTED] ]
08-15 15:40:35.848  1003  4566 I ActivityManager: Start proc 17100:com.android.chrome:sandboxed_process1/u0i14 for service com.android.chrome/org.chromium.content.app.SandboxedProcessService1
08-15 15:41:29.897  1003  1015 I UsageStatsService: User[0] Flushing usage stats to disk
08-15 15:41:37.771  1003  3440 I ActivityManager: Killing 22226:com.google.android.gm/u0a68 (adj 15): empty for 1805s
08-15 15:42:04.006  1003  3346 I ActivityManager: START u0 {act=android.intent.action.MAIN cat=[android.intent.category.HOME] flg=0x10200000 cmp=com.google.android.googlequicksearchbox/com.google.android.launcher.GEL (has extras)} from uid 1000 on display 0
08-15 15:42:04.050  1003  3371 D ConnectivityService: releasing NetworkRequest NetworkRequest [ id=103, legacyType=-1, [ Capabilities: INTERNET&NOT_RESTRICTED&TRUSTED] ]
08-15 15:42:05.282  1003  4565 I ActivityManager: START u0 {act=android.intent.action.MAIN cat=[android.intent.category.LAUNCHER] flg=0x10200000 cmp=com.facebook.katana/.LoginActivity bnds=[579,322][861,660] (has extras)} from uid 10029 on display 0
08-15 15:43:18.075  1003  3468 I ActivityManager: Killing 23872:com.whatsapp/u0a104 (adj 15): empty for 1802s
08-15 15:43:22.325  1003  3346 I ActivityManager: START u0 {act=android.intent.action.MAIN cat=[android.intent.category.HOME] flg=0x10200000 cmp=com.google.android.googlequicksearchbox/com.google.android.launcher.GEL (has extras)} from uid 1000 on display 0
08-15 15:43:22.967  1003  4168 I ActivityManager: START u0 {act=android.intent.action.MAIN cat=[android.intent.category.LAUNCHER] flg=0x10200000 cmp=com.android.chrome/com.google.android.apps.chrome.Main bnds=[879,2103][1161,2411] (has extras)} from uid 10029 on display 0
08-15 15:43:23.023  1003  3816 I ActivityManager: Config changes=480 {1.0 310mcc410mnc en_US ldltr sw411dp w683dp h387dp 560dpi nrml land finger -keyb/v/h -nav/h s.150}
08-15 15:43:23.101  1003  1013 D ConnectivityService: listenForNetwork for Listen from uid/pid:10039/2001 for NetworkRequest [ id=104, legacyType=-1, [ Capabilities: INTERNET&NOT_RESTRICTED&TRUSTED] ]
08-15 15:43:23.476  1003  1175 I WindowManager: Screen frozen for +484ms due to Window{b739fd3 u0 NavigationBar}
08-15 15:43:29.374  1003 23729 I ActivityManager: Start proc 19401:com.android.chrome:sandboxed_process2/u0i15 for service com.android.chrome/org.chromium.content.app.SandboxedProcessService2
08-15 15:43:30.428  1003  4016 I ActivityManager: Killing 17100:com.android.chrome:sandboxed_process1/u0a39i14 (adj 9): isolated not needed
08-15 15:43:30.428  1003  4016 W libprocessgroup: failed to open /acct/uid_10039/pid_17100/cgroup.procs: No such file or directory
08-15 15:43:31.905  1003  4566 W InputMethodManagerService: Window already focused, ignoring focus gain of: com.android.internal.view.IInputMethodClient$Stub$Proxy@4c7ed33 attribute=null, token = android.os.BinderProxy@9743e77
08-15 15:44:09.101  1003  4313 I ActivityManager: Start proc 20634:com.android.chrome:sandboxed_process3/u0i16 for service com.android.chrome/org.chromium.content.app.SandboxedProcessService3
08-15 15:44:10.142  1003  4418 I ActivityManager: Killing 19401:com.android.chrome:sandboxed_process2/u0a39i15 (adj 0): isolated not needed
08-15 15:44:10.142  1003  4418 W libprocessgroup: failed to open /acct/uid_10039/pid_19401/cgroup.procs: No such file or directory
08-15 15:44:10.485  1003  1018 E KernelCpuSpeedReader: Failed to read cpu-freq: /sys/devices/system/cpu/cpu4/cpufreq/stats/time_in_state: open failed: ENOENT (No such file or directory)
08-15 15:44:30.669  1003  1016 E KernelCpuSpeedReader: Failed to read cpu-freq: /sys/devices/system/cpu/cpu4/cpufreq/stats/time_in_state: open failed: ENOENT (No such file or directory)
08-15 15:44:30.712  1003  1018 E KernelCpuSpeedReader: Failed to read cpu-freq: /sys/devices/system/cpu/cpu4/cpufreq/stats/time_in_state: open failed: ENOENT (No such file or directory)
08-15 15:44:43.098  1003  3346 I ActivityManager: START u0 {act=android.intent.action.MAIN cat=[android.intent.category.HOME] flg=0x10200000 cmp=com.google.android.googlequicksearchbox/com.google.android.launcher.GEL (has extras)} from uid 1000 on display 0
08-15 15:44:43.171  1003  3346 I ActivityManager: Config changes=480 {1.0 310mcc410mnc en_US ldltr sw411dp w411dp h659dp 560dpi nrml port finger -keyb/v/h -nav/h s.151}
08-15 15:44:43.229  1003  3371 D ConnectivityService: releasing NetworkRequest NetworkRequest [ id=104, legacyType=-1, [ Capabilities: INTERNET&NOT_RESTRICTED&TRUSTED] ]
08-15 15:44:44.220  1003  1175 I WindowManager: Screen frozen for +1s81ms due to Window{f7f9593 u0 com.android.systemui.ImageWallpaper}
08-15 15:44:46.334  1003 32307 I ActivityManager: START u0 {act=android.intent.action.MAIN cat=[android.intent.category.LAUNCHER] flg=0x10200000 cmp=com.facebook.katana/.LoginActivity bnds=[579,322][861,660] (has extras)} from uid 10029 on display 0
08-15 15:44:52.848  1003  3346 I ActivityManager: START u0 {act=android.intent.action.MAIN cat=[android.intent.category.HOME] flg=0x10200000 cmp=com.google.android.googlequicksearchbox/com.google.android.launcher.GEL (has extras)} from uid 1000 on display 0
08-15 15:44:53.636  1003  3796 I ActivityManager: START u0 {act=android.intent.action.MAIN cat=[android.intent.category.LAUNCHER] flg=0x10200000 cmp=com.android.chrome/com.google.android.apps.chrome.Main bnds=[879,2103][1161,2411] (has extras)} from uid 10029 on display 0
08-15 15:44:53.702  1003  4016 D ConnectivityService: listenForNetwork for Listen from uid/pid:10039/2001 for NetworkRequest [ id=105, legacyType=-1, [ Capabilities: INTERNET&NOT_RESTRICTED&TRUSTED] ]
08-15 15:44:56.543  1003  4016 D WifiService: acquireWifiLockLocked: WifiLock{NlpWifiLock type=2 binder=android.os.BinderProxy@a0b9d52}
08-15 15:44:56.641  1003  4418 D WifiService: releaseWifiLockLocked: WifiLock{NlpWifiLock type=2 binder=android.os.BinderProxy@a0b9d52}
08-15 15:44:57.579  1003 23729 I ActivityManager: Start proc 21389:com.android.chrome:sandboxed_process4/u0i17 for service com.android.chrome/org.chromium.content.app.SandboxedProcessService4
08-15 15:44:58.369  1003  4564 W ActivityManager: Exception when unbinding service com.android.chrome/org.chromium.content.app.SandboxedProcessService3
08-15 15:44:58.369  1003  4564 W ActivityManager: android.os.DeadObjectException: Transaction failed on small parcel; remote process probably died
08-15 15:44:58.369  1003  4564 W ActivityManager: 	at android.os.BinderProxy.transactNative(Native Method)
08-15 15:44:58.369  1003  4564 W ActivityManager: 	at android.os.BinderProxy.transact(Binder.java:503)
08-15 15:44:58.369  1003  4564 W ActivityManager: 	at android.app.ApplicationThreadProxy.scheduleUnbindService(ApplicationThreadNative.java:956)
08-15 15:44:58.369  1003  4564 W ActivityManager: 	at com.android.server.am.ActiveServices.removeConnectionLocked(ActiveServices.java:1874)
08-15 15:44:58.369  1003  4564 W ActivityManager: 	at com.android.server.am.ActiveServices.unbindServiceLocked(ActiveServices.java:926)
08-15 15:44:58.369  1003  4564 W ActivityManager: 	at com.android.server.am.ActivityManagerService.unbindService(ActivityManagerService.java:16012)
08-15 15:44:58.369  1003  4564 W ActivityManager: 	at android.app.ActivityManagerNative.onTransact(ActivityManagerNative.java:996)
08-15 15:44:58.369  1003  4564 W ActivityManager: 	at com.android.server.am.ActivityManagerService.onTransact(ActivityManagerService.java:2488)
08-15 15:44:58.369  1003  4564 W ActivityManager: 	at android.os.Binder.execTransact(Binder.java:453)
08-15 15:44:58.387  1003  4417 I ActivityManager: Killing 20634:com.android.chrome:sandboxed_process3/u0a39i16 (adj 9): isolated not needed
08-15 15:44:58.387  1003  4417 W libprocessgroup: failed to open /acct/uid_10039/pid_20634/cgroup.procs: No such file or directory
08-15 15:44:58.752  1003  1018 E KernelCpuSpeedReader: Failed to read cpu-freq: /sys/devices/system/cpu/cpu4/cpufreq/stats/time_in_state: open failed: ENOENT (No such file or directory)
08-15 15:46:27.434  1003  3346 I ActivityManager: START u0 {act=android.intent.action.MAIN cat=[android.intent.category.HOME] flg=0x10200000 cmp=com.google.android.googlequicksearchbox/com.google.android.launcher.GEL (has extras)} from uid 1000 on display 0
08-15 15:46:27.504  1003  3371 D ConnectivityService: releasing NetworkRequest NetworkRequest [ id=105, legacyType=-1, [ Capabilities: INTERNET&NOT_RESTRICTED&TRUSTED] ]
08-15 15:46:28.077  1003  3440 I ActivityManager: START u0 {act=android.intent.action.MAIN cat=[android.intent.category.LAUNCHER] flg=0x10200000 cmp=com.facebook.katana/.LoginActivity bnds=[579,322][861,660] (has extras)} from uid 10029 on display 0
08-15 15:46:57.047  1003  4418 I ActivityManager: START u0 {act=android.intent.action.VIEW dat=http://thehill.com/... cmp=com.facebook.katana/com.facebook.browser.lite.BrowserLiteActivity (has extras)} from uid 10106 on display 0
08-15 15:46:57.337  1003  3370 D WifiService: New client listening to asynchronous messages
08-15 15:46:57.446  1003  4566 D ConnectivityService: listenForNetwork for Listen from uid/pid:10106/15494 for NetworkRequest [ id=106, legacyType=-1, [ Capabilities: INTERNET&NOT_RESTRICTED&TRUSTED] ]
08-15 15:46:57.547  1003  1014 D ConnectivityService: listenForNetwork for Listen from uid/pid:10106/15494 for NetworkRequest [ id=107, legacyType=-1, [ Capabilities: INTERNET&NOT_RESTRICTED&TRUSTED] ]
08-15 15:47:07.577  1003  1016 E KernelCpuSpeedReader: Failed to read cpu-freq: /sys/devices/system/cpu/cpu4/cpufreq/stats/time_in_state: open failed: ENOENT (No such file or directory)
08-15 15:47:07.621  1003  1018 E KernelCpuSpeedReader: Failed to read cpu-freq: /sys/devices/system/cpu/cpu4/cpufreq/stats/time_in_state: open failed: ENOENT (No such file or directory)
08-15 15:49:07.701  1003  1016 E KernelCpuSpeedReader: Failed to read cpu-freq: /sys/devices/system/cpu/cpu4/cpufreq/stats/time_in_state: open failed: ENOENT (No such file or directory)
08-15 15:49:07.743  1003  1018 E KernelCpuSpeedReader: Failed to read cpu-freq: /sys/devices/system/cpu/cpu4/cpufreq/stats/time_in_state: open failed: ENOENT (No such file or directory)
08-15 15:49:19.192  1003  3347 I PowerManagerService: Going to sleep due to power button (uid 1000)...
08-15 15:49:19.916  1003  1187 E KernelCpuSpeedReader: Failed to read cpu-freq: /sys/devices/system/cpu/cpu4/cpufreq/stats/time_in_state: open failed: ENOENT (No such file or directory)
08-15 15:49:20.004  1003  1175 I DisplayManagerService: Display device changed state: "Built-in Screen", OFF
08-15 15:49:20.340  1003  1187 I DreamManagerService: Entering dreamland.
08-15 15:49:20.340  1003  1187 I PowerManagerService: Dozing...
08-15 15:49:20.341  1003  1018 I DreamController: Starting dream: name=ComponentInfo{com.android.systemui/com.android.systemui.doze.DozeService}, isTest=false, canDoze=true, userId=0
08-15 15:49:30.804  1003  1016 E KernelCpuSpeedReader: Failed to read cpu-freq: /sys/devices/system/cpu/cpu4/cpufreq/stats/time_in_state: open failed: ENOENT (No such file or directory)
08-15 15:50:07.256  1003  4417 D WifiService: acquireWifiLockLocked: WifiLock{NlpWifiLock type=2 binder=android.os.BinderProxy@9e2277d}
08-15 15:50:07.309  1003  4565 D WifiService: releaseWifiLockLocked: WifiLock{NlpWifiLock type=2 binder=android.os.BinderProxy@9e2277d}
08-15 15:53:30.845  1003  1187 I DisplayPowerController: Blocking screen on until initial contents have been drawn.
08-15 15:53:30.847  1003  1175 I DisplayManagerService: Display device changed state: "Built-in Screen", DOZE
08-15 15:53:31.447  1003  1187 I DisplayPowerController: Unblocked screen on after 602 ms
08-15 15:53:31.833  1003  4313 I PowerManagerService: Waking up from dozing (uid 10027)...
08-15 15:53:31.853  1003  1175 I DisplayManagerService: Display device changed state: "Built-in Screen", ON
08-15 15:53:31.856  1003  1187 I DreamManagerService: Gently waking up from dream.
08-15 15:53:31.912  1003  4016 I DreamManagerService: Leaving dreamland.
08-15 15:53:31.912  1003  1018 I DreamController: Stopping dream: name=ComponentInfo{com.android.systemui/com.android.systemui.doze.DozeService}, isTest=false, canDoze=true, userId=0
08-15 15:53:33.650  1003  1003 V FingerprintService: onAuthenticated(owner=com.android.systemui, id=-43147386, gp=0)
08-15 15:53:34.015  1003  4566 W InputMethodManagerService: Window already focused, ignoring focus gain of: com.android.internal.view.IInputMethodClient$Stub$Proxy@ebe0971 attribute=android.view.inputmethod.EditorInfo@c30a356, token = android.os.BinderProxy@489dc97
08-15 15:53:34.362  1003  4313 W BroadcastQueue: Permission Denial: broadcasting Intent { act=android.intent.action.USER_PRESENT flg=0x24000010 } from com.android.systemui (pid=3449, uid=10027) is not exported from uid 10116 due to receiver com.yik.yak/com.parse.ParseBroadcastReceiver
08-15 15:53:34.988  1003  4016 W InputMethodManagerService: Window already focused, ignoring focus gain of: com.android.internal.view.IInputMethodClient$Stub$Proxy@1964fd5 attribute=null, token = android.os.BinderProxy@489dc97
08-15 15:53:36.756  1003  1003 I ActivityManager: Start proc 24318:com.google.android.gm/u0a68 for service com.google.android.gm/.GmailIntentService
08-15 15:53:37.299 24318 24343 D ActivityThread: Loading provider com.google.android.gmail.provider;com.android.mail.notifier;com.google.android.gm.email.provider;com.google.android.gm.email.notifier: com.android.email.provider.EmailProvider
08-15 15:53:37.747  1003  4417 W ActivityManager: Unable to start service Intent { cmp=com.google.android.gm.exchange/com.android.exchange.service.EasService } U=0: not found
08-15 15:53:37.791  1003  4168 W ActivityManager: Unable to start service Intent { cmp=com.google.android.gm/com.android.email.service.AttachmentService } U=0: not found
08-15 15:53:37.812  1003 32307 W ActivityManager: Unable to start service Intent { cmp=com.google.android.gm.exchange/com.android.exchange.service.EasService } U=0: not found
08-15 15:53:40.245  1003  3347 I PowerManagerService: Going to sleep due to power button (uid 1000)...
08-15 15:53:40.760  1003  1187 E KernelCpuSpeedReader: Failed to read cpu-freq: /sys/devices/system/cpu/cpu4/cpufreq/stats/time_in_state: open failed: ENOENT (No such file or directory)
08-15 15:53:40.810  1003  1175 I DisplayManagerService: Display device changed state: "Built-in Screen", OFF
08-15 15:53:41.130  1003  1187 I DreamManagerService: Entering dreamland.
08-15 15:53:41.130  1003  1187 I PowerManagerService: Dozing...
08-15 15:53:41.132  1003  1018 I DreamController: Starting dream: name=ComponentInfo{com.android.systemui/com.android.systemui.doze.DozeService}, isTest=false, canDoze=true, userId=0
08-15 15:53:41.160  1003 32307 W InputMethodManagerService: Window already focused, ignoring focus gain of: com.android.internal.view.IInputMethodClient$Stub$Proxy@629886f attribute=android.view.inputmethod.EditorInfo@c1b197c, token = android.os.BinderProxy@489dc97
08-15 15:53:46.717  1003  3347 I PowerManagerService: Waking up from dozing (uid 1000)...
08-15 15:53:46.731  1003  1187 I DisplayPowerController: Blocking screen on until initial contents have been drawn.
08-15 15:53:46.740  1003  1175 I DisplayManagerService: Display device changed state: "Built-in Screen", ON
08-15 15:53:46.831  1003  1187 I DisplayPowerController: Unblocked screen on after 100 ms
08-15 15:53:46.831  1003  1187 I DreamManagerService: Gently waking up from dream.
08-15 15:53:46.833  1003  3816 I DreamManagerService: Leaving dreamland.
08-15 15:53:46.833  1003  1018 I DreamController: Stopping dream: name=ComponentInfo{com.android.systemui/com.android.systemui.doze.DozeService}, isTest=false, canDoze=true, userId=0
08-15 15:53:58.451  1003  1187 I PowerManagerService: Going to sleep due to screen timeout (uid 1000)...
08-15 15:53:59.017  1003  1175 I DisplayManagerService: Display device changed state: "Built-in Screen", OFF
08-15 15:53:59.371  1003  1187 I DreamManagerService: Entering dreamland.
08-15 15:53:59.372  1003  1187 I PowerManagerService: Dozing...
08-15 15:53:59.372  1003  1018 I DreamController: Starting dream: name=ComponentInfo{com.android.systemui/com.android.systemui.doze.DozeService}, isTest=false, canDoze=true, userId=0
08-15 15:54:33.089  1003  3371 D ConnectivityService: notifyType CAP_CHANGED for NetworkAgentInfo [MOBILE (LTE) - 108]
08-15 15:54:33.117  1003  1003 I ActivityManager: Start proc 24668:com.android.providers.calendar/u0a1 for content provider com.android.providers.calendar/.CalendarProvider2
08-15 15:54:33.128  1003  3371 D ConnectivityService: Setting tx/rx TCP buffers to 131072,262144,1452032,4096,16384,399360
08-15 15:54:33.158  1003  3371 D ConnectivityService: notifyType IP_CHANGED for NetworkAgentInfo [MOBILE (HSPA) - 108]
08-15 15:54:33.169  1003  1015 I UsageStatsService: Time changed in UsageStats by -2 seconds
08-15 15:54:33.170  1003  1015 I UsageStatsService: User[0] Flushing usage stats to disk
08-15 15:54:33.368  1003  4168 W BroadcastQueue: Permission Denial: broadcasting Intent { act=android.intent.action.SERVICE_STATE flg=0x10 (has extras) } from android (pid=4139, uid=1001) requires com.htc.sense.permission.APP_HSP due to receiver com.htc.sense.hsp/.weather.location.HtcNLPSwitchReceiver
08-15 15:54:33.383  1003  1016 I ActivityManager: Start proc 24685:com.qualcomm.timeservice/1000 for broadcast com.qualcomm.timeservice/.TimeServiceBroadcastReceiver
08-15 15:54:33.428  1003  1015 I UsageStatsDatabase: Time changed by -2s31ms. files deleted: 0 files moved: 102
08-15 15:54:33.436  1003  1015 I UsageStatsService: User[0] Rollover scheduled @ 2016-08-15 17:00:00(1471305600000)
08-15 15:54:33.549  1003 23729 I ActivityManager: Start proc 24712:com.google.android.deskclock/u0a66 for broadcast com.google.android.deskclock/com.android.deskclock.AlarmInitReceiver
08-15 15:54:33.968  1003  3468 I ActivityManager: Start proc 24741:com.google.android.calendar/u0a36 for broadcast com.google.android.calendar/com.android.calendar.widget.CalendarAppWidgetProvider
08-15 15:54:34.114  1003  1016 I ActivityManager: Start proc 24637:com.android.cellbroadcastreceiver/u0a4 for broadcast com.android.cellbroadcastreceiver/.CellBroadcastReceiver
08-15 15:54:34.444  1003  4168 I ActivityManager: Start proc 24768:com.htc.videocenter/u0a101 for broadcast com.htc.videohub.ui/.TimeChangedReceiver
08-15 15:54:34.668  1003  4168 I ActivityManager: Start proc 24783:com.htc.sense.hsp/u0a103 for broadcast com.htc.sense.hsp/.activeservice.DeviceEventReceiver
08-15 15:54:36.340  1003  1013 I ActivityManager: Start proc 24798:com.google.android.keep/u0a83 for broadcast com.google.android.keep/.notification.AlertReceiver
08-15 15:54:39.481  1003  3816 W BroadcastQueue: Permission Denial: broadcasting Intent { act=android.intent.action.SERVICE_STATE flg=0x10 (has extras) } from android (pid=4139, uid=1001) requires com.htc.sense.permission.APP_HSP due to receiver com.htc.sense.hsp/.weather.location.HtcNLPSwitchReceiver
08-15 15:54:39.495  1003  1016 I ActivityManager: Start proc 24821:com.guidebook.android/u0a144 for broadcast com.guidebook.android/com.layer.sdk.services.LayerReceiver
08-15 15:54:41.711  1003  4417 I ActivityManager: Start proc 24872:com.yik.yak/u0a116 for broadcast com.yik.yak/com.layer.sdk.services.LayerReceiver
08-15 15:54:41.712  1003  4417 I ActivityManager: Killing 3357:com.google.android.partnersetup/u0a18 (adj 15): empty #17
08-15 15:54:42.696  1003  4418 I ActivityManager: Killing 4078:com.android.providers.partnerbookmarks/u0a61 (adj 15): empty #17
08-15 15:54:46.726  1003 23729 D WifiService: acquireWifiLockLocked: WifiLock{NlpWifiLock type=2 binder=android.os.BinderProxy@420238a}
08-15 15:54:46.767  1003  3796 D WifiService: releaseWifiLockLocked: WifiLock{NlpWifiLock type=2 binder=android.os.BinderProxy@420238a}
08-15 15:55:20.471  1003 32307 I ActivityManager: Killing 6274:com.venmo/u0a133 (adj 15): empty #17
08-15 15:55:20.500  1003 32307 I ActivityManager: Killing 10524:com.google.android.talk/u0a53 (adj 15): empty #17
08-15 15:55:47.358  1003  4417 D WifiService: acquireWifiLockLocked: WifiLock{NlpWifiLock type=2 binder=android.os.BinderProxy@31863af}
08-15 15:55:47.399  1003  3468 D WifiService: releaseWifiLockLocked: WifiLock{NlpWifiLock type=2 binder=android.os.BinderProxy@31863af}
08-15 15:56:17.168  1003  4168 I Telecom : PhoneAccountRegistrar: [ComponentInfo{com.android.phone/com.android.services.telephony.TelephonyConnectionService}, [40f21c6cf58d816f89aaa6c7df071401c45e1202], UserHandle{0}(icon: Icon(typ=BITMAP size=67x84) -> Icon(typ=BITMAP size=67x84))]
08-15 15:56:17.178  1003  4168 I Telecom : : Sending phone-account registered intent as user
08-15 15:56:17.207  1003 32307 I Telecom : PhoneAccountRegistrar: [ComponentInfo{com.android.phone/com.android.services.telephony.TelephonyConnectionService}, [40f21c6cf58d816f89aaa6c7df071401c45e1202], UserHandle{0}(icon: Icon(typ=BITMAP size=67x84) -> Icon(typ=BITMAP size=67x84))(lbl: AT&T -> Maritime)(desc: AT&T -> Maritime)]
08-15 15:56:17.222  1003 32307 I Telecom : : Sending phone-account registered intent as user
08-15 15:56:17.228  1003  4566 W Telecom : : No account found for the calling user
08-15 15:56:17.234  1003  4016 I Telecom : PhoneAccountRegistrar: [ComponentInfo{com.android.phone/com.android.services.telephony.TelephonyConnectionService}, [40f21c6cf58d816f89aaa6c7df071401c45e1202], UserHandle{0}(icon: Icon(typ=BITMAP size=67x84) -> Icon(typ=BITMAP size=67x84))]
08-15 15:56:17.242  1003  4016 I Telecom : : Sending phone-account registered intent as user
08-15 15:56:17.274  1003  4168 W BroadcastQueue: Permission Denial: broadcasting Intent { act=android.intent.action.SERVICE_STATE flg=0x10 (has extras) } from android (pid=4139, uid=1001) requires com.htc.sense.permission.APP_HSP due to receiver com.htc.sense.hsp/.weather.location.HtcNLPSwitchReceiver
08-15 15:56:18.006  1003  3371 D ConnectivityService: notifyType CAP_CHANGED for NetworkAgentInfo [MOBILE (HSPA) - 108]
08-15 15:56:18.007  1003  4417 W BroadcastQueue: Permission Denial: broadcasting Intent { act=android.intent.action.SERVICE_STATE flg=0x10 (has extras) } from android (pid=4139, uid=1001) requires com.htc.sense.permission.APP_HSP due to receiver com.htc.sense.hsp/.weather.location.HtcNLPSwitchReceiver
08-15 15:56:18.010  1003  3371 D ConnectivityService: Setting tx/rx TCP buffers to 524288,1048576,8388608,262144,524288,4194304
08-15 15:56:18.031  1003  3371 D ConnectivityService: notifyType IP_CHANGED for NetworkAgentInfo [MOBILE (LTE) - 108]
08-15 15:56:18.086  1003 32307 I Telecom : PhoneAccountRegistrar: [ComponentInfo{com.android.phone/com.android.services.telephony.TelephonyConnectionService}, [40f21c6cf58d816f89aaa6c7df071401c45e1202], UserHandle{0}(icon: Icon(typ=BITMAP size=67x84) -> Icon(typ=BITMAP size=67x84))(lbl: Maritime -> AT&T)(desc: Maritime -> AT&T)]
08-15 15:56:18.098  1003 32307 I Telecom : : Sending phone-account registered intent as user
08-15 15:56:18.105  1003  3796 W Telecom : : No account found for the calling user
08-15 15:56:46.404  1003  3816 D WifiService: acquireWifiLockLocked: WifiLock{NlpWifiLock type=2 binder=android.os.BinderProxy@ea69}
08-15 15:56:46.466  1003  4168 D WifiService: releaseWifiLockLocked: WifiLock{NlpWifiLock type=2 binder=android.os.BinderProxy@ea69}
08-15 15:56:54.135  1003  1016 I ActivityManager: Start proc 25094:com.spotify.music/u0a107 for broadcast com.spotify.music/com.spotify.mobile.android.service.BluetoothServiceManager
08-15 15:56:55.457  1003  4418 I ActivityManager: Start proc 25142:com.skype.raider/u0a109 for broadcast com.skype.raider/com.skype.android.audio.BluetoothReceiver
08-15 15:56:57.619  1003  3370 D WifiService: New client listening to asynchronous messages
08-15 15:57:00.608  1003  4417 W ActivityManager: Permission Denial: Accessing service ComponentInfo{com.google.android.music/com.google.android.music.dial.DialMediaRouteProviderService} from pid=25094, uid=10107 that is not exported from uid 10059
08-15 15:57:00.905  1003  4565 W BroadcastQueue: Permission Denial: broadcasting Intent { act=com.android.music.metachanged flg=0x10 (has extras) } from com.spotify.music (pid=25094, uid=10107) is not exported from uid 10059 due to receiver com.google.android.music/.wear.WearBroadcastReceiver
08-15 15:57:01.665  1003  1016 W BroadcastQueue: Permission Denial: broadcasting Intent { act=com.android.music.metachanged flg=0x10 (has extras) } from com.spotify.music (pid=25094, uid=10107) is not exported from uid 10059 due to receiver com.google.android.music/.wear.WearBroadcastReceiver
08-15 15:57:07.016  1003  1187 I DisplayPowerController: Blocking screen on until initial contents have been drawn.
08-15 15:57:07.021  1003  1175 I DisplayManagerService: Display device changed state: "Built-in Screen", DOZE
08-15 15:57:07.241  1003  1003 V FingerprintService: onAuthenticated(owner=com.android.systemui, id=-43147386, gp=0)
08-15 15:57:07.265  1003  1187 I DisplayPowerController: Unblocked screen on after 250 ms
08-15 15:57:07.268  1003  3796 I PowerManagerService: Waking up from dozing (uid 10027)...
08-15 15:57:07.282  1003  1187 I DreamManagerService: Gently waking up from dream.
08-15 15:57:07.305  1003  3440 I DreamManagerService: Leaving dreamland.
08-15 15:57:07.306  1003  1018 I DreamController: Stopping dream: name=ComponentInfo{com.android.systemui/com.android.systemui.doze.DozeService}, isTest=false, canDoze=true, userId=0
08-15 15:57:07.398  1003  1175 I DisplayManagerService: Display device changed state: "Built-in Screen", ON
08-15 15:57:07.491  1003  3816 I ActivityManager: Config changes=480 {1.0 310mcc410mnc en_US ldltr sw411dp w683dp h387dp 560dpi nrml land finger -keyb/v/h -nav/h s.152}
08-15 15:57:07.664  1003  4016 W InputMethodManagerService: Window already focused, ignoring focus gain of: com.android.internal.view.IInputMethodClient$Stub$Proxy@c38c849 attribute=android.view.inputmethod.EditorInfo@2a9b54e, token = android.os.BinderProxy@489dc97
08-15 15:57:07.864  1003  1175 I WindowManager: Screen frozen for +461ms due to Window{3b31e84 u0 com.facebook.katana/com.facebook.browser.lite.BrowserLiteActivity}
08-15 15:57:07.877  1003 32307 W BroadcastQueue: Permission Denial: broadcasting Intent { act=android.intent.action.USER_PRESENT flg=0x24000010 } from com.android.systemui (pid=3449, uid=10027) is not exported from uid 10116 due to receiver com.yik.yak/com.parse.ParseBroadcastReceiver
08-15 15:57:08.065  1003  4016 D WifiService: acquireWifiLockLocked: WifiLock{NlpWifiLock type=2 binder=android.os.BinderProxy@d4755b9}
08-15 15:57:08.112  1003  3440 D WifiService: releaseWifiLockLocked: WifiLock{NlpWifiLock type=2 binder=android.os.BinderProxy@d4755b9}
08-15 15:57:08.367  1003  1175 I ActivityManager: Config changes=480 {1.0 310mcc410mnc en_US ldltr sw411dp w411dp h659dp 560dpi nrml port finger -keyb/v/h -nav/h s.153}
08-15 15:57:08.515  1003  1175 I WindowManager: Screen frozen for +191ms due to Window{3a65d55 u0 StatusBar}
08-15 15:57:08.668  1003  3440 I ActivityManager: Process com.qualcomm.qcrilmsgtunnel (pid 7651) has died
08-15 15:57:08.668  1003  3440 W ActivityManager: Scheduling restart of crashed service com.qualcomm.qcrilmsgtunnel/.QcrilMsgTunnelService in 1000ms
08-15 15:57:08.832  1003 32307 I ActivityManager: Process com.qualcomm.display (pid 7610) has died
08-15 15:57:08.833  1003 32307 W ActivityManager: Scheduling restart of crashed service com.qualcomm.cabl/.CABLService in 10835ms
08-15 15:57:08.840  1003  4564 I ActivityManager: Process com.huawei.sarcontrolservice (pid 7637) has died
08-15 15:57:08.840  1003  4564 W ActivityManager: Scheduling restart of crashed service com.huawei.sarcontrolservice/.SarControlService in 20828ms
08-15 15:57:08.859  1003  4565 I ActivityManager: Process android.process.media (pid 31654) has died
08-15 15:57:08.894  1003  3468 I ActivityManager: Process org.telegram.messenger (pid 4580) has died
08-15 15:57:08.895  1003  3468 W ActivityManager: Scheduling restart of crashed service org.telegram.messenger/.NotificationsService in 30773ms
08-15 15:57:08.934  1003  4418 I ActivityManager: Process com.guidebook.android (pid 24821) has died
08-15 15:57:08.939  1003  3816 I ActivityManager: Process com.google.android.gm (pid 24318) has died
08-15 15:57:09.101  1003  4566 I ActivityManager: Process com.alienmanfc6.wheresmyandroid (pid 9126) has died
08-15 15:57:09.101  1003  4566 W ActivityManager: Scheduling restart of crashed service com.alienmanfc6.wheresmyandroid/.MessageSystem in 40567ms
08-15 15:57:09.122  1003  4565 I ActivityManager: Process com.google.android.music:main (pid 16061) has died
08-15 15:57:09.122  1003  4565 W ActivityManager: Scheduling restart of crashed service com.google.android.music/.wear.WearDataTransferConnectionService in 40546ms
08-15 15:57:09.123  1003  4565 W ActivityManager: Scheduling restart of crashed service com.google.android.music/com.google.android.wearable.datatransfer.DataSyncService in 5964184ms
08-15 15:57:09.133  1003  4016 I ActivityManager: Process com.google.android.gms.unstable (pid 23036) has died
08-15 15:57:09.207  1003  1014 D ConnectivityService: ConnectivityService NetworkRequestInfo binderDied(NetworkRequest [ id=72, legacyType=-1, [ Capabilities: INTERNET&NOT_RESTRICTED&TRUSTED] ], android.os.BinderProxy@41dd2d)
08-15 15:57:09.216  1003  3371 D ConnectivityService: releasing NetworkRequest NetworkRequest [ id=72, legacyType=-1, [ Capabilities: INTERNET&NOT_RESTRICTED&TRUSTED] ]
08-15 15:57:09.254  1003  3371 E ConnectivityService: RemoteException caught trying to send a callback msg for NetworkRequest [ id=72, legacyType=-1, [ Capabilities: INTERNET&NOT_RESTRICTED&TRUSTED] ]
08-15 15:57:09.270  1003  4418 I ActivityManager: Process com.scopely.minigolf.free (pid 10969) has died
08-15 15:57:09.270  1003  4418 W ActivityManager: Scheduling restart of crashed service com.scopely.minigolf.free/com.withbuddies.core.push.PushService in 40398ms
08-15 15:57:09.537  1003  3346 I ActivityManager: START u0 {act=android.intent.action.MAIN cat=[android.intent.category.HOME] flg=0x10200000 cmp=com.google.android.googlequicksearchbox/com.google.android.launcher.GEL (has extras)} from uid 1000 on display 0
08-15 15:57:09.690  1003  1016 I ActivityManager: Start proc 25600:com.qualcomm.qcrilmsgtunnel/1001 for service com.qualcomm.qcrilmsgtunnel/.QcrilMsgTunnelService
08-15 15:57:10.409  1003  1016 I ActivityManager: Waited long enough for: ServiceRecord{7543b50 u0 com.spotify.music/com.spotify.mobile.android.spotlets.smartdevicelink.service.SmartDeviceLinkService}
08-15 15:57:11.858  1003  4566 E libprocessgroup: failed to kill 1 processes for processgroup 18161
08-15 15:57:11.858  1003  4566 I ActivityManager: Process com.lookout (pid 18161) has died
08-15 15:57:11.859  1003  4566 W ActivityManager: Scheduling restart of crashed service com.lookout/.services.NotificationService in 47809ms
08-15 15:57:11.861  1003  1016 I ActivityManager: Waited long enough for: ServiceRecord{ed7d7e6 u0 com.spotify.music/com.spotify.mobile.android.service.BluetoothLoggingService}
08-15 15:57:12.236  1003  1014 I ActivityManager: START u0 {act=android.intent.action.MAIN cat=[android.intent.category.LAUNCHER] flg=0x10200000 cmp=com.google.android.apps.maps/com.google.android.maps.MapsActivity (has extras)} from uid 10029 on display 0
08-15 15:57:12.367  1003  4418 I ActivityManager: Start proc 25790:com.google.android.apps.maps/u0a58 for activity com.google.android.apps.maps/com.google.android.maps.MapsActivity
08-15 15:57:14.048  1003  3370 D WifiService: New client listening to asynchronous messages
08-15 15:57:14.081  1003  3468 D CryptdConnector: SND -> {50 cryptfs cryptocomplete}
08-15 15:57:14.090   349   388 I Ext4Crypt: ext4 crypto complete called on /data
08-15 15:57:14.091   349   388 I Ext4Crypt: No master key, so not ext4enc
08-15 15:57:14.094  1003  3351 D CryptdConnector: RCV <- {200 50 0}
08-15 15:57:14.095  1003  3468 D CryptdConnector: SND -> {51 cryptfs getpwtype}
08-15 15:57:14.095   349   388 D VoldCryptCmdListener: cryptfs getpwtype
08-15 15:57:14.095   349   388 I Ext4Crypt: ext4 crypto complete called on /data
08-15 15:57:14.095   349   388 I Ext4Crypt: No master key, so not ext4enc
08-15 15:57:14.097  1003  3351 D CryptdConnector: RCV <- {213 51 default}
08-15 15:57:14.192  1003 32307 I ActivityManager: Start proc 25983:com.google.android.gms.feedback/u0a12 for service com.google.android.gms/.feedback.FeedbackService
08-15 15:57:15.781  1003  4313 D WifiService: acquireWifiLockLocked: WifiLock{NlpWifiLock type=2 binder=android.os.BinderProxy@387b0}
08-15 15:57:15.833  1003  4565 D WifiService: releaseWifiLockLocked: WifiLock{NlpWifiLock type=2 binder=android.os.BinderProxy@387b0}
08-15 15:57:19.682  1003  1016 I ActivityManager: Start proc 26482:com.qualcomm.display/1000 for service com.qualcomm.cabl/.CABLService
08-15 15:57:20.820  1003  3816 D WifiService: acquireWifiLockLocked: WifiLock{NlpWifiLock type=2 binder=android.os.BinderProxy@c15fa01}
08-15 15:57:20.856  1003  4565 D WifiService: releaseWifiLockLocked: WifiLock{NlpWifiLock type=2 binder=android.os.BinderProxy@c15fa01}
08-15 15:57:25.826  1003  4313 D WifiService: acquireWifiLockLocked: WifiLock{NlpWifiLock type=2 binder=android.os.BinderProxy@8e4005c}
08-15 15:57:25.899  1003  4168 D WifiService: releaseWifiLockLocked: WifiLock{NlpWifiLock type=2 binder=android.os.BinderProxy@8e4005c}
08-15 15:57:27.537  1003  4418 W ActivityManager: Permission Denial: Accessing service ComponentInfo{com.google.android.music/com.google.android.music.dial.DialMediaRouteProviderService} from pid=25790, uid=10058 that is not exported from uid 10059
08-15 15:57:29.687  1003  1016 I ActivityManager: Start proc 27081:com.huawei.sarcontrolservice/u0a54 for service com.huawei.sarcontrolservice/.SarControlService
08-15 15:57:30.833  1003  4418 D WifiService: acquireWifiLockLocked: WifiLock{NlpWifiLock type=2 binder=android.os.BinderProxy@8e4005c}
08-15 15:57:30.882  1003 23729 D WifiService: releaseWifiLockLocked: WifiLock{NlpWifiLock type=2 binder=android.os.BinderProxy@8e4005c}
08-15 15:57:38.691  1003  1016 I ProcessStatsService: Prepared write state in 19ms
08-15 15:57:39.731  1003  1016 I ActivityManager: Start proc 27914:org.telegram.messenger/u0a110 for service org.telegram.messenger/.NotificationsService
08-15 15:57:49.686  1003  1016 I ActivityManager: Start proc 28893:com.scopely.minigolf.free/u0a122 for service com.scopely.minigolf.free/com.withbuddies.core.push.PushService
08-15 15:57:52.458  1003  4566 D ConnectivityService: listenForNetwork for Listen from uid/pid:10122/28893 for NetworkRequest [ id=108, legacyType=-1, [ Capabilities: INTERNET&NOT_RESTRICTED&TRUSTED] ]
08-15 15:57:52.601  1003 32307 D ConnectivityService: listenForNetwork for Listen from uid/pid:10122/28893 for NetworkRequest [ id=109, legacyType=-1, [ Capabilities: INTERNET&NOT_RESTRICTED&TRUSTED] ]
08-15 15:57:52.618  1003  3371 D ConnectivityService: releasing NetworkRequest NetworkRequest [ id=108, legacyType=-1, [ Capabilities: INTERNET&NOT_RESTRICTED&TRUSTED] ]
08-15 15:57:59.686  1003  1016 I ActivityManager: Start proc 29487:com.lookout/u0a100 for service com.lookout/.services.NotificationService
08-15 15:58:05.329  1003  4566 I ActivityManager: Process com.yik.yak (pid 24872) has died
08-15 15:58:05.443  1003  3347 I PowerManagerService: Going to sleep due to power button (uid 1000)...
08-15 15:58:05.817  1003  4418 I ActivityManager: Process com.google.android.calendar (pid 24741) has died
08-15 15:58:05.834  1003 23729 I ActivityManager: Process com.google.android.deskclock (pid 24712) has died
08-15 15:58:06.050  1003  1187 E KernelCpuSpeedReader: Failed to read cpu-freq: /sys/devices/system/cpu/cpu4/cpufreq/stats/time_in_state: open failed: ENOENT (No such file or directory)
08-15 15:58:06.243  1003  1175 I DisplayManagerService: Display device changed state: "Built-in Screen", OFF
08-15 15:58:06.592  1003  1016 W ActivityManager: Activity pause timeout for ActivityRecord{740d7c3 u0 com.google.android.apps.maps/com.google.android.maps.MapsActivity t3251}
08-15 15:58:06.686  1003  1187 I DreamManagerService: Entering dreamland.
08-15 15:58:06.687  1003  1187 I PowerManagerService: Dozing...
08-15 15:58:06.687  1003  1018 I DreamController: Starting dream: name=ComponentInfo{com.android.systemui/com.android.systemui.doze.DozeService}, isTest=false, canDoze=true, userId=0
08-15 15:58:06.899  1003  4565 D WifiService: acquireWifiLockLocked: WifiLock{NlpWifiLock type=2 binder=android.os.BinderProxy@44ac9b2}
08-15 15:58:06.938  1003  3440 D WifiService: releaseWifiLockLocked: WifiLock{NlpWifiLock type=2 binder=android.os.BinderProxy@44ac9b2}
08-15 15:58:07.955  1003  1016 E KernelCpuSpeedReader: Failed to read cpu-freq: /sys/devices/system/cpu/cpu4/cpufreq/stats/time_in_state: open failed: ENOENT (No such file or directory)
08-15 15:58:08.030  1003  1018 E KernelCpuSpeedReader: Failed to read cpu-freq: /sys/devices/system/cpu/cpu4/cpufreq/stats/time_in_state: open failed: ENOENT (No such file or directory)
08-15 15:58:08.791  1003  1187 I DisplayPowerController: Blocking screen on until initial contents have been drawn.
08-15 15:58:08.793  1003  1175 I DisplayManagerService: Display device changed state: "Built-in Screen", DOZE
08-15 15:58:08.902  1003  1187 I DisplayPowerController: Unblocked screen on after 111 ms
08-15 15:58:09.055  1003  1014 I PowerManagerService: Waking up from dozing (uid 10027)...
08-15 15:58:09.067  1003  1187 E KernelCpuSpeedReader: Failed to read cpu-freq: /sys/devices/system/cpu/cpu4/cpufreq/stats/time_in_state: open failed: ENOENT (No such file or directory)
08-15 15:58:09.081  1003  1175 I DisplayManagerService: Display device changed state: "Built-in Screen", ON
08-15 15:58:09.095  1003  1187 I DreamManagerService: Gently waking up from dream.
08-15 15:58:09.114  1003 32307 I DreamManagerService: Leaving dreamland.
08-15 15:58:09.115  1003  1018 I DreamController: Stopping dream: name=ComponentInfo{com.android.systemui/com.android.systemui.doze.DozeService}, isTest=false, canDoze=true, userId=0
08-15 15:58:12.303  1003  3816 I ActivityManager: Process com.qualcomm.timeservice (pid 24685) has died
08-15 15:58:12.497  1003  3468 I ActivityManager: Process com.htc.sense.hsp (pid 24783) has died
08-15 15:58:12.712  1003  4566 I ActivityManager: Process com.htc.videocenter (pid 24768) has died
08-15 15:58:12.908  1003  4565 I ActivityManager: Process com.android.providers.calendar (pid 24668) has died
08-15 15:58:12.971  1003  1016 E KernelCpuSpeedReader: Failed to read cpu-freq: /sys/devices/system/cpu/cpu4/cpufreq/stats/time_in_state: open failed: ENOENT (No such file or directory)
08-15 15:58:13.627  1003  3370 D WifiService: Client connection lost with reason: 4
08-15 15:58:13.632  1003  3440 I ActivityManager: Process com.skype.raider (pid 25142) has died
08-15 15:58:14.309  1003  1014 I ActivityManager: Process com.google.android.keep (pid 24798) has died
08-15 15:58:14.355  1003  3468 I ActivityManager: Process android.process.acore (pid 23594) has died
08-15 15:58:14.618  1003  3440 I ActivityManager: Process com.android.cellbroadcastreceiver (pid 24637) has died
08-15 15:58:24.443  1003  1187 I PowerManagerService: Going to sleep due to screen timeout (uid 1000)...
08-15 15:58:25.014  1003  1175 I DisplayManagerService: Display device changed state: "Built-in Screen", OFF
08-15 15:58:25.353  1003  1187 I DreamManagerService: Entering dreamland.
08-15 15:58:25.354  1003  1187 I PowerManagerService: Dozing...
08-15 15:58:25.355  1003  1018 I DreamController: Starting dream: name=ComponentInfo{com.android.systemui/com.android.systemui.doze.DozeService}, isTest=false, canDoze=true, userId=0
08-15 16:00:39.265  1003  3816 D WifiService: acquireWifiLockLocked: WifiLock{NlpWifiLock type=2 binder=android.os.BinderProxy@44ac9b2}
08-15 16:00:39.330  1003  3440 D WifiService: releaseWifiLockLocked: WifiLock{NlpWifiLock type=2 binder=android.os.BinderProxy@44ac9b2}
