08-15 02:26:20.025  1003  1016 I chatty  : uid=1000(system) ActivityManager expire 11 lines
08-15 02:26:27.409  1003  3816 I chatty  : uid=1000(system) Binder_6 expire 7 lines
08-15 02:26:39.336  1003  4417 I chatty  : uid=1000(system) Binder_A expire 14 lines
08-15 02:26:39.670  1003  3796 I chatty  : uid=1000(system) Binder_5 expire 9 lines
08-15 02:26:39.686  1003  4418 I chatty  : uid=1000(system) Binder_B expire 8 lines
08-15 02:26:39.696  1003  4168 I chatty  : uid=1000(system) Binder_8 expire 9 lines
08-15 02:26:41.020  1003  4566 I chatty  : uid=1000(system) Binder_E expire 8 lines
08-15 02:26:45.022  1003  4565 I chatty  : uid=1000(system) Binder_D expire 10 lines
08-15 02:26:49.378  1003  1018 I chatty  : uid=1000(system) android.fg expire 11 lines
08-15 02:26:49.988  1003  4016 I chatty  : uid=1000(system) Binder_7 expire 10 lines
08-15 02:26:59.311  1003 23729 I chatty  : uid=1000(system) Binder_F expire 5 lines
08-15 02:28:51.160  3449  3449 V DeadZone: consuming errant click: (143.0,0.0)
08-15 02:29:18.039  1003  3371 I chatty  : uid=1000(system) ConnectivitySer expire 5 lines
08-15 02:31:37.218  1003  1015 I chatty  : uid=1000(system) android.bg expire 4 lines
08-15 02:33:11.478  1003  4564 I chatty  : uid=1000(system) Binder_C expire 5 lines
08-15 02:33:12.593  1003  1175 I chatty  : uid=1000(system) android.display expire 10 lines
08-15 02:33:22.381  1003  3440 I chatty  : uid=1000(system) Binder_3 expire 3 lines
08-15 02:33:24.512  1003  1013 I chatty  : uid=1000(system) Binder_1 expire 3 lines
08-15 02:33:28.111  3449  3449 V DeadZone: consuming errant click: (1143.0,42.0)
08-15 02:33:34.356  1003  1017 I chatty  : uid=1000(system) android.ui expire 21 lines
08-15 02:34:36.296  3449  3449 V DeadZone: consuming errant click: (604.0,34.0)
08-15 02:38:53.301  3449  3449 V DeadZone: consuming errant click: (102.0,0.0)
08-15 02:38:53.642  3449  3449 V DeadZone: consuming errant click: (98.0,0.0)
08-15 02:38:54.977  3449  3449 V DeadZone: consuming errant click: (87.0,0.0)
08-15 02:38:55.769  3449  3449 V DeadZone: consuming errant click: (88.0,0.0)
08-15 02:38:56.201  3449  3449 V DeadZone: consuming errant click: (88.0,0.0)
08-15 02:38:56.840  3449  3449 V DeadZone: consuming errant click: (89.0,0.0)
08-15 02:38:58.169  3449  3449 V DeadZone: consuming errant click: (89.0,0.0)
08-15 02:38:59.320  3449  3449 V DeadZone: consuming errant click: (89.0,0.0)
08-15 02:41:14.040 16538 16538 W ViewRootImpl: Dropping event due to root view being removed: MotionEvent { action=ACTION_MOVE, actionButton=0, id[0]=0, x[0]=-207.0, y[0]=772.0, toolType[0]=TOOL_TYPE_FINGER, buttonState=0, metaState=0, flags=0x0, edgeFlags=0x0, pointerCount=1, historySize=0, eventTime=16361478, downTime=16361468, deviceId=7, source=0x1002 }
08-15 02:43:52.227  1003  3346 I chatty  : uid=1000(system) InputDispatcher expire 3 lines
08-15 02:46:36.188  3449  3449 V DeadZone: consuming errant click: (34.0,1085.0)
08-15 02:46:41.736  1003  3347 I chatty  : uid=1000(system) InputReader expire 1 line
08-15 02:46:42.827  1003  1187 I chatty  : uid=1000(system) PowerManagerSer expire 5 lines
08-15 02:55:19.062  1003  1003 I chatty  : uid=1000 system_server expire 3 lines
08-15 02:55:19.678  1003  4565 I chatty  : uid=1000(system) Binder_D expire 5 lines
08-15 02:55:41.127  1003  3468 I chatty  : uid=1000(system) Binder_4 expire 1 line
08-15 03:00:37.595  1003 32307 I chatty  : uid=1000(system) Binder_10 expire 3 lines
08-15 03:09:38.299 26488 18417 D DownloadManager: Removed 0 stale downloads
08-15 03:09:38.343 26488 18417 D DownloadManager: Missing /storage/emulated/0/Download/android-x86-release-unsigned-1.apk, deleting 1888
08-15 03:09:38.382 26488 18417 D DownloadManager: Missing /storage/emulated/0/Download/1033.mp4, deleting 1892
08-15 03:09:38.413 26488 18417 D DownloadManager: Found 55 files in database
08-15 03:09:38.413 26488 18417 D DownloadManager: Found 0 files on disk
08-15 03:09:38.434 26488 18418 D DownloadManager: Removed 0 stale downloads
08-15 03:09:38.441 26488 18418 D DownloadManager: Found 55 files in database
08-15 03:09:38.441 26488 18418 D DownloadManager: Found 0 files on disk
08-15 03:10:38.321  1003  4417 I chatty  : uid=1000(system) Binder_A expire 4 lines
08-15 03:12:08.549  1003  1175 I chatty  : uid=1000(system) android.display expire 17 lines
08-15 03:16:12.352  1003  1018 I chatty  : uid=1000(system) android.fg expire 3 lines
08-15 03:24:39.197  1003  3345 I chatty  : uid=1000(system) AlarmManager expire 1 line
08-15 03:25:33.691  1003  1175 I chatty  : uid=1000(system) android.display expire 20 lines
08-15 03:25:39.376  1003  1014 I chatty  : uid=1000(system) Binder_2 expire 7 lines
08-15 03:25:39.421  1003  3816 I chatty  : uid=1000(system) Binder_6 expire 15 lines
08-15 03:25:56.307  1003  4565 I chatty  : uid=1000(system) Binder_D expire 9 lines
08-15 03:25:56.813  1003  1017 I chatty  : uid=1000(system) android.ui expire 1 line
08-15 03:26:00.315  1003  4417 I chatty  : uid=1000(system) Binder_A expire 5 lines
08-15 03:26:00.454  1003 32307 I chatty  : uid=1000(system) Binder_10 expire 6 lines
08-15 03:26:00.457  1003  3468 I chatty  : uid=1000(system) Binder_4 expire 8 lines
08-15 03:26:00.459  1003  3371 I chatty  : uid=1000(system) ConnectivitySer expire 15 lines
08-15 03:26:06.643  1003  1013 I chatty  : uid=1000(system) Binder_1 expire 13 lines
08-15 03:26:07.783  1003  4418 I chatty  : uid=1000(system) Binder_B expire 8 lines
08-15 03:26:22.797  1003  3370 I chatty  : uid=1000(system) WifiService expire 5 lines
08-15 03:26:23.226  1003  4313 I chatty  : uid=1000(system) Binder_9 expire 10 lines
08-15 03:27:04.592  1003  4564 I chatty  : uid=1000(system) Binder_C expire 11 lines
08-15 03:27:04.592  1003  4168 I chatty  : uid=1000(system) Binder_8 expire 12 lines
08-15 03:27:04.614  1003  3440 I chatty  : uid=1000(system) Binder_3 expire 10 lines
08-15 03:27:08.281  1003 23729 I chatty  : uid=1000(system) Binder_F expire 8 lines
08-15 03:28:57.176  1003  1003 I chatty  : uid=1000 system_server expire 10 lines
08-15 03:29:04.095  1003  1015 I chatty  : uid=1000(system) android.bg expire 6 lines
08-15 03:29:10.471 30770 30836 D ActivityThread: Loading provider com.google.android.gmail.provider;com.android.mail.notifier;com.google.android.gm.email.provider;com.google.android.gm.email.notifier: com.android.email.provider.EmailProvider
08-15 03:29:13.833  1003  3796 I chatty  : uid=1000(system) Binder_5 expire 8 lines
08-15 03:29:21.201  1003  1016 I chatty  : uid=1000(system) ActivityManager expire 10 lines
08-15 03:29:21.247  1003  1018 I chatty  : uid=1000(system) android.fg expire 7 lines
08-15 03:29:34.591 27431 27553 E ActivityThread: Failed to find provider info for com.facebook.appmanager.attribution
08-15 03:29:36.383  1003  3347 I chatty  : uid=1000(system) InputReader expire 2 lines
08-15 03:29:36.966  1003  1187 I chatty  : uid=1000(system) PowerManagerSer expire 16 lines
08-15 03:29:37.706  1003  4016 I chatty  : uid=1000(system) Binder_7 expire 7 lines
08-15 03:30:39.411  1003  4566 I chatty  : uid=1000(system) Binder_E expire 8 lines
08-15 03:41:26.320   349   388 I Ext4Crypt: ext4 crypto complete called on /data
08-15 03:41:26.353   349   388 I Ext4Crypt: No master key, so not ext4enc
08-15 03:41:26.357  1003  3351 I chatty  : uid=1000(system) CryptdConnector expire 4 lines
08-15 03:41:26.358   349   388 D VoldCryptCmdListener: cryptfs getpwtype
08-15 03:41:26.358   349   388 I Ext4Crypt: ext4 crypto complete called on /data
08-15 03:41:26.358   349   388 I Ext4Crypt: No master key, so not ext4enc
08-15 03:47:58.143   349   388 I Ext4Crypt: ext4 crypto complete called on /data
08-15 03:47:58.143   349   388 I Ext4Crypt: No master key, so not ext4enc
08-15 03:47:58.162   349   388 D VoldCryptCmdListener: cryptfs getpwtype
08-15 03:47:58.162   349   388 I Ext4Crypt: ext4 crypto complete called on /data
08-15 03:47:58.162   349   388 I Ext4Crypt: No master key, so not ext4enc
08-15 04:38:35.337  1003  4048 I chatty  : uid=1000(system) FLP Service Cal expire 1 line
08-15 07:16:39.147  1038  1058 D ActivityThread: Loading provider com.google.android.gmail.provider;com.android.mail.notifier;com.google.android.gm.email.provider;com.google.android.gm.email.notifier: com.android.email.provider.EmailProvider
08-15 07:16:43.473  1003  1187 I chatty  : uid=1000(system) PowerManagerSer expire 12 lines
08-15 07:21:38.489  1003  4564 I chatty  : uid=1000(system) Binder_C expire 5 lines
08-15 09:50:07.515  1003  1175 I chatty  : uid=1000(system) android.display expire 18 lines
08-15 09:50:07.874  1003  1013 I chatty  : uid=1000(system) Binder_1 expire 7 lines
08-15 09:50:07.904  1003  3440 I chatty  : uid=1000(system) Binder_3 expire 13 lines
08-15 09:50:07.938  1003 32307 I chatty  : uid=1000(system) Binder_10 expire 4 lines
08-15 09:50:08.188  1003  1003 I chatty  : uid=1000 system_server expire 9 lines
08-15 09:50:08.201  1003  4016 I chatty  : uid=1000(system) Binder_7 expire 5 lines
08-15 09:50:08.270  1003  1187 I chatty  : uid=1000(system) PowerManagerSer expire 7 lines
08-15 09:50:08.692  1003 23729 I chatty  : uid=1000(system) Binder_F expire 9 lines
08-15 09:50:16.559  1003  3468 I chatty  : uid=1000(system) Binder_4 expire 6 lines
08-15 09:50:16.610  1003  1018 I chatty  : uid=1000(system) android.fg expire 2 lines
08-15 09:50:24.633  1003  3816 I chatty  : uid=1000(system) Binder_6 expire 10 lines
08-15 09:50:25.040  1003  4417 I chatty  : uid=1000(system) Binder_A expire 6 lines
08-15 09:50:26.982  1003  4418 I chatty  : uid=1000(system) Binder_B expire 9 lines
08-15 09:50:27.740  1003  3346 I chatty  : uid=1000(system) InputDispatcher expire 1 line
08-15 09:50:30.166  1003  4168 I chatty  : uid=1000(system) Binder_8 expire 10 lines
08-15 09:50:32.553  1003  3347 I chatty  : uid=1000(system) InputReader expire 2 lines
08-15 09:51:33.829  1003  4313 I chatty  : uid=1000(system) Binder_9 expire 5 lines
08-15 09:52:03.569  1003  3397 I chatty  : uid=1000(system) backup expire 97 lines
08-15 09:52:03.681  1003  1015 I chatty  : uid=1000(system) android.bg expire 1 line
08-15 09:52:06.450  1003  1304 I chatty  : uid=1000(system) PackageManager expire 6 lines
08-15 09:52:07.139  2578  2588 D DefContainer: Copying /data/local/tmp/android-armv7-debug.apk to base.apk
08-15 09:52:09.348  1003  1014 I chatty  : uid=1000(system) Binder_2 expire 8 lines
08-15 09:52:10.644  1003  4566 I chatty  : uid=1000(system) Binder_E expire 1 line
08-15 09:52:12.079   349   388 I Ext4Crypt: ext4 crypto complete called on /data
08-15 09:52:12.079   349   388 I Ext4Crypt: No master key, so not ext4enc
08-15 09:52:12.080  1003  3351 I chatty  : uid=1000(system) CryptdConnector expire 2 lines
08-15 09:52:12.082   349   388 D VoldCryptCmdListener: cryptfs getpwtype
08-15 09:52:12.082   349   388 I Ext4Crypt: ext4 crypto complete called on /data
08-15 09:52:12.082   349   388 I Ext4Crypt: No master key, so not ext4enc
08-15 09:52:12.374  1003  4565 I chatty  : uid=1000(system) Binder_D expire 1 line
08-15 09:52:15.649  1003  1016 I chatty  : uid=1000(system) ActivityManager expire 3 lines
08-15 09:52:16.884  3049  3049 I chatty  : uid=1000(system) Chrome_FileThre expire 1 line
08-15 09:52:22.171  1003  3796 I chatty  : uid=1000(system) Binder_5 expire 1 line
08-15 09:52:22.339  1003  3371 I chatty  : uid=1000(system) ConnectivitySer expire 4 lines
08-15 09:52:23.243  1003  3370 I chatty  : uid=1000(system) WifiService expire 1 line
08-15 09:52:26.173  1003  1017 I chatty  : uid=1000(system) android.ui expire 4 lines
08-15 09:52:33.941  1003  3397 I chatty  : uid=1000(system) backup expire 17 lines
08-15 09:52:34.202  1003  3468 I chatty  : uid=1000(system) Binder_4 expire 11 lines
08-15 09:52:34.207  3568  3580 E ActivityThread: Failed to find provider info for com.htc.dnatransfer.public
08-15 09:52:34.218  3568  3580 E ActivityThread: Failed to find provider info for com.nero.htc.neroconnect.provider
08-15 09:52:38.514  1003  1014 I chatty  : uid=1000(system) Binder_2 expire 12 lines
08-15 09:52:38.548  3095  3106 E ActivityThread: Failed to find provider info for com.htc.dnatransfer.public
08-15 09:52:38.549  3095  3106 E ActivityThread: Failed to find provider info for com.nero.htc.neroconnect.provider
08-15 09:52:39.478  1003  4418 I chatty  : uid=1000(system) Binder_B expire 7 lines
08-15 09:52:39.490  1003  4564 I chatty  : uid=1000(system) Binder_C expire 7 lines
08-15 09:52:39.514  1003  3440 I chatty  : uid=1000(system) Binder_3 expire 9 lines
08-15 09:53:00.002  1003  1003 I chatty  : uid=1000 system_server expire 7 lines
08-15 09:53:40.210  1003  1175 I chatty  : uid=1000(system) android.display expire 15 lines
08-15 09:53:49.475  1003  3346 I chatty  : uid=1000(system) InputDispatcher expire 4 lines
08-15 09:53:54.510  1003  4313 I chatty  : uid=1000(system) Binder_9 expire 12 lines
08-15 09:55:14.939  1003  3816 I chatty  : uid=1000(system) Binder_6 expire 4 lines
08-15 09:55:20.107  1003 23729 I chatty  : uid=1000(system) Binder_F expire 10 lines
08-15 09:55:25.991  1003  4566 I chatty  : uid=1000(system) Binder_E expire 4 lines
08-15 09:55:30.320  1003  3371 I chatty  : uid=1000(system) ConnectivitySer expire 13 lines
08-15 09:55:40.704  1003  1016 I chatty  : uid=1000(system) ActivityManager expire 5 lines
08-15 09:55:40.825  1003  1015 I chatty  : uid=1000(system) android.bg expire 8 lines
08-15 09:55:42.461  1003  3796 I chatty  : uid=1000(system) Binder_5 expire 6 lines
08-15 10:02:40.266  1003 32307 I chatty  : uid=1000(system) Binder_10 expire 7 lines
08-15 10:02:40.342  1003  1013 I chatty  : uid=1000(system) Binder_1 expire 6 lines
08-15 10:07:40.303  1003  4016 I chatty  : uid=1000(system) Binder_7 expire 3 lines
08-15 10:12:41.903  1003  4417 I chatty  : uid=1000(system) Binder_A expire 7 lines
08-15 10:13:57.089  7352  7368 D ActivityThread: Loading provider com.google.android.gmail.provider;com.android.mail.notifier;com.google.android.gm.email.provider;com.google.android.gm.email.notifier: com.android.email.provider.EmailProvider
08-15 10:13:57.416  1003  4168 I chatty  : uid=1000(system) Binder_8 expire 4 lines
08-15 10:17:06.717  4788  7811 E ActivityThread: Failed to find provider info for com.google.android.wearable.settings
08-15 10:17:11.984  4788  7811 E ActivityThread: Failed to find provider info for com.google.android.wearable.settings
08-15 10:19:45.821  1003  1187 I chatty  : uid=1000(system) PowerManagerSer expire 26 lines
08-15 10:19:46.731  1003  1018 I chatty  : uid=1000(system) android.fg expire 10 lines
08-15 10:19:48.293  1003  4048 I chatty  : uid=1000(system) FLP Service Cal expire 2 lines
08-15 10:20:07.675  1003  4565 I chatty  : uid=1000(system) Binder_D expire 6 lines
08-15 10:20:12.463   349   388 I Ext4Crypt: ext4 crypto complete called on /data
08-15 10:20:12.463   349   388 I Ext4Crypt: No master key, so not ext4enc
08-15 10:20:12.465  1003  3351 I chatty  : uid=1000(system) CryptdConnector expire 2 lines
08-15 10:20:12.466   349   388 D VoldCryptCmdListener: cryptfs getpwtype
08-15 10:20:12.466   349   388 I Ext4Crypt: ext4 crypto complete called on /data
08-15 10:20:12.466   349   388 I Ext4Crypt: No master key, so not ext4enc
08-15 10:20:15.116  1003  3370 I chatty  : uid=1000(system) WifiService expire 1 line
08-15 10:20:50.681  1003 23729 I chatty  : uid=1000(system) Binder_F expire 5 lines
08-15 10:24:52.204  1003  3345 I chatty  : uid=1000(system) AlarmManager expire 1 line
08-15 10:45:26.487  9363  9378 D ActivityThread: Loading provider com.google.android.gmail.provider;com.android.mail.notifier;com.google.android.gm.email.provider;com.google.android.gm.email.notifier: com.android.email.provider.EmailProvider
08-15 10:45:28.938  1003  1187 I chatty  : uid=1000(system) PowerManagerSer expire 8 lines
08-15 10:45:28.940  1003  1175 I chatty  : uid=1000(system) android.display expire 8 lines
08-15 11:08:36.180  1003  1018 I chatty  : uid=1000(system) android.fg expire 2 lines
08-15 11:37:19.370  1003  3371 I chatty  : uid=1000(system) ConnectivitySer expire 11 lines
08-15 11:37:21.229  1003  1015 I chatty  : uid=1000(system) android.bg expire 7 lines
08-15 11:37:21.581  1003  3440 I chatty  : uid=1000(system) Binder_3 expire 8 lines
08-15 11:37:22.847  1003  1013 I chatty  : uid=1000(system) Binder_1 expire 9 lines
08-15 11:38:24.358  1003  1003 I chatty  : uid=1000 system_server expire 10 lines
08-15 11:38:24.360  1003 23729 I chatty  : uid=1000(system) Binder_F expire 11 lines
08-15 11:39:59.486  1003 32307 I chatty  : uid=1000(system) Binder_10 expire 10 lines
08-15 11:40:05.630  1003  4016 I chatty  : uid=1000(system) Binder_7 expire 12 lines
08-15 11:44:35.266  1003  1018 I chatty  : uid=1000(system) android.fg expire 6 lines
08-15 11:44:35.933  1003  1187 I chatty  : uid=1000(system) PowerManagerSer expire 10 lines
08-15 11:44:35.964  1003  1175 I chatty  : uid=1000(system) android.display expire 8 lines
08-15 11:44:36.033  1003  1016 I chatty  : uid=1000(system) ActivityManager expire 10 lines
08-15 11:44:36.137  1003  3468 I chatty  : uid=1000(system) Binder_4 expire 7 lines
08-15 11:44:36.206  1003  4564 I chatty  : uid=1000(system) Binder_C expire 7 lines
08-15 11:44:36.220  1003  4417 I chatty  : uid=1000(system) Binder_A expire 11 lines
08-15 11:44:36.807  1003  3796 I chatty  : uid=1000(system) Binder_5 expire 11 lines
08-15 11:45:44.859  1003  3816 I chatty  : uid=1000(system) Binder_6 expire 10 lines
08-15 11:45:44.894  1003  4313 I chatty  : uid=1000(system) Binder_9 expire 11 lines
08-15 11:45:48.502  1003  1304 I chatty  : uid=1000(system) PackageManager expire 6 lines
08-15 11:45:48.576 10419 10429 D DefContainer: Copying /data/local/tmp/android-armv7-debug.apk to base.apk
08-15 11:45:56.192  1003  4418 I chatty  : uid=1000(system) Binder_B expire 7 lines
08-15 11:45:56.246  1003  4168 I chatty  : uid=1000(system) Binder_8 expire 10 lines
08-15 11:45:56.293  1003  4566 I chatty  : uid=1000(system) Binder_E expire 7 lines
08-15 11:45:56.441 10480 10480 I chatty  : uid=1000(system) expire 1 line
08-15 11:45:57.329  1003  1014 I chatty  : uid=1000(system) Binder_2 expire 10 lines
08-15 11:45:59.548  1003  4565 I chatty  : uid=1000(system) Binder_D expire 6 lines
08-15 11:46:49.171  1003  1187 I chatty  : uid=1000(system) PowerManagerSer expire 6 lines
08-15 12:23:27.106  1003  3345 I chatty  : uid=1000(system) AlarmManager expire 1 line
08-15 12:24:59.337   349   388 I Ext4Crypt: ext4 crypto complete called on /data
08-15 12:24:59.337   349   388 I Ext4Crypt: No master key, so not ext4enc
08-15 12:24:59.340  1003  3351 I chatty  : uid=1000(system) CryptdConnector expire 4 lines
08-15 12:24:59.341   349   388 D VoldCryptCmdListener: cryptfs getpwtype
08-15 12:24:59.341   349   388 I Ext4Crypt: ext4 crypto complete called on /data
08-15 12:24:59.341   349   388 I Ext4Crypt: No master key, so not ext4enc
08-15 12:24:59.367  1003 32307 I chatty  : uid=1000(system) Binder_10 expire 2 lines
08-15 12:29:59.918  1003 23729 I chatty  : uid=1000(system) Binder_F expire 4 lines
08-15 13:00:40.160  1003  3370 I chatty  : uid=1000(system) WifiService expire 1 line
08-15 13:00:40.187   349   388 I Ext4Crypt: ext4 crypto complete called on /data
08-15 13:00:40.187   349   388 I Ext4Crypt: No master key, so not ext4enc
08-15 13:00:40.204   349   388 D VoldCryptCmdListener: cryptfs getpwtype
08-15 13:00:40.204   349   388 I Ext4Crypt: ext4 crypto complete called on /data
08-15 13:00:40.204   349   388 I Ext4Crypt: No master key, so not ext4enc
08-15 13:00:41.228  1003  1003 I chatty  : uid=1000 system_server expire 3 lines
08-15 13:00:41.229  1003  3349 I chatty  : uid=1000(system) MountService expire 3 lines
08-15 13:00:41.241  1003  3350 I chatty  : uid=1000(system) VoldConnector expire 3 lines
08-15 13:00:41.245   349 13691 D vold    : Starting trim of /data
08-15 13:00:47.518  1003  4016 I chatty  : uid=1000(system) Binder_7 expire 3 lines
08-15 13:00:50.689   349 13691 I vold    : Trimmed 4635746304 bytes on /data in 9444ms
08-15 13:00:50.690   349 13691 D vold    : Starting trim of /cache
08-15 13:00:50.734   349 13691 I vold    : Trimmed 86392832 bytes on /cache in 44ms
08-15 13:00:50.799  1003  4313 I chatty  : uid=1000(system) Binder_9 expire 4 lines
08-15 13:00:56.475 26488 13987 D DownloadManager: Removed 0 stale downloads
08-15 13:00:56.535 26488 13987 D DownloadManager: Found 55 files in database
08-15 13:00:56.535 26488 13987 D DownloadManager: Found 0 files on disk
08-15 13:08:25.529  1003  3796 I chatty  : uid=1000(system) Binder_5 expire 1 line
08-15 13:08:25.530  1003  3371 I chatty  : uid=1000(system) ConnectivitySer expire 2 lines
08-15 13:09:33.252  1003  3347 I chatty  : uid=1000(system) InputReader expire 1 line
08-15 13:09:33.447  1003  4168 I chatty  : uid=1000(system) Binder_8 expire 2 lines
08-15 13:09:52.636  1003  1017 I chatty  : uid=1000(system) android.ui expire 1 line
08-15 13:10:02.952  1003  3346 I chatty  : uid=1000(system) InputDispatcher expire 1 line
08-15 13:11:25.836  1003  4417 I chatty  : uid=1000(system) Binder_A expire 6 lines
08-15 13:11:29.334  1003  3371 I chatty  : uid=1000(system) ConnectivitySer expire 53 lines
08-15 13:11:29.336  1003  4168 I chatty  : uid=1000(system) Binder_8 expire 4 lines
08-15 13:11:29.371  1003  1016 I chatty  : uid=1000(system) ActivityManager expire 9 lines
08-15 13:11:29.379  1003  1014 I chatty  : uid=1000(system) Binder_2 expire 6 lines
08-15 13:11:29.892  1003  1304 I chatty  : uid=1000(system) PackageManager expire 4 lines
08-15 13:11:30.059  1003  3440 I chatty  : uid=1000(system) Binder_3 expire 8 lines
08-15 13:11:30.094  1003  4016 I chatty  : uid=1000(system) Binder_7 expire 12 lines
08-15 13:11:30.096  1003 23729 I chatty  : uid=1000(system) Binder_F expire 10 lines
08-15 13:11:30.231  1003 32307 I chatty  : uid=1000(system) Binder_10 expire 7 lines
08-15 13:11:30.378 14772 14772 I chatty  : uid=1000(system) expire 1 line
08-15 13:11:30.411  1003  4313 I chatty  : uid=1000(system) Binder_9 expire 11 lines
08-15 13:11:31.436  1003  4565 I chatty  : uid=1000(system) Binder_D expire 6 lines
08-15 13:11:31.541  1003  1003 I chatty  : uid=1000 system_server expire 6 lines
08-15 13:11:34.116  1003  4418 I chatty  : uid=1000(system) Binder_B expire 5 lines
08-15 13:11:34.183  1003  4566 I chatty  : uid=1000(system) Binder_E expire 9 lines
08-15 13:11:34.223  1003  3468 I chatty  : uid=1000(system) Binder_4 expire 8 lines
08-15 13:11:34.386  1003  1013 I chatty  : uid=1000(system) Binder_1 expire 11 lines
08-15 13:12:38.288 14744 14755 D DefContainer: Copying /data/local/tmp/android-armv7-debug.apk to base.apk
08-15 13:12:46.620  1003  3397 I chatty  : uid=1000(system) backup expire 4 lines
08-15 13:12:48.798  1003  4564 I chatty  : uid=1000(system) Binder_C expire 8 lines
08-15 13:12:50.006  1003  3350 I chatty  : uid=1000(system) VoldConnector expire 1 line
08-15 13:13:29.806  1003  1015 I chatty  : uid=1000(system) android.bg expire 1 line
08-15 13:13:31.097  1003  3370 I chatty  : uid=1000(system) WifiService expire 3 lines
08-15 13:15:12.695  1003  1018 I chatty  : uid=1000(system) android.fg expire 6 lines
08-15 13:15:12.785  1003  3796 I chatty  : uid=1000(system) Binder_5 expire 10 lines
08-15 13:15:14.053   349   388 I Ext4Crypt: ext4 crypto complete called on /data
08-15 13:15:14.054   349   388 I Ext4Crypt: No master key, so not ext4enc
08-15 13:15:14.057  1003  3351 I chatty  : uid=1000(system) CryptdConnector expire 4 lines
08-15 13:15:14.058   349   388 D VoldCryptCmdListener: cryptfs getpwtype
08-15 13:15:14.058   349   388 I Ext4Crypt: ext4 crypto complete called on /data
08-15 13:15:14.058   349   388 I Ext4Crypt: No master key, so not ext4enc
08-15 13:15:14.385  1003  1017 I chatty  : uid=1000(system) android.ui expire 1 line
08-15 13:15:14.567  1003  1175 I chatty  : uid=1000(system) android.display expire 8 lines
08-15 13:15:19.536  1003  3347 I chatty  : uid=1000(system) InputReader expire 4 lines
08-15 13:15:20.521  1003  1187 I chatty  : uid=1000(system) PowerManagerSer expire 10 lines
08-15 13:15:39.759  1003  3346 I chatty  : uid=1000(system) InputDispatcher expire 3 lines
08-15 13:16:55.943  1003  3368 I chatty  : uid=1000(system) WifiP2pService expire 1 line
08-15 13:18:36.377  3449  3449 V DeadZone: consuming errant click: (309.0,73.0)
08-15 13:18:48.377  3449  3449 V DeadZone: consuming errant click: (361.0,28.0)
08-15 13:18:48.613  3449  3449 V DeadZone: consuming errant click: (364.0,34.0)
08-15 13:18:51.523  3449  3449 V DeadZone: consuming errant click: (310.0,34.0)
08-15 13:18:51.790  3449  3449 V DeadZone: consuming errant click: (288.0,38.0)
08-15 13:20:02.730  1003  3369 I chatty  : uid=1000(system) WifiStateMachin expire 1 line
08-15 13:20:17.741  1003  3816 I chatty  : uid=1000(system) Binder_6 expire 6 lines
08-15 13:22:04.778  3449  3449 V DeadZone: consuming errant click: (0.0,39.0)
08-15 13:22:05.356  1003  3796 I chatty  : uid=1000(system) Binder_5 expire 3 lines
08-15 13:22:07.126 27431 27431 W ViewRootImpl: Dropping event due to no window focus: MotionEvent { action=ACTION_MOVE, actionButton=0, id[0]=1, x[0]=0.0, y[0]=2324.0, toolType[0]=TOOL_TYPE_FINGER, buttonState=0, metaState=0, flags=0x0, edgeFlags=0x0, pointerCount=1, historySize=4, eventTime=27619107, downTime=27616876, deviceId=7, source=0x1002 }
08-15 13:22:07.127 27431 27431 W ViewRootImpl: Cancelling event due to no window focus: MotionEvent { action=ACTION_CANCEL, actionButton=0, id[0]=1, x[0]=0.0, y[0]=2324.0, toolType[0]=TOOL_TYPE_FINGER, buttonState=0, metaState=0, flags=0x0, edgeFlags=0x0, pointerCount=1, historySize=0, eventTime=27619117, downTime=27616876, deviceId=7, source=0x1002 }
08-15 13:22:07.127 27431 27431 W ViewRootImpl: Cancelling event due to no window focus: MotionEvent { action=ACTION_CANCEL, actionButton=0, id[0]=1, x[0]=0.0, y[0]=2324.0, toolType[0]=TOOL_TYPE_FINGER, buttonState=0, metaState=0, flags=0x0, edgeFlags=0x0, pointerCount=1, historySize=0, eventTime=27619117, downTime=27616876, deviceId=7, source=0x1002 }
08-15 13:22:07.128 27431 27431 W ViewRootImpl: Cancelling event due to no window focus: MotionEvent { action=ACTION_CANCEL, actionButton=0, id[0]=1, x[0]=0.0, y[0]=2324.0, toolType[0]=TOOL_TYPE_FINGER, buttonState=0, metaState=0, flags=0x0, edgeFlags=0x0, pointerCount=1, historySize=0, eventTime=27619117, downTime=27616876, deviceId=7, source=0x1002 }
08-15 13:22:08.543  1003  3371 I chatty  : uid=1000(system) ConnectivitySer expire 3 lines
08-15 13:23:03.379  1003  4016 I chatty  : uid=1000(system) Binder_7 expire 6 lines
08-15 13:23:04.525   349   388 I Ext4Crypt: ext4 crypto complete called on /data
08-15 13:23:04.525   349   388 I Ext4Crypt: No master key, so not ext4enc
08-15 13:23:04.528   349   388 D VoldCryptCmdListener: cryptfs getpwtype
08-15 13:23:04.528   349   388 I Ext4Crypt: ext4 crypto complete called on /data
08-15 13:23:04.529   349   388 I Ext4Crypt: No master key, so not ext4enc
08-15 13:23:04.683  1003 32307 I chatty  : uid=1000(system) Binder_10 expire 5 lines
08-15 13:23:04.803  1003  4565 I chatty  : uid=1000(system) Binder_D expire 4 lines
08-15 13:23:05.546  1003  3468 I chatty  : uid=1000(system) Binder_4 expire 9 lines
08-15 13:23:24.213  3449  3449 V DeadZone: consuming errant click: (373.0,14.0)
08-15 13:23:25.661  1003  4564 I chatty  : uid=1000(system) Binder_C expire 10 lines
08-15 13:23:33.145  1003  1017 I chatty  : uid=1000(system) android.ui expire 6 lines
08-15 13:23:33.338  1003  3796 I chatty  : uid=1000(system) Binder_5 expire 9 lines
08-15 13:23:33.408  1003  1175 I chatty  : uid=1000(system) android.display expire 16 lines
08-15 13:23:34.248 23610 23626 D ActivityThread: Loading provider com.google.android.gmail.provider;com.android.mail.notifier;com.google.android.gm.email.provider;com.google.android.gm.email.notifier: com.android.email.provider.EmailProvider
08-15 13:23:34.654  1003  1013 I chatty  : uid=1000(system) Binder_1 expire 4 lines
08-15 13:23:34.747  1003  4566 I chatty  : uid=1000(system) Binder_E expire 6 lines
08-15 13:23:36.499  1003  3371 I chatty  : uid=1000(system) ConnectivitySer expire 102 lines
08-15 13:23:40.298  1003 23729 I chatty  : uid=1000(system) Binder_F expire 3 lines
08-15 13:23:56.100  1003  3345 I chatty  : uid=1000(system) AlarmManager expire 1 line
08-15 13:24:12.874  1003  4313 I chatty  : uid=1000(system) Binder_9 expire 5 lines
08-15 13:26:37.185  1003  3816 I chatty  : uid=1000(system) Binder_6 expire 6 lines
08-15 13:30:32.597  1003  1015 I chatty  : uid=1000(system) android.bg expire 3 lines
08-15 13:31:35.181  1003  4417 I chatty  : uid=1000(system) Binder_A expire 5 lines
08-15 13:31:35.968  1003  4418 I chatty  : uid=1000(system) Binder_B expire 6 lines
08-15 13:31:39.064  1003  4168 I chatty  : uid=1000(system) Binder_8 expire 6 lines
08-15 13:31:43.606   349   388 I Ext4Crypt: ext4 crypto complete called on /data
08-15 13:31:43.606   349   388 I Ext4Crypt: No master key, so not ext4enc
08-15 13:31:43.673  1003  3351 I chatty  : uid=1000(system) CryptdConnector expire 2 lines
08-15 13:31:43.674   349   388 D VoldCryptCmdListener: cryptfs getpwtype
08-15 13:31:43.674   349   388 I Ext4Crypt: ext4 crypto complete called on /data
08-15 13:31:43.675   349   388 I Ext4Crypt: No master key, so not ext4enc
08-15 13:31:43.968  1003  3440 I chatty  : uid=1000(system) Binder_3 expire 7 lines
08-15 13:31:44.017  1003  3371 I chatty  : uid=1000(system) ConnectivitySer expire 1 line
08-15 13:31:52.212  1003  1016 I chatty  : uid=1000(system) ActivityManager expire 5 lines
08-15 13:31:52.422  1003  1014 I chatty  : uid=1000(system) Binder_2 expire 10 lines
08-15 13:32:00.003  1003  1003 I chatty  : uid=1000 system_server expire 4 lines
08-15 13:34:00.713 27103 27132 D ActivityThread: Loading provider com.google.android.gmail.provider;com.android.mail.notifier;com.google.android.gm.email.provider;com.google.android.gm.email.notifier: com.android.email.provider.EmailProvider
08-15 13:45:31.609  1003  3370 I chatty  : uid=1000(system) WifiService expire 1 line
08-15 13:46:41.736  1003  3346 I chatty  : uid=1000(system) InputDispatcher expire 1 line
08-15 13:46:47.877  1003  3347 I chatty  : uid=1000(system) InputReader expire 2 lines
08-15 13:46:48.784  1003  1187 I chatty  : uid=1000(system) PowerManagerSer expire 10 lines
08-15 13:46:48.785  1003  1018 I chatty  : uid=1000(system) android.fg expire 3 lines
08-15 13:49:55.561  1003  1187 I DisplayPowerController: Unblocked screen on after 94 ms
08-15 13:49:55.562  1003  1187 I DreamManagerService: Gently waking up from dream.
08-15 13:49:55.595  1003  3440 W BroadcastQueue: Permission Denial: broadcasting Intent { act=android.intent.action.USER_PRESENT flg=0x24000010 } from com.android.systemui (pid=3449, uid=10027) is not exported from uid 10116 due to receiver com.yik.yak/com.parse.ParseBroadcastReceiver
08-15 13:49:55.675  1003  4566 I DreamManagerService: Leaving dreamland.
08-15 13:49:55.676  1003  1018 I DreamController: Stopping dream: name=ComponentInfo{com.android.systemui/com.android.systemui.doze.DozeService}, isTest=false, canDoze=true, userId=0
08-15 13:49:55.759  1003  3796 W InputMethodManagerService: Window already focused, ignoring focus gain of: com.android.internal.view.IInputMethodClient$Stub$Proxy@2984807 attribute=null, token = android.os.BinderProxy@93d3138
08-15 13:50:14.742  1003  3371 D ConnectivityService: releasing NetworkRequest NetworkRequest [ id=67, legacyType=-1, [ Capabilities: INTERNET&NOT_RESTRICTED&TRUSTED] ]
08-15 13:50:18.839  1003  4313 I ActivityManager: Start proc 1572:com.facebook.katana:browser/u0a106 for service com.facebook.katana/com.facebook.browser.lite.BrowserLiteIntentService
08-15 13:50:26.272  1003  4565 I ActivityManager: START u0 {act=android.intent.action.VIEW dat=http://www.msnbc.com/... cmp=com.facebook.katana/com.facebook.browser.lite.BrowserLiteActivity (has extras)} from uid 10106 on display 0
08-15 13:50:26.861  1003  3370 D WifiService: New client listening to asynchronous messages
08-15 13:50:26.982  1003  4418 D ConnectivityService: listenForNetwork for Listen from uid/pid:10106/1572 for NetworkRequest [ id=69, legacyType=-1, [ Capabilities: INTERNET&NOT_RESTRICTED&TRUSTED] ]
08-15 13:50:27.160  1003  4418 D ConnectivityService: listenForNetwork for Listen from uid/pid:10106/1572 for NetworkRequest [ id=70, legacyType=-1, [ Capabilities: INTERNET&NOT_RESTRICTED&TRUSTED] ]
08-15 13:50:47.167  1003  4016 I WindowState: WIN DEATH: Window{cdb8690 u0 com.facebook.katana/com.facebook.browser.lite.BrowserLiteActivity}
08-15 13:50:47.167  1003  4417 D ConnectivityService: ConnectivityService NetworkRequestInfo binderDied(NetworkRequest [ id=69, legacyType=-1, [ Capabilities: INTERNET&NOT_RESTRICTED&TRUSTED] ], android.os.BinderProxy@615c0a2)
08-15 13:50:47.167  1003  4168 D ConnectivityService: ConnectivityService NetworkRequestInfo binderDied(NetworkRequest [ id=70, legacyType=-1, [ Capabilities: INTERNET&NOT_RESTRICTED&TRUSTED] ], android.os.BinderProxy@7409133)
08-15 13:50:47.167  1003  3371 D ConnectivityService: releasing NetworkRequest NetworkRequest [ id=69, legacyType=-1, [ Capabilities: INTERNET&NOT_RESTRICTED&TRUSTED] ]
08-15 13:50:47.167  1003  3370 D WifiService: Client connection lost with reason: 4
08-15 13:50:47.171  1003  3371 E ConnectivityService: RemoteException caught trying to send a callback msg for NetworkRequest [ id=69, legacyType=-1, [ Capabilities: INTERNET&NOT_RESTRICTED&TRUSTED] ]
08-15 13:50:47.172  1003  3371 D ConnectivityService: releasing NetworkRequest NetworkRequest [ id=70, legacyType=-1, [ Capabilities: INTERNET&NOT_RESTRICTED&TRUSTED] ]
08-15 13:50:47.172  1003  3371 E ConnectivityService: RemoteException caught trying to send a callback msg for NetworkRequest [ id=70, legacyType=-1, [ Capabilities: INTERNET&NOT_RESTRICTED&TRUSTED] ]
08-15 13:50:47.184  1003  4417 I ActivityManager: Process com.facebook.katana:browser (pid 1572) has died
08-15 13:50:48.761  1003 32307 I ActivityManager: Start proc 2377:com.facebook.katana:browser/u0a106 for service com.facebook.katana/com.facebook.browser.lite.BrowserLiteIntentService
08-15 13:51:38.530  1003  1017 I ActivityManager: Config changes=480 {1.0 310mcc410mnc en_US ldltr sw411dp w683dp h387dp 560dpi nrml land finger -keyb/v/h -nav/h s.124}
08-15 13:51:38.825  1003  1175 I WindowManager: Screen frozen for +359ms due to Window{3a65d55 u0 StatusBar}
08-15 13:52:13.506  1003  4016 D WifiService: acquireWifiLockLocked: WifiLock{NlpWifiLock type=2 binder=android.os.BinderProxy@c0f3f74}
08-15 13:52:14.173  1003  3816 D WifiService: releaseWifiLockLocked: WifiLock{NlpWifiLock type=2 binder=android.os.BinderProxy@c0f3f74}
08-15 13:52:14.342  1003  1017 I ActivityManager: Config changes=480 {1.0 310mcc410mnc en_US ldltr sw411dp w411dp h659dp 560dpi nrml port finger -keyb/v/h -nav/h s.125}
08-15 13:52:14.457  1003  1175 I WindowManager: Screen frozen for +152ms due to Window{b739fd3 u0 NavigationBar}
08-15 13:52:28.101  1003  1015 I UsageStatsService: User[0] Flushing usage stats to disk
08-15 13:52:56.101  1003  4564 D WifiService: acquireWifiLockLocked: WifiLock{NlpWifiLock type=2 binder=android.os.BinderProxy@3fab388}
08-15 13:52:56.156  1003  3816 D WifiService: releaseWifiLockLocked: WifiLock{NlpWifiLock type=2 binder=android.os.BinderProxy@3fab388}
08-15 13:53:09.820  1003  3346 I ActivityManager: START u0 {act=android.intent.action.MAIN cat=[android.intent.category.HOME] flg=0x10200000 cmp=com.google.android.googlequicksearchbox/com.google.android.launcher.GEL (has extras)} from uid 1000 on display 0
08-15 13:53:11.542  1003  4417 I ActivityManager: START u0 {act=android.intent.action.MAIN cat=[android.intent.category.LAUNCHER] flg=0x10200000 cmp=com.google.android.youtube/.app.honeycomb.Shell$HomeActivity bnds=[579,998][861,1336] (has extras)} from uid 10029 on display 0
08-15 13:53:11.825  1003 32307 W ActivityManager: Permission Denial: Accessing service ComponentInfo{com.google.android.music/com.google.android.music.dial.DialMediaRouteProviderService} from pid=23304, uid=10075 that is not exported from uid 10059
08-15 13:54:51.267  1003  4566 I ActivityManager: Process com.google.android.gms.unstable (pid 23666) has died
08-15 13:54:51.292  1003  4418 I ActivityManager: Process com.google.android.gm (pid 27103) has died
08-15 13:54:59.349  1003  1013 I ActivityManager: Start proc 5060:com.google.android.gms.unstable/u0a12 for service com.google.android.gms/.droidguard.DroidGuardService
08-15 13:56:56.859  1003  1017 I ActivityManager: Config changes=480 {1.0 310mcc410mnc en_US ldltr sw411dp w683dp h387dp 560dpi nrml land finger -keyb/v/h -nav/h s.126}
08-15 13:56:57.043  1003  1175 I WindowManager: Screen frozen for +212ms due to Window{b739fd3 u0 NavigationBar}
08-15 13:56:58.294  1003  1017 I ActivityManager: Config changes=480 {1.0 310mcc410mnc en_US ldltr sw411dp w411dp h659dp 560dpi nrml port finger -keyb/v/h -nav/h s.127}
08-15 13:56:58.461  1003  1175 I WindowManager: Screen frozen for +213ms due to Window{2d137e1 u0 com.google.android.youtube/com.google.android.apps.youtube.app.WatchWhileActivity}
08-15 13:58:14.376  1003  3796 D WifiService: acquireWifiLockLocked: WifiLock{NlpWifiLock type=2 binder=android.os.BinderProxy@38177fa}
08-15 13:58:14.429  1003  1013 D WifiService: releaseWifiLockLocked: WifiLock{NlpWifiLock type=2 binder=android.os.BinderProxy@38177fa}
08-15 13:58:42.384  1003  3346 I ActivityManager: START u0 {act=android.intent.action.MAIN cat=[android.intent.category.HOME] flg=0x10200000 cmp=com.google.android.googlequicksearchbox/com.google.android.launcher.GEL (has extras)} from uid 1000 on display 0
08-15 13:58:43.838  1003  4016 I ActivityManager: START u0 {act=android.intent.action.MAIN cat=[android.intent.category.LAUNCHER] flg=0x10200000 cmp=com.facebook.katana/.LoginActivity bnds=[579,322][861,660] (has extras)} from uid 10029 on display 0
08-15 14:00:26.423  1003  3346 I ActivityManager: START u0 {act=android.intent.action.MAIN cat=[android.intent.category.HOME] flg=0x10200000 cmp=com.google.android.googlequicksearchbox/com.google.android.launcher.GEL (has extras)} from uid 1000 on display 0
08-15 14:00:30.038  1003  3796 I ActivityManager: START u0 {act=android.intent.action.MAIN cat=[android.intent.category.LAUNCHER] flg=0x10200000 cmp=com.google.android.youtube/.app.honeycomb.Shell$HomeActivity bnds=[579,998][861,1336] (has extras)} from uid 10029 on display 0
08-15 14:00:30.141  1003  1014 W ActivityManager: Permission Denial: Accessing service ComponentInfo{com.google.android.music/com.google.android.music.dial.DialMediaRouteProviderService} from pid=23304, uid=10075 that is not exported from uid 10059
08-15 14:03:36.452  1003  4313 D WifiService: acquireWifiLockLocked: WifiLock{NlpWifiLock type=2 binder=android.os.BinderProxy@ea83847}
08-15 14:03:36.505  1003  4417 D WifiService: releaseWifiLockLocked: WifiLock{NlpWifiLock type=2 binder=android.os.BinderProxy@ea83847}
08-15 14:04:52.963  1003  1017 I ActivityManager: Config changes=480 {1.0 310mcc410mnc en_US ldltr sw411dp w683dp h387dp 560dpi nrml land finger -keyb/v/h -nav/h s.128}
08-15 14:04:53.174  1003  1175 I WindowManager: Screen frozen for +254ms due to Window{2d137e1 u0 com.google.android.youtube/com.google.android.apps.youtube.app.WatchWhileActivity}
08-15 14:04:55.628  1003  1017 I ActivityManager: Config changes=480 {1.0 310mcc410mnc en_US ldltr sw411dp w411dp h659dp 560dpi nrml port finger -keyb/v/h -nav/h s.129}
08-15 14:04:55.727  1003  1175 I WindowManager: Screen frozen for +124ms due to Window{2d137e1 u0 com.google.android.youtube/com.google.android.apps.youtube.app.WatchWhileActivity}
08-15 14:04:58.030  1003  1017 I ActivityManager: Config changes=480 {1.0 310mcc410mnc en_US ldltr sw411dp w683dp h387dp 560dpi nrml land finger -keyb/v/h -nav/h s.130}
08-15 14:04:58.147  1003  1175 I WindowManager: Screen frozen for +159ms due to Window{2d137e1 u0 com.google.android.youtube/com.google.android.apps.youtube.app.WatchWhileActivity}
08-15 14:05:19.946  1003  1017 I ActivityManager: Config changes=480 {1.0 310mcc410mnc en_US ldltr sw411dp w411dp h659dp 560dpi nrml port finger -keyb/v/h -nav/h s.131}
08-15 14:05:20.078  1003  1175 I WindowManager: Screen frozen for +170ms due to Window{2d137e1 u0 com.google.android.youtube/com.google.android.apps.youtube.app.WatchWhileActivity}
08-15 14:05:24.530  1003  4418 D ConnectivityService: ConnectivityService NetworkRequestInfo binderDied(NetworkRequest [ id=7, legacyType=-1, [ Capabilities: INTERNET&NOT_RESTRICTED&TRUSTED] ], android.os.BinderProxy@b6d4d43)
08-15 14:05:24.530  1003  3371 D ConnectivityService: releasing NetworkRequest NetworkRequest [ id=7, legacyType=-1, [ Capabilities: INTERNET&NOT_RESTRICTED&TRUSTED] ]
08-15 14:05:24.535  1003  3371 E ConnectivityService: RemoteException caught trying to send a callback msg for NetworkRequest [ id=7, legacyType=-1, [ Capabilities: INTERNET&NOT_RESTRICTED&TRUSTED] ]
08-15 14:05:24.541  1003  1014 I ActivityManager: Process com.scopely.minigolf.free (pid 7182) has died
08-15 14:05:24.541  1003  1014 W ActivityManager: Scheduling restart of crashed service com.scopely.minigolf.free/com.withbuddies.core.push.PushService in 1000ms
08-15 14:05:25.568  1003  1016 I ActivityManager: Start proc 10969:com.scopely.minigolf.free/u0a122 for service com.scopely.minigolf.free/com.withbuddies.core.push.PushService
08-15 14:05:27.622  1003  4016 D ConnectivityService: listenForNetwork for Listen from uid/pid:10122/10969 for NetworkRequest [ id=71, legacyType=-1, [ Capabilities: INTERNET&NOT_RESTRICTED&TRUSTED] ]
08-15 14:05:27.745  1003  4417 D ConnectivityService: listenForNetwork for Listen from uid/pid:10122/10969 for NetworkRequest [ id=72, legacyType=-1, [ Capabilities: INTERNET&NOT_RESTRICTED&TRUSTED] ]
08-15 14:05:27.771  1003  3371 D ConnectivityService: releasing NetworkRequest NetworkRequest [ id=71, legacyType=-1, [ Capabilities: INTERNET&NOT_RESTRICTED&TRUSTED] ]
08-15 14:05:35.439  1003 32307 W InputMethodManagerService: Window already focused, ignoring focus gain of: com.android.internal.view.IInputMethodClient$Stub$Proxy@1a2b314 attribute=null, token = android.os.BinderProxy@6e73d48
08-15 14:05:36.071  1003  3440 I ActivityManager: START u0 {act=com.facebook.intent.action.prod.VIEW_PERMALINK flg=0x14000000 cmp=com.facebook.katana/.activity.ImmersiveActivity (has extras)} from uid 10106 on display 0
08-15 14:05:38.329  1003  3796 I ActivityManager: START u0 {cmp=com.facebook.katana/.activity.FbMainTabActivity (has extras)} from uid 10106 on display 0
08-15 14:05:38.336  1003  3816 W ActivityManager: Duplicate finish request for ActivityRecord{aa3f175 u0 com.facebook.katana/.activity.ImmersiveActivity t3238 f}
08-15 14:05:47.772  1003  1016 W ActivityManager: Activity stop timeout for ActivityRecord{56385c9 u0 com.google.android.youtube/com.google.android.apps.youtube.app.WatchWhileActivity t3249}
08-15 14:06:12.612  1003  3816 I ActivityManager: START u0 {cmp=com.facebook.katana/.activity.ImmersiveActivity (has extras)} from uid 10106 on display 0
08-15 14:08:41.149  1003  3796 D WifiService: acquireWifiLockLocked: WifiLock{NlpWifiLock type=2 binder=android.os.BinderProxy@db94823}
08-15 14:08:41.238  1003  4418 D WifiService: releaseWifiLockLocked: WifiLock{NlpWifiLock type=2 binder=android.os.BinderProxy@db94823}
08-15 14:08:48.286  1003  4168 I ActivityManager: START u0 {act=com.facebook.intent.action.prod.VIEW_PERMALINK cmp=com.facebook.katana/.activity.ImmersiveActivity (has extras)} from uid 10106 on display 0
08-15 14:10:13.723  1003  3346 I ActivityManager: START u0 {act=android.intent.action.MAIN cat=[android.intent.category.HOME] flg=0x10200000 cmp=com.google.android.googlequicksearchbox/com.google.android.launcher.GEL (has extras)} from uid 1000 on display 0
08-15 14:10:15.057  1003  3816 I ActivityManager: START u0 {act=android.intent.action.MAIN cat=[android.intent.category.LAUNCHER] flg=0x10200000 cmp=com.google.android.youtube/.app.honeycomb.Shell$HomeActivity bnds=[579,998][861,1336] (has extras)} from uid 10029 on display 0
08-15 14:10:15.204  1003  3468 W ActivityManager: Permission Denial: Accessing service ComponentInfo{com.google.android.music/com.google.android.music.dial.DialMediaRouteProviderService} from pid=23304, uid=10075 that is not exported from uid 10059
08-15 14:12:37.388  1003  1015 I UsageStatsService: User[0] Flushing usage stats to disk
08-15 14:14:14.158  1003  3440 D WifiService: acquireWifiLockLocked: WifiLock{NlpWifiLock type=2 binder=android.os.BinderProxy@4e66b9c}
08-15 14:14:14.226  1003  4417 D WifiService: releaseWifiLockLocked: WifiLock{NlpWifiLock type=2 binder=android.os.BinderProxy@4e66b9c}
08-15 14:15:39.148  1003  1016 I ProcessStatsService: Prepared write state in 32ms
08-15 14:17:55.523  1003  4417 I ActivityManager: Killing 31506:com.android.vending/u0a22 (adj 15): empty for 1816s
08-15 14:17:55.579  1003  4417 I ActivityManager: Killing 31593:com.htc.sense.hsp/u0a103 (adj 15): empty for 1817s
08-15 14:18:53.813  1003  1017 I ActivityManager: Config changes=480 {1.0 310mcc410mnc en_US ldltr sw411dp w683dp h387dp 560dpi nrml land finger -keyb/v/h -nav/h s.132}
08-15 14:18:54.076  1003  1175 I WindowManager: Screen frozen for +293ms due to Window{2d137e1 u0 com.google.android.youtube/com.google.android.apps.youtube.app.WatchWhileActivity}
08-15 14:19:14.697  1003  3796 D WifiService: acquireWifiLockLocked: WifiLock{NlpWifiLock type=2 binder=android.os.BinderProxy@c9d7ab1}
08-15 14:19:14.765  1003  1013 D WifiService: releaseWifiLockLocked: WifiLock{NlpWifiLock type=2 binder=android.os.BinderProxy@c9d7ab1}
08-15 14:24:14.817  1003  3345 I ActivityManager: Start proc 25749:com.venmo/u0a133 for service com.venmo/com.zendesk.sdk.network.impl.ConfigurationIntentService
08-15 14:24:14.834  1003 32307 D WifiService: acquireWifiLockLocked: WifiLock{NlpWifiLock type=2 binder=android.os.BinderProxy@56eb880}
08-15 14:24:14.900  1003  4417 D WifiService: releaseWifiLockLocked: WifiLock{NlpWifiLock type=2 binder=android.os.BinderProxy@56eb880}
08-15 14:25:46.343  1003  1016 I ActivityManager: Killing 25304:com.google.android.apps.plus/u0a84 (adj 15): empty for 2217s
08-15 14:29:15.246  1003 23729 D WifiService: acquireWifiLockLocked: WifiLock{NlpWifiLock type=2 binder=android.os.BinderProxy@bebc423}
08-15 14:29:15.261  1003  1013 D WifiService: acquireWifiLockLocked: WifiLock{NlpWifiLock type=2 binder=android.os.BinderProxy@f375d20}
08-15 14:29:15.400  1003  3796 D WifiService: releaseWifiLockLocked: WifiLock{NlpWifiLock type=2 binder=android.os.BinderProxy@bebc423}
08-15 14:29:15.957  1003  3796 D WifiService: releaseWifiLockLocked: WifiLock{NlpWifiLock type=2 binder=android.os.BinderProxy@f375d20}
08-15 14:32:15.617  1003  3816 I ActivityManager: Start proc 30219:com.google.android.talk/u0a53 for broadcast com.google.android.talk/com.google.android.apps.hangouts.realtimechat.RealTimeChatService$AlarmReceiver
08-15 14:32:32.005  1003  1013 I Telecom : PhoneAccountRegistrar: SimCallManager queried, returning: null
08-15 14:32:32.034  1003  3796 I Telecom : PhoneAccountRegistrar: SimCallManager queried, returning: null
08-15 14:32:46.884  1003  1014 I ActivityManager: Killing 983:com.soundcloud.android/u0a139 (adj 15): empty for 2635s
08-15 14:33:01.888  1003  1015 I UsageStatsService: User[0] Flushing usage stats to disk
08-15 14:34:17.225  1003  4564 D WifiService: acquireWifiLockLocked: WifiLock{NlpWifiLock type=2 binder=android.os.BinderProxy@cef04ea}
08-15 14:34:17.322  1003  4418 D WifiService: releaseWifiLockLocked: WifiLock{NlpWifiLock type=2 binder=android.os.BinderProxy@cef04ea}
08-15 14:37:37.952  1003  1017 I ActivityManager: Config changes=480 {1.0 310mcc410mnc en_US ldltr sw411dp w411dp h659dp 560dpi nrml port finger -keyb/v/h -nav/h s.133}
08-15 14:37:38.317  1003  1175 I WindowManager: Screen frozen for +410ms due to Window{2d137e1 u0 com.google.android.youtube/com.google.android.apps.youtube.app.WatchWhileActivity}
08-15 14:38:04.686  1003  1017 I ActivityManager: Config changes=480 {1.0 310mcc410mnc en_US ldltr sw411dp w683dp h387dp 560dpi nrml land finger -keyb/v/h -nav/h s.134}
08-15 14:38:04.822  1003  1175 I WindowManager: Screen frozen for +166ms due to Window{2d137e1 u0 com.google.android.youtube/com.google.android.apps.youtube.app.WatchWhileActivity}
08-15 14:39:17.232  1003  4565 D WifiService: acquireWifiLockLocked: WifiLock{NlpWifiLock type=2 binder=android.os.BinderProxy@1321fea}
08-15 14:39:17.274  1003  3816 D WifiService: releaseWifiLockLocked: WifiLock{NlpWifiLock type=2 binder=android.os.BinderProxy@1321fea}
08-15 14:44:17.083  1003  1003 I EntropyMixer: Added HW RNG output to entropy pool
08-15 14:44:17.084  1003  1003 I EntropyMixer: Writing entropy...
08-15 14:44:17.257  1003 32307 D WifiService: acquireWifiLockLocked: WifiLock{NlpWifiLock type=2 binder=android.os.BinderProxy@7312134}
08-15 14:44:17.311  1003 23729 D WifiService: releaseWifiLockLocked: WifiLock{NlpWifiLock type=2 binder=android.os.BinderProxy@7312134}
08-15 14:45:47.353  1003  1016 I ProcessStatsService: Prepared write state in 6ms
08-15 14:47:36.645  1003  1016 E KernelCpuSpeedReader: Failed to read cpu-freq: /sys/devices/system/cpu/cpu4/cpufreq/stats/time_in_state: open failed: ENOENT (No such file or directory)
08-15 14:47:36.696  1003  1018 E KernelCpuSpeedReader: Failed to read cpu-freq: /sys/devices/system/cpu/cpu4/cpufreq/stats/time_in_state: open failed: ENOENT (No such file or directory)
