--------- beginning of system
08-14 22:09:05.834   349   388 I Ext4Crypt: ext4 crypto complete called on /data
08-14 22:09:05.835   349   388 I Ext4Crypt: No master key, so not ext4enc
08-14 22:09:05.843  1003  3351 I chatty  : uid=1000(system) CryptdConnector expire 2 lines
08-14 22:09:05.844  1003  3349 I chatty  : uid=1000(system) MountService expire 130 lines
08-14 22:09:05.854  1003  1003 I chatty  : uid=1000 system_server expire 2 lines
08-14 22:09:05.877  1003  3350 I chatty  : uid=1000(system) VoldConnector expire 1 line
08-14 22:09:05.887  1003  3349 I chatty  : uid=1000(system) MountService expire 228 lines
08-14 22:09:05.895  1003  1015 I chatty  : uid=1000(system) android.bg expire 1 line
08-14 22:09:05.908  1003  3349 I chatty  : uid=1000(system) MountService expire 187 lines
08-14 22:09:05.910  1003  1003 I chatty  : uid=1000 system_server expire 47 lines
08-14 22:09:06.078  1003  3350 I chatty  : uid=1000(system) VoldConnector expire 1 line
08-14 22:09:06.656  1003  1016 I chatty  : uid=1000(system) ActivityManager expire 7 lines
08-14 22:09:06.741  1003  1003 I chatty  : uid=1000 system_server expire 119 lines
08-14 22:09:07.921  1003  3370 I chatty  : uid=1000(system) WifiService expire 8 lines
08-14 22:09:07.935  1003  3371 I chatty  : uid=1000(system) ConnectivitySer expire 13 lines
08-14 22:09:08.209  1003  1187 I chatty  : uid=1000(system) PowerManagerSer expire 1 line
08-14 22:09:08.227  1003  3349 I chatty  : uid=1000(system) MountService expire 5 lines
08-14 22:09:08.229  1003  3350 I chatty  : uid=1000(system) VoldConnector expire 12 lines
08-14 22:09:08.233  1003  1018 I chatty  : uid=1000(system) android.fg expire 2 lines
08-14 22:09:08.235   349   387 V vold    : Waiting for FUSE to spin up...
08-14 22:09:09.209  1003  1017 I chatty  : uid=1000(system) android.ui expire 1 line
08-14 22:09:09.434  1003  1013 I chatty  : uid=1000(system) Binder_1 expire 4 lines
08-14 22:09:09.656  1003  3368 I chatty  : uid=1000(system) WifiP2pService expire 3 lines
08-14 22:09:10.429  1003  3440 I chatty  : uid=1000(system) Binder_3 expire 9 lines
08-14 22:09:10.731  1003  3796 I chatty  : uid=1000(system) Binder_5 expire 2 lines
08-14 22:09:12.041  3892  3940 D ActivityThread: Loading provider com.google.android.gmail.provider;com.android.mail.notifier;com.google.android.gm.email.provider;com.google.android.gm.email.notifier: com.android.email.provider.EmailProvider
08-14 22:09:12.847  1003  3816 I chatty  : uid=1000(system) Binder_6 expire 6 lines
08-14 22:09:12.964   349   387 D vold    : Linking /storage/emulated/0 to /mnt/user/0/primary
08-14 22:09:13.153  1003  3468 I chatty  : uid=1000(system) Binder_4 expire 4 lines
08-14 22:09:13.327  1003  1014 I chatty  : uid=1000(system) Binder_2 expire 7 lines
08-14 22:09:13.330  4092  4092 I chatty  : uid=1000(system) com.quicinc.cne.CNEService expire 1 line
08-14 22:09:13.877  1003  1015 I chatty  : uid=1000(system) android.bg expire 1 line
08-14 22:09:15.204  1003  4418 I chatty  : uid=1000(system) Binder_B expire 6 lines
08-14 22:09:15.754  1003  4016 I chatty  : uid=1000(system) Binder_7 expire 3 lines
08-14 22:09:15.792  1003  4313 I chatty  : uid=1000(system) Binder_9 expire 8 lines
08-14 22:09:15.793   349   388 D VoldCryptCmdListener: cryptfs getpw
08-14 22:09:15.793   349   388 I Ext4Crypt: ext4 crypto complete called on /data
08-14 22:09:15.793   349   388 I Ext4Crypt: No master key, so not ext4enc
08-14 22:09:15.793   349   388 I Ext4Crypt: ext4 crypto complete called on /data
08-14 22:09:15.793   349   388 I Ext4Crypt: No master key, so not ext4enc
08-14 22:09:15.794  1003  3351 I chatty  : uid=1000(system) CryptdConnector expire 2 lines
08-14 22:09:15.795   349   388 D VoldCryptCmdListener: cryptfs clearpw
08-14 22:09:15.795   349   388 I Ext4Crypt: ext4 crypto complete called on /data
08-14 22:09:15.795   349   388 I Ext4Crypt: No master key, so not ext4enc
08-14 22:09:16.080  4139  4139 D MccTable: updateMccMncConfiguration mccmnc='310410' fromServiceState=true
08-14 22:09:16.081  4139  4139 D MccTable: updateMccMncConfiguration defaultMccMnc=
08-14 22:09:16.081  4139  4139 D MccTable: updateMccMncConfiguration: mcc=310, mnc=410
08-14 22:09:16.081  4139  4139 D MccTable: WIFI_COUNTRY_CODE set to us
08-14 22:09:16.156  1003  4565 I chatty  : uid=1000(system) Binder_D expire 5 lines
08-14 22:09:16.310  4139  4139 D MccTable: updateMccMncConfiguration mccmnc='310410' fromServiceState=false
08-14 22:09:16.313  4139  4139 D MccTable: updateMccMncConfiguration defaultMccMnc=
08-14 22:09:16.313  4139  4139 D MccTable: updateMccMncConfiguration: mcc=310, mnc=410
08-14 22:09:16.313  4139  4139 D MccTable: updateMccMncConfiguration updateConfig config={1.0 310mcc410mnc ?locale ?layoutDir ?swdp ?wdp ?hdp ?density ?lsize ?long ?orien ?uimode ?night ?touch ?keyb/?/? ?nav/?}
08-14 22:09:16.524  1003  4417 I chatty  : uid=1000(system) Binder_A expire 4 lines
08-14 22:09:16.608  4139  4139 D MccTable: updateMccMncConfiguration mccmnc='310410' fromServiceState=false
08-14 22:09:16.615  4139  4139 D MccTable: updateMccMncConfiguration defaultMccMnc=310410
08-14 22:09:16.615  4139  4139 D MccTable: updateMccMncConfiguration: mcc=310, mnc=410
08-14 22:09:16.615  4139  4139 D MccTable: updateMccMncConfiguration updateConfig config={1.0 310mcc410mnc ?locale ?layoutDir ?swdp ?wdp ?hdp ?density ?lsize ?long ?orien ?uimode ?night ?touch ?keyb/?/? ?nav/?}
08-14 22:09:16.779  4139  4139 D MccTable: updateMccMncConfiguration mccmnc='310410' fromServiceState=false
08-14 22:09:16.781  4139  4139 D MccTable: updateMccMncConfiguration defaultMccMnc=310410
08-14 22:09:16.781  4139  4139 D MccTable: updateMccMncConfiguration: mcc=310, mnc=410
08-14 22:09:16.781  4139  4139 D MccTable: updateMccMncConfiguration updateConfig config={1.0 310mcc410mnc ?locale ?layoutDir ?swdp ?wdp ?hdp ?density ?lsize ?long ?orien ?uimode ?night ?touch ?keyb/?/? ?nav/?}
08-14 22:09:17.035  1003  4566 I chatty  : uid=1000(system) Binder_E expire 1 line
08-14 22:09:18.033  1003  4564 I chatty  : uid=1000(system) Binder_C expire 4 lines
08-14 22:09:18.222  1003  4168 I chatty  : uid=1000(system) Binder_8 expire 2 lines
08-14 22:09:18.320  1003  1175 I chatty  : uid=1000(system) android.display expire 1 line
08-14 22:09:18.446  1003  1003 I chatty  : uid=1000 system_server expire 1 line
08-14 22:09:18.804  1003  3395 I chatty  : uid=1000(system) WifiRttService expire 1 line
08-14 22:09:19.249  1003  3371 I chatty  : uid=1000(system) ConnectivitySer expire 12 lines
08-14 22:09:19.361  1003  3440 I chatty  : uid=1000(system) Binder_3 expire 8 lines
08-14 22:09:19.372  1003  1014 I chatty  : uid=1000(system) Binder_2 expire 11 lines
08-14 22:09:19.452  1003  3796 I chatty  : uid=1000(system) Binder_5 expire 8 lines
08-14 22:09:20.614  1003  4564 I chatty  : uid=1000(system) Binder_C expire 6 lines
08-14 22:09:21.303  1003  1175 I chatty  : uid=1000(system) android.display expire 6 lines
08-14 22:09:22.621  1003  1003 I chatty  : uid=1000 system_server expire 6 lines
08-14 22:09:23.751  1003  3468 I chatty  : uid=1000(system) Binder_4 expire 10 lines
08-14 22:09:24.792  5166  5166 W ActivityThread: ClassLoader.loadClass: The class loader returned by Thread.getContextClassLoader() may fail for processes that host multiple applications. You should explicitly specify a context class loader. For example: Thread.setContextClassLoader(getClass().getClassLoader());
08-14 22:09:25.919  1003  4168 I chatty  : uid=1000(system) Binder_8 expire 10 lines
08-14 22:09:28.137  1003  1013 I chatty  : uid=1000(system) Binder_1 expire 12 lines
08-14 22:09:28.791  1003  4417 I chatty  : uid=1000(system) Binder_A expire 8 lines
08-14 22:09:30.091  1003  4313 I chatty  : uid=1000(system) Binder_9 expire 12 lines
08-14 22:09:30.162  1003  4016 I chatty  : uid=1000(system) Binder_7 expire 9 lines
08-14 22:09:32.104  1003  3370 I chatty  : uid=1000(system) WifiService expire 6 lines
08-14 22:09:33.211  1003  4565 I chatty  : uid=1000(system) Binder_D expire 9 lines
08-14 22:09:35.248  1003  4418 I chatty  : uid=1000(system) Binder_B expire 7 lines
08-14 22:09:37.833  1003  1016 I chatty  : uid=1000(system) ActivityManager expire 10 lines
08-14 22:09:56.535  1003  4566 I chatty  : uid=1000(system) Binder_E expire 7 lines
08-14 22:09:57.650  1003  3816 I chatty  : uid=1000(system) Binder_6 expire 10 lines
08-14 22:10:06.010   349   388 I Ext4Crypt: ext4 crypto complete called on /data
08-14 22:10:06.010   349   388 I Ext4Crypt: No master key, so not ext4enc
08-14 22:10:06.012  1003  3351 I chatty  : uid=1000(system) CryptdConnector expire 4 lines
08-14 22:10:06.013   349   388 D VoldCryptCmdListener: cryptfs getpwtype
08-14 22:10:06.013   349   388 I Ext4Crypt: ext4 crypto complete called on /data
08-14 22:10:06.014   349   388 I Ext4Crypt: No master key, so not ext4enc
08-14 22:10:12.982  1003  1017 I chatty  : uid=1000(system) android.ui expire 3 lines
08-14 22:10:14.499  1003  3371 I chatty  : uid=1000(system) ConnectivitySer expire 37 lines
08-14 22:10:15.405  1003  7372 I chatty  : uid=1000(system) AsyncTask #4 expire 1 line
08-14 22:10:15.443  1003  7374 I chatty  : uid=1000 system_server expire 4 lines
08-14 22:10:17.364  1003  1016 I chatty  : uid=1000(system) ActivityManager expire 7 lines
08-14 22:10:19.454  7610  7610 I chatty  : uid=1000(system) com.qualcomm.display expire 1 line
08-14 22:10:20.940  1003  3369 I chatty  : uid=1000(system) WifiStateMachin expire 1 line
08-14 22:10:22.680  1003  1015 I chatty  : uid=1000(system) android.bg expire 3 lines
08-14 22:10:23.712  4788  7887 E ActivityThread: Failed to find provider info for com.android.contacts.metadata
08-14 22:10:24.227  4788  7934 E ActivityThread: Failed to find provider info for com.android.contacts.metadata
08-14 22:10:24.282  4788  7948 E ActivityThread: Failed to find provider info for com.android.contacts.metadata
08-14 22:10:24.514  4788  7993 E ActivityThread: Failed to find provider info for com.android.contacts.metadata
08-14 22:10:27.937   349   388 I Ext4Crypt: ext4 crypto complete called on /data
08-14 22:10:27.938   349   388 I Ext4Crypt: No master key, so not ext4enc
08-14 22:10:27.961  1003  3468 I chatty  : uid=1000(system) Binder_4 expire 4 lines
08-14 22:10:27.961   349   388 D VoldCryptCmdListener: cryptfs getpwtype
08-14 22:10:27.961   349   388 I Ext4Crypt: ext4 crypto complete called on /data
08-14 22:10:27.962   349   388 I Ext4Crypt: No master key, so not ext4enc
08-14 22:10:29.157  1003  1014 I chatty  : uid=1000(system) Binder_2 expire 3 lines
08-14 22:10:30.334  1003  3371 I chatty  : uid=1000(system) ConnectivitySer expire 1 line
08-14 22:10:32.522  1003  3346 I chatty  : uid=1000(system) InputDispatcher expire 2 lines
08-14 22:10:32.740  1003  4168 I chatty  : uid=1000(system) Binder_8 expire 1 line
08-14 22:10:32.930  8208  8238 D ActivityThread: Loading provider com.google.android.gmail.provider;com.android.mail.notifier;com.google.android.gm.email.provider;com.google.android.gm.email.notifier: com.android.email.provider.EmailProvider
08-14 22:10:35.792  8076  8076 E ActivityThread: Service com.google.android.gms.car.CarService has leaked ServiceConnection fmj@3261de0 that was originally bound here
08-14 22:10:35.792  8076  8076 E ActivityThread: android.app.ServiceConnectionLeaked: Service com.google.android.gms.car.CarService has leaked ServiceConnection fmj@3261de0 that was originally bound here
08-14 22:10:35.792  8076  8076 E ActivityThread: 	at android.app.LoadedApk$ServiceDispatcher.<init>(LoadedApk.java:1092)
08-14 22:10:35.792  8076  8076 E ActivityThread: 	at android.app.LoadedApk.getServiceDispatcher(LoadedApk.java:986)
08-14 22:10:35.792  8076  8076 E ActivityThread: 	at android.app.ContextImpl.bindServiceCommon(ContextImpl.java:1303)
08-14 22:10:35.792  8076  8076 E ActivityThread: 	at android.app.ContextImpl.bindService(ContextImpl.java:1286)
08-14 22:10:35.792  8076  8076 E ActivityThread: 	at android.content.ContextWrapper.bindService(ContextWrapper.java:604)
08-14 22:10:35.792  8076  8076 E ActivityThread: 	at android.content.ContextWrapper.bindService(ContextWrapper.java:604)
08-14 22:10:35.792  8076  8076 E ActivityThread: 	at android.content.ContextWrapper.bindService(ContextWrapper.java:604)
08-14 22:10:35.792  8076  8076 E ActivityThread: 	at ivw.a(:com.google.android.gms:120)
08-14 22:10:35.792  8076  8076 E ActivityThread: 	at ivw.a(:com.google.android.gms:137)
08-14 22:10:35.792  8076  8076 E ActivityThread: 	at fmj.h(:com.google.android.gms:76)
08-14 22:10:35.792  8076  8076 E ActivityThread: 	at fmj.<init>(:com.google.android.gms:64)
08-14 22:10:35.792  8076  8076 E ActivityThread: 	at fpn.i(:com.google.android.gms:551)
08-14 22:10:35.792  8076  8076 E ActivityThread: 	at com.google.android.gms.car.CarChimeraService.onBind(:com.google.android.gms:165)
08-14 22:10:35.792  8076  8076 E ActivityThread: 	at com.google.android.chimera.container.ServiceProxy.onBind(:com.google.android.gms:165)
08-14 22:10:35.792  8076  8076 E ActivityThread: 	at android.app.ActivityThread.handleBindService(ActivityThread.java:2904)
08-14 22:10:35.792  8076  8076 E ActivityThread: 	at android.app.ActivityThread.-wrap2(ActivityThread.java)
08-14 22:10:35.792  8076  8076 E ActivityThread: 	at android.app.ActivityThread$H.handleMessage(ActivityThread.java:1432)
08-14 22:10:35.792  8076  8076 E ActivityThread: 	at android.os.Handler.dispatchMessage(Handler.java:102)
08-14 22:10:35.792  8076  8076 E ActivityThread: 	at android.os.Looper.loop(Looper.java:148)
08-14 22:10:35.792  8076  8076 E ActivityThread: 	at android.app.ActivityThread.main(ActivityThread.java:5422)
08-14 22:10:35.792  8076  8076 E ActivityThread: 	at java.lang.reflect.Method.invoke(Native Method)
08-14 22:10:35.792  8076  8076 E ActivityThread: 	at com.android.internal.os.ZygoteInit$MethodAndArgsCaller.run(ZygoteInit.java:726)
08-14 22:10:35.792  8076  8076 E ActivityThread: 	at com.android.internal.os.ZygoteInit.main(ZygoteInit.java:616)
08-14 22:10:38.610  1003  3816 I chatty  : uid=1000(system) Binder_6 expire 1 line
08-14 22:10:39.287  1003  4313 I chatty  : uid=1000(system) Binder_9 expire 9 lines
08-14 22:10:40.348  1003  1016 I chatty  : uid=1000(system) ActivityManager expire 11 lines
08-14 22:10:41.311  1003  1013 I chatty  : uid=1000(system) Binder_1 expire 10 lines
08-14 22:10:41.633  1003  3440 I chatty  : uid=1000(system) Binder_3 expire 11 lines
08-14 22:10:44.048  1003  3816 I chatty  : uid=1000(system) Binder_6 expire 13 lines
08-14 22:10:44.527  1003  3371 I chatty  : uid=1000(system) ConnectivitySer expire 14 lines
08-14 22:10:45.113  1003  4168 I chatty  : uid=1000(system) Binder_8 expire 11 lines
08-14 22:10:49.474  1003  3796 I chatty  : uid=1000(system) Binder_5 expire 11 lines
08-14 22:10:49.474  1003  4016 I chatty  : uid=1000(system) Binder_7 expire 10 lines
08-14 22:10:49.474   349   388 I Ext4Crypt: ext4 crypto complete called on /data
08-14 22:10:49.475   349   388 I Ext4Crypt: No master key, so not ext4enc
08-14 22:10:49.476  1003  3351 I chatty  : uid=1000(system) CryptdConnector expire 8 lines
08-14 22:10:49.477   349   388 D VoldCryptCmdListener: cryptfs getpwtype
08-14 22:10:49.477   349   388 I Ext4Crypt: ext4 crypto complete called on /data
08-14 22:10:49.477   349   388 I Ext4Crypt: No master key, so not ext4enc
08-14 22:10:50.158  1003  4566 I chatty  : uid=1000(system) Binder_E expire 10 lines
08-14 22:10:50.241  1003  4417 I chatty  : uid=1000(system) Binder_A expire 13 lines
08-14 22:10:50.863  1003  1014 I chatty  : uid=1000(system) Binder_2 expire 11 lines
08-14 22:10:52.928  1003  4418 I chatty  : uid=1000(system) Binder_B expire 10 lines
08-14 22:10:56.807  1003  4564 I chatty  : uid=1000(system) Binder_C expire 10 lines
08-14 22:10:56.864  1003  3468 I chatty  : uid=1000(system) Binder_4 expire 11 lines
08-14 22:10:57.941  1003  3370 I chatty  : uid=1000(system) WifiService expire 5 lines
08-14 22:10:59.943  1003  4565 I chatty  : uid=1000(system) Binder_D expire 8 lines
08-14 22:11:06.450  3403  9086 W ActivityThread: ClassLoader.loadClass: The class loader returned by Thread.getContextClassLoader() may fail for processes that host multiple applications. You should explicitly specify a context class loader. For example: Thread.setContextClassLoader(getClass().getClassLoader());
08-14 22:11:10.528  9229  9229 I chatty  : uid=1000(system) expire 1 line
08-14 22:11:11.553  9254  9254 W ActivityThread: ClassLoader.loadClass: The class loader returned by Thread.getContextClassLoader() may fail for processes that host multiple applications. You should explicitly specify a context class loader. For example: Thread.setContextClassLoader(getClass().getClassLoader());
08-14 22:11:13.625  9320  9336 D ActivityThread: Loading provider com.google.android.gmail.provider;com.android.mail.notifier;com.google.android.gm.email.provider;com.google.android.gm.email.notifier: com.android.email.provider.EmailProvider
08-14 22:11:28.196   349   388 I Ext4Crypt: ext4 crypto complete called on /data
08-14 22:11:28.196   349   388 I Ext4Crypt: No master key, so not ext4enc
08-14 22:11:28.198  1003  4418 I chatty  : uid=1000(system) Binder_B expire 11 lines
08-14 22:11:28.199   349   388 D VoldCryptCmdListener: cryptfs getpwtype
08-14 22:11:28.199   349   388 I Ext4Crypt: ext4 crypto complete called on /data
08-14 22:11:28.199   349   388 I Ext4Crypt: No master key, so not ext4enc
08-14 22:11:31.795  1003  4566 I chatty  : uid=1000(system) Binder_E expire 8 lines
08-14 22:11:32.788   349   388 I Ext4Crypt: ext4 crypto complete called on /data
08-14 22:11:32.788   349   388 I Ext4Crypt: No master key, so not ext4enc
08-14 22:11:32.790   349   388 D VoldCryptCmdListener: cryptfs getpwtype
08-14 22:11:32.791   349   388 I Ext4Crypt: ext4 crypto complete called on /data
08-14 22:11:32.791   349   388 I Ext4Crypt: No master key, so not ext4enc
08-14 22:11:38.444  9905  9925 D ActivityThread: Loading provider com.google.android.gmail.provider;com.android.mail.notifier;com.google.android.gm.email.provider;com.google.android.gm.email.notifier: com.android.email.provider.EmailProvider
08-14 22:11:43.244  1003  1003 I chatty  : uid=1000 system_server expire 1 line
08-14 22:11:46.345 10274 10274 W ActivityThread: ClassLoader.loadClass: The class loader returned by Thread.getContextClassLoader() may fail for processes that host multiple applications. You should explicitly specify a context class loader. For example: Thread.setContextClassLoader(getClass().getClassLoader());
08-14 22:11:48.526  1003  1013 I chatty  : uid=1000(system) Binder_1 expire 5 lines
08-14 22:11:49.436  1003  4016 I chatty  : uid=1000(system) Binder_7 expire 5 lines
08-14 22:11:51.952  1003  4168 I chatty  : uid=1000(system) Binder_8 expire 5 lines
08-14 22:12:05.140  1003  1015 I chatty  : uid=1000(system) android.bg expire 4 lines
08-14 22:12:16.236  1003  1304 I chatty  : uid=1000(system) PackageManager expire 4 lines
08-14 22:12:20.304   349   388 I Ext4Crypt: ext4 crypto complete called on /data
08-14 22:12:20.304   349   388 I Ext4Crypt: No master key, so not ext4enc
08-14 22:12:20.304  1003  4417 I chatty  : uid=1000(system) Binder_A expire 3 lines
08-14 22:12:20.306   349   388 D VoldCryptCmdListener: cryptfs getpwtype
08-14 22:12:20.306   349   388 I Ext4Crypt: ext4 crypto complete called on /data
08-14 22:12:20.306   349   388 I Ext4Crypt: No master key, so not ext4enc
08-14 22:12:20.897  1003  1014 I chatty  : uid=1000(system) Binder_2 expire 1 line
08-14 22:12:21.215  1003  3440 I chatty  : uid=1000(system) Binder_3 expire 1 line
08-14 22:12:21.238  1003  3816 I chatty  : uid=1000(system) Binder_6 expire 2 lines
08-14 22:12:27.531  1003  1018 I chatty  : uid=1000(system) android.fg expire 1 line
08-14 22:12:28.045  1003  1016 I chatty  : uid=1000(system) ActivityManager expire 1 line
08-14 22:12:45.557  1003  3371 I chatty  : uid=1000(system) ConnectivitySer expire 8 lines
08-14 22:12:51.630  1003  3468 I chatty  : uid=1000(system) Binder_4 expire 4 lines
08-14 22:13:51.904  1003  3371 I chatty  : uid=1000(system) ConnectivitySer expire 40 lines
08-14 22:13:55.866  1003  3347 I chatty  : uid=1000(system) InputReader expire 4 lines
08-14 22:13:56.928  1003  1175 I chatty  : uid=1000(system) android.display expire 8 lines
08-14 22:13:57.284  1003  1187 I chatty  : uid=1000(system) PowerManagerSer expire 10 lines
08-14 22:13:57.286  1003  1018 I chatty  : uid=1000(system) android.fg expire 8 lines
08-14 22:13:57.308  1003  1013 I chatty  : uid=1000(system) Binder_1 expire 10 lines
08-14 22:14:01.355  1003  3370 I chatty  : uid=1000(system) WifiService expire 7 lines
08-14 22:15:26.392  1003  1016 I chatty  : uid=1000(system) ActivityManager expire 21 lines
08-14 22:15:26.533  1003  3440 I chatty  : uid=1000(system) Binder_3 expire 9 lines
08-14 22:15:26.553  1003  3816 I chatty  : uid=1000(system) Binder_6 expire 13 lines
08-14 22:15:26.553  1003  4016 I chatty  : uid=1000(system) Binder_7 expire 10 lines
08-14 22:15:26.918  1003  1304 I chatty  : uid=1000(system) PackageManager expire 16 lines
08-14 22:15:28.006  1003  1003 I chatty  : uid=1000 system_server expire 5 lines
08-14 22:15:28.137  1003  4566 I chatty  : uid=1000(system) Binder_E expire 8 lines
08-14 22:15:28.207  1003  1014 I chatty  : uid=1000(system) Binder_2 expire 8 lines
08-14 22:15:28.210  1003  4417 I chatty  : uid=1000(system) Binder_A expire 9 lines
08-14 22:15:28.289  1003  4168 I chatty  : uid=1000(system) Binder_8 expire 5 lines
08-14 22:15:28.551 11329 11329 I chatty  : uid=1000(system) expire 1 line
08-14 22:15:41.415  1003  4313 I chatty  : uid=1000(system) Binder_9 expire 6 lines
08-14 22:15:44.426  1003  4564 I chatty  : uid=1000(system) Binder_C expire 7 lines
08-14 22:15:45.100  1003  4418 I chatty  : uid=1000(system) Binder_B expire 6 lines
08-14 22:15:48.032  1003  4565 I chatty  : uid=1000(system) Binder_D expire 10 lines
08-14 22:15:51.032  1003  3796 I chatty  : uid=1000(system) Binder_5 expire 3 lines
08-14 22:16:01.425  1003  3346 I chatty  : uid=1000(system) InputDispatcher expire 3 lines
08-14 22:20:24.187  3449  3449 V DeadZone: consuming errant click: (0.0,56.0)
08-14 22:20:30.579  1003  3371 I chatty  : uid=1000(system) ConnectivitySer expire 13 lines
08-14 22:20:31.892  1003  1187 I chatty  : uid=1000(system) PowerManagerSer expire 5 lines
08-14 22:21:27.562  1003  4565 I chatty  : uid=1000(system) Binder_D expire 1 line
08-14 22:21:27.621  1003  3816 I chatty  : uid=1000(system) Binder_6 expire 1 line
08-14 22:22:27.615  3449  3449 V DeadZone: consuming errant click: (2.0,41.0)
08-14 22:22:27.875  1003  3371 I chatty  : uid=1000(system) ConnectivitySer expire 30 lines
08-14 22:22:43.649  1003  1018 I chatty  : uid=1000(system) android.fg expire 11 lines
08-14 22:22:43.917  1003  3816 I chatty  : uid=1000(system) Binder_6 expire 8 lines
08-14 22:22:44.645  1003  4016 I chatty  : uid=1000(system) Binder_7 expire 9 lines
08-14 22:22:44.646   349   388 I Ext4Crypt: ext4 crypto complete called on /data
08-14 22:22:44.646   349   388 I Ext4Crypt: No master key, so not ext4enc
08-14 22:22:44.648  1003  3351 I chatty  : uid=1000(system) CryptdConnector expire 2 lines
08-14 22:22:44.649   349   388 D VoldCryptCmdListener: cryptfs getpwtype
08-14 22:22:44.649   349   388 I Ext4Crypt: ext4 crypto complete called on /data
08-14 22:22:44.649   349   388 I Ext4Crypt: No master key, so not ext4enc
08-14 22:22:44.656  1003  3468 I chatty  : uid=1000(system) Binder_4 expire 3 lines
08-14 22:22:44.667  1003  4417 I chatty  : uid=1000(system) Binder_A expire 9 lines
08-14 22:22:44.719  1003  4565 I chatty  : uid=1000(system) Binder_D expire 3 lines
08-14 22:23:08.071  1003  3440 I chatty  : uid=1000(system) Binder_3 expire 11 lines
08-14 22:23:41.001  1003  4418 I chatty  : uid=1000(system) Binder_B expire 6 lines
08-14 22:24:06.677  1003  4564 I chatty  : uid=1000(system) Binder_C expire 11 lines
08-14 22:25:49.935  1003  3347 I chatty  : uid=1000(system) InputReader expire 6 lines
08-14 22:25:50.520  1003  1175 I chatty  : uid=1000(system) android.display expire 16 lines
08-14 22:25:50.838  1003  1187 I chatty  : uid=1000(system) PowerManagerSer expire 27 lines
08-14 22:26:33.740  1003  4313 I chatty  : uid=1000(system) Binder_9 expire 9 lines
08-14 22:26:33.821  1003  1013 I chatty  : uid=1000(system) Binder_1 expire 7 lines
08-14 22:27:35.786  1003  1003 I chatty  : uid=1000 system_server expire 8 lines
08-14 22:27:35.943  1003  4168 I chatty  : uid=1000(system) Binder_8 expire 8 lines
08-14 22:27:38.154  1003  3346 I chatty  : uid=1000(system) InputDispatcher expire 5 lines
08-14 22:27:39.525  1003  1016 I chatty  : uid=1000(system) ActivityManager expire 10 lines
08-14 22:27:59.806  1003  1014 I chatty  : uid=1000(system) Binder_2 expire 8 lines
08-14 22:28:42.222  3449  3449 V DeadZone: consuming errant click: (522.0,17.0)
08-14 22:29:00.547  1003  3796 I chatty  : uid=1000(system) Binder_5 expire 4 lines
08-14 22:29:00.868  1003  3371 I chatty  : uid=1000(system) ConnectivitySer expire 33 lines
08-14 22:29:05.958  1003  1015 I chatty  : uid=1000(system) android.bg expire 2 lines
08-14 22:38:16.696  1003  3370 I chatty  : uid=1000(system) WifiService expire 2 lines
08-14 22:38:16.911  1003  4566 I chatty  : uid=1000(system) Binder_E expire 4 lines
08-14 22:38:23.488  3449  3449 V DeadZone: consuming errant click: (1006.0,33.0)
08-14 22:38:31.988  3449  3449 V DeadZone: consuming errant click: (976.0,37.0)
08-14 22:39:41.588  1003  1018 I chatty  : uid=1000(system) android.fg expire 1 line
08-14 22:40:53.514  1003  3371 I chatty  : uid=1000(system) ConnectivitySer expire 26 lines
08-14 22:40:57.516  1003  3346 I chatty  : uid=1000(system) InputDispatcher expire 5 lines
08-14 22:40:58.765  1003  1014 I chatty  : uid=1000(system) Binder_2 expire 2 lines
08-14 22:40:58.813  1003  4016 I chatty  : uid=1000(system) Binder_7 expire 7 lines
08-14 22:41:29.979  1003  4417 I chatty  : uid=1000(system) Binder_A expire 5 lines
08-14 22:41:31.994  1003  4565 I chatty  : uid=1000(system) Binder_D expire 2 lines
08-14 22:41:48.448  1003  3796 I chatty  : uid=1000(system) Binder_5 expire 5 lines
08-14 22:41:51.693  1003  1013 I chatty  : uid=1000(system) Binder_1 expire 1 line
08-14 22:41:56.701  1003  4566 I chatty  : uid=1000(system) Binder_E expire 1 line
08-14 22:42:26.485  1003  3816 I chatty  : uid=1000(system) Binder_6 expire 4 lines
08-14 22:42:32.422  1003  3440 I chatty  : uid=1000(system) Binder_3 expire 6 lines
08-14 22:42:47.262  1003  4418 I chatty  : uid=1000(system) Binder_B expire 2 lines
08-14 22:43:05.503  1003  4313 I chatty  : uid=1000(system) Binder_9 expire 1 line
08-14 22:43:06.746  1003  1304 I chatty  : uid=1000(system) PackageManager expire 179 lines
08-14 22:44:39.711  1003  3468 I chatty  : uid=1000(system) Binder_4 expire 1 line
08-14 22:44:39.773  1003  4564 I chatty  : uid=1000(system) Binder_C expire 2 lines
08-14 22:45:17.974  1003  1017 I chatty  : uid=1000(system) android.ui expire 1 line
08-14 22:45:18.238  1003  1175 I chatty  : uid=1000(system) android.display expire 2 lines
08-14 22:45:57.020  1003  1016 I chatty  : uid=1000(system) ActivityManager expire 10 lines
08-14 22:47:11.858  1003  3371 I chatty  : uid=1000(system) ConnectivitySer expire 35 lines
08-14 22:47:44.311  1003  4418 I chatty  : uid=1000(system) Binder_B expire 5 lines
08-14 22:47:47.741  1003  4016 I chatty  : uid=1000(system) Binder_7 expire 11 lines
08-14 22:48:06.966  1003  4566 I chatty  : uid=1000(system) Binder_E expire 8 lines
08-14 22:48:07.490  1003  1003 I chatty  : uid=1000 system_server expire 4 lines
08-14 22:48:08.926  1003  4313 I chatty  : uid=1000(system) Binder_9 expire 12 lines
08-14 22:48:56.622  1003  3816 I chatty  : uid=1000(system) Binder_6 expire 7 lines
08-14 22:48:57.306  1003  3796 I chatty  : uid=1000(system) Binder_5 expire 8 lines
08-14 22:48:57.390  1003  3468 I chatty  : uid=1000(system) Binder_4 expire 6 lines
08-14 22:48:57.390  1003  4168 I chatty  : uid=1000(system) Binder_8 expire 5 lines
08-14 22:49:13.013  1003  1015 I chatty  : uid=1000(system) android.bg expire 2 lines
08-14 22:49:39.761  1003  3440 I chatty  : uid=1000(system) Binder_3 expire 3 lines
08-14 22:49:39.816  1003  4565 I chatty  : uid=1000(system) Binder_D expire 7 lines
08-14 22:50:38.659  1003  3347 I chatty  : uid=1000(system) InputReader expire 2 lines
08-14 22:50:39.275  1003  1175 I chatty  : uid=1000(system) android.display expire 13 lines
08-14 22:50:39.586  1003  1187 I chatty  : uid=1000(system) PowerManagerSer expire 11 lines
08-14 22:50:39.594  1003  1018 I chatty  : uid=1000(system) android.fg expire 5 lines
08-14 22:59:47.128  1003  1013 I chatty  : uid=1000(system) Binder_1 expire 3 lines
08-14 23:03:59.183  1003  3346 I chatty  : uid=1000(system) InputDispatcher expire 1 line
08-14 23:04:01.571  1003  4417 I chatty  : uid=1000(system) Binder_A expire 2 lines
08-14 23:04:01.571   349   388 I Ext4Crypt: ext4 crypto complete called on /data
08-14 23:04:01.572   349   388 I Ext4Crypt: No master key, so not ext4enc
08-14 23:04:01.573  1003  3351 I chatty  : uid=1000(system) CryptdConnector expire 2 lines
08-14 23:04:01.573   349   388 D VoldCryptCmdListener: cryptfs getpwtype
08-14 23:04:01.573   349   388 I Ext4Crypt: ext4 crypto complete called on /data
08-14 23:04:01.574   349   388 I Ext4Crypt: No master key, so not ext4enc
08-14 23:04:08.063  1003  3371 I chatty  : uid=1000(system) ConnectivitySer expire 10 lines
08-14 23:04:19.770  1003  4564 I chatty  : uid=1000(system) Binder_C expire 3 lines
08-14 23:04:59.741  1003  1017 I chatty  : uid=1000(system) android.ui expire 8 lines
08-14 23:05:06.382  3449  3449 I PowerUI.Notification: show low battery warning: level=15 [-1] playSound=true
08-14 23:05:06.393  1003  1016 I chatty  : uid=1000(system) ActivityManager expire 6 lines
08-14 23:05:07.271 21134 21134 W ActivityThread: ClassLoader.loadClass: The class loader returned by Thread.getContextClassLoader() may fail for processes that host multiple applications. You should explicitly specify a context class loader. For example: Thread.setContextClassLoader(getClass().getClassLoader());
08-14 23:05:08.071  3449  3449 I PowerUI.Notification: Received PNW.dismissedWarning
08-14 23:05:08.071  3449  3449 I PowerUI.Notification: dismissing low battery notification
08-14 23:05:14.519  1003  3371 I chatty  : uid=1000(system) ConnectivitySer expire 65 lines
08-14 23:16:10.126  1003  3371 D ConnectivityService: notifyType CAP_CHANGED for NetworkAgentInfo [WIFI () - 101]
08-14 23:16:13.153  1003  3371 D ConnectivityService: notifyType CAP_CHANGED for NetworkAgentInfo [WIFI () - 101]
08-14 23:16:20.044  1003  1017 I ActivityManager: Config changes=480 {1.0 310mcc410mnc en_US ldltr sw411dp w683dp h387dp 560dpi nrml land finger -keyb/v/h -nav/h s.20}
08-14 23:16:20.245  1003  1175 I WindowManager: Screen frozen for +231ms due to Window{79e549f u0 com.google.android.youtube/com.google.android.apps.youtube.app.WatchWhileActivity}
08-14 23:16:21.679  1003  1017 I ActivityManager: Config changes=480 {1.0 310mcc410mnc en_US ldltr sw411dp w411dp h659dp 560dpi nrml port finger -keyb/v/h -nav/h s.21}
08-14 23:16:21.830  1003  1175 I WindowManager: Screen frozen for +194ms due to Window{79e549f u0 com.google.android.youtube/com.google.android.apps.youtube.app.WatchWhileActivity}
08-14 23:16:22.235  1003  3371 D ConnectivityService: notifyType CAP_CHANGED for NetworkAgentInfo [WIFI () - 101]
08-14 23:16:25.261  1003  3371 D ConnectivityService: notifyType CAP_CHANGED for NetworkAgentInfo [WIFI () - 101]
08-14 23:16:27.742  1003  1013 D WifiService: acquireWifiLockLocked: WifiLock{NlpWifiLock type=2 binder=android.os.BinderProxy@d2ec1ce}
08-14 23:16:27.808  1003  4564 D WifiService: releaseWifiLockLocked: WifiLock{NlpWifiLock type=2 binder=android.os.BinderProxy@d2ec1ce}
08-14 23:16:27.900  4788 23757 E ActivityThread: Failed to find provider info for com.google.android.wearable.settings
08-14 23:16:31.344  4788 23757 E ActivityThread: Failed to find provider info for com.google.android.wearable.settings
08-14 23:16:34.883  1003  1018 I UsbPortManager: USB port changed: port=UsbPort{id=otg_default, supportedModes=dual}, status=UsbPortStatus{connected=true, currentMode=ufp, currentPowerRole=sink, currentDataRole=device, supportedRoleCombinations=[source:host, sink:device]}, canChangeMode=true, canChangePowerRole=false, canChangeDataRole=false
08-14 23:16:35.693  1003  1003 I EntropyMixer: Writing entropy...
08-14 23:16:35.923  1003  1014 I ActivityManager: Start proc 23812:com.google.android.apps.plus/u0a84 for broadcast com.google.android.apps.plus/.service.BatteryReceiver
08-14 23:16:36.265  1003  4417 I ActivityManager: Start proc 23827:android.process.media/u0a8 for content provider com.android.providers.media/.MediaProvider
08-14 23:16:36.876  1003  3816 D CryptdConnector: SND -> {20 cryptfs cryptocomplete}
08-14 23:16:36.877   349   388 I Ext4Crypt: ext4 crypto complete called on /data
08-14 23:16:36.877   349   388 I Ext4Crypt: No master key, so not ext4enc
08-14 23:16:36.879  1003  3351 D CryptdConnector: RCV <- {200 20 0}
08-14 23:16:36.879  1003  3816 D CryptdConnector: SND -> {21 cryptfs getpwtype}
08-14 23:16:36.880   349   388 D VoldCryptCmdListener: cryptfs getpwtype
08-14 23:16:36.880   349   388 I Ext4Crypt: ext4 crypto complete called on /data
08-14 23:16:36.880   349   388 I Ext4Crypt: No master key, so not ext4enc
08-14 23:16:36.881  1003  3351 D CryptdConnector: RCV <- {213 21 default}
08-14 23:16:36.940  1003  1013 W ActivityManager: Permission Denial: opening provider com.android.providers.contacts.ContactsProvider2 from ProcessRecord{a23e48c 23812:com.google.android.apps.plus/u0a84} (pid=23812, uid=10084) requires android.permission.READ_CONTACTS or android.permission.WRITE_CONTACTS
08-14 23:16:36.998  1003  4168 W ActivityManager: Permission Denial: opening provider com.android.providers.contacts.ContactsProvider2 from ProcessRecord{a23e48c 23812:com.google.android.apps.plus/u0a84} (pid=23812, uid=10084) requires android.permission.READ_CONTACTS or android.permission.WRITE_CONTACTS
08-14 23:16:37.008  1003  3796 W ActivityManager: Permission Denial: opening provider com.android.providers.contacts.ContactsProvider2 from ProcessRecord{a23e48c 23812:com.google.android.apps.plus/u0a84} (pid=23812, uid=10084) requires android.permission.READ_CONTACTS or android.permission.WRITE_CONTACTS
08-14 23:16:37.915  1003  4418 W ActivityManager: Permission Denial: Accessing service ComponentInfo{com.google.android.music/com.google.android.music.dial.DialMediaRouteProviderService} from pid=20597, uid=10075 that is not exported from uid 10059
08-14 23:16:37.994  1003  4418 I ActivityManager: Start proc 23868:com.android.vending/u0a22 for broadcast com.android.vending/com.google.android.finsky.receivers.PackageMonitorReceiver$RegisteredReceiver
08-14 23:16:49.362  1003  3371 D ConnectivityService: notifyType CAP_CHANGED for NetworkAgentInfo [WIFI () - 101]
08-14 23:16:52.376  1003  3371 D ConnectivityService: notifyType CAP_CHANGED for NetworkAgentInfo [WIFI () - 101]
08-14 23:17:00.004  1003  1003 I ActivityManager: Killing 20329:com.google.android.calendar/u0a36 (adj 15): empty #17
08-14 23:17:00.058  1003  1003 I ActivityManager: Killing 20307:com.google.android.deskclock/u0a66 (adj 15): empty #18
08-14 23:17:21.873  1003  1017 I ActivityManager: Config changes=480 {1.0 310mcc410mnc en_US ldltr sw411dp w683dp h387dp 560dpi nrml land finger -keyb/v/h -nav/h s.22}
08-14 23:17:22.036  1003  1175 I WindowManager: Screen frozen for +191ms due to Window{79e549f u0 com.google.android.youtube/com.google.android.apps.youtube.app.WatchWhileActivity}
08-14 23:17:25.497  1003  3371 D ConnectivityService: notifyType CAP_CHANGED for NetworkAgentInfo [WIFI () - 101]
08-14 23:17:40.608  1003  3371 D ConnectivityService: notifyType CAP_CHANGED for NetworkAgentInfo [WIFI () - 101]
08-14 23:17:43.630  1003  3371 D ConnectivityService: notifyType CAP_CHANGED for NetworkAgentInfo [WIFI () - 101]
08-14 23:17:46.662  1003  3371 D ConnectivityService: notifyType CAP_CHANGED for NetworkAgentInfo [WIFI () - 101]
08-14 23:17:52.695  1003  3371 D ConnectivityService: notifyType CAP_CHANGED for NetworkAgentInfo [WIFI () - 101]
08-14 23:17:55.719  1003  3371 D ConnectivityService: notifyType CAP_CHANGED for NetworkAgentInfo [WIFI () - 101]
08-14 23:18:00.005  1003  1003 I ActivityManager: Killing 20354:com.htc.videocenter/u0a101 (adj 15): empty #17
08-14 23:18:19.892  1003  3371 D ConnectivityService: notifyType CAP_CHANGED for NetworkAgentInfo [WIFI () - 101]
08-14 23:18:22.901  1003  3371 D ConnectivityService: notifyType CAP_CHANGED for NetworkAgentInfo [WIFI () - 101]
08-14 23:18:50.104  1003  3371 D ConnectivityService: notifyType CAP_CHANGED for NetworkAgentInfo [WIFI () - 101]
08-14 23:18:53.116  1003  3371 D ConnectivityService: notifyType CAP_CHANGED for NetworkAgentInfo [WIFI () - 101]
08-14 23:18:57.451  1003  1017 I ActivityManager: Config changes=480 {1.0 310mcc410mnc en_US ldltr sw411dp w411dp h659dp 560dpi nrml port finger -keyb/v/h -nav/h s.23}
08-14 23:18:57.632  1003  1175 I WindowManager: Screen frozen for +207ms due to Window{79e549f u0 com.google.android.youtube/com.google.android.apps.youtube.app.WatchWhileActivity}
08-14 23:19:28.044  1003  3796 D WifiService: acquireWifiLockLocked: WifiLock{NlpWifiLock type=2 binder=android.os.BinderProxy@9b2c3f1}
08-14 23:19:28.420  1003  4565 D WifiService: releaseWifiLockLocked: WifiLock{NlpWifiLock type=2 binder=android.os.BinderProxy@9b2c3f1}
08-14 23:19:28.775  1003  4417 I ActivityManager: Start proc 24508:com.google.android.apps.walletnfcrel/u0a73 for service com.google.android.apps.walletnfcrel/com.google.commerce.tapandpay.android.clientconfig.sync.ClientConfigSyncService
08-14 23:19:29.336  1003  3371 D ConnectivityService: notifyType CAP_CHANGED for NetworkAgentInfo [WIFI () - 101]
08-14 23:19:32.348  1003  3371 D ConnectivityService: notifyType CAP_CHANGED for NetworkAgentInfo [WIFI () - 101]
08-14 23:19:35.357  1003  3371 D ConnectivityService: notifyType CAP_CHANGED for NetworkAgentInfo [WIFI () - 101]
08-14 23:19:41.371  1003  3371 D ConnectivityService: notifyType CAP_CHANGED for NetworkAgentInfo [WIFI () - 101]
08-14 23:19:44.383  1003  3371 D ConnectivityService: notifyType CAP_CHANGED for NetworkAgentInfo [WIFI () - 101]
08-14 23:19:46.787  1003  1017 I ActivityManager: Config changes=480 {1.0 310mcc410mnc en_US ldltr sw411dp w683dp h387dp 560dpi nrml land finger -keyb/v/h -nav/h s.24}
08-14 23:19:46.941  1003  1175 I WindowManager: Screen frozen for +189ms due to Window{79e549f u0 com.google.android.youtube/com.google.android.apps.youtube.app.WatchWhileActivity}
08-14 23:19:56.482  1003  3371 D ConnectivityService: notifyType CAP_CHANGED for NetworkAgentInfo [WIFI () - 101]
08-14 23:20:02.518  1003  3371 D ConnectivityService: notifyType CAP_CHANGED for NetworkAgentInfo [WIFI () - 101]
08-14 23:20:05.541  1003  3371 D ConnectivityService: notifyType CAP_CHANGED for NetworkAgentInfo [WIFI () - 101]
08-14 23:20:11.573  1003  3371 D ConnectivityService: notifyType CAP_CHANGED for NetworkAgentInfo [WIFI () - 101]
08-14 23:20:14.599  1003  3371 D ConnectivityService: notifyType CAP_CHANGED for NetworkAgentInfo [WIFI () - 101]
08-14 23:20:20.645  1003  3371 D ConnectivityService: notifyType CAP_CHANGED for NetworkAgentInfo [WIFI () - 101]
08-14 23:20:23.671  1003  3371 D ConnectivityService: notifyType CAP_CHANGED for NetworkAgentInfo [WIFI () - 101]
08-14 23:20:29.723  1003  3371 D ConnectivityService: notifyType CAP_CHANGED for NetworkAgentInfo [WIFI () - 101]
08-14 23:20:32.742  1003  3371 D ConnectivityService: notifyType CAP_CHANGED for NetworkAgentInfo [WIFI () - 101]
08-14 23:20:35.767  1003  3371 D ConnectivityService: notifyType CAP_CHANGED for NetworkAgentInfo [WIFI () - 101]
08-14 23:20:38.804  1003  3371 D ConnectivityService: notifyType CAP_CHANGED for NetworkAgentInfo [WIFI () - 101]
08-14 23:20:41.812  1003  3371 D ConnectivityService: notifyType CAP_CHANGED for NetworkAgentInfo [WIFI () - 101]
08-14 23:20:53.904  1003  3371 D ConnectivityService: notifyType CAP_CHANGED for NetworkAgentInfo [WIFI () - 101]
08-14 23:21:02.515  1003 23729 I ActivityManager: Killing 17833:com.android.cellbroadcastreceiver/u0a4 (adj 15): empty #17
08-14 23:21:02.962  1003  3371 D ConnectivityService: notifyType CAP_CHANGED for NetworkAgentInfo [WIFI () - 101]
08-14 23:21:09.014  1003  3371 D ConnectivityService: notifyType CAP_CHANGED for NetworkAgentInfo [WIFI () - 101]
08-14 23:21:18.099  1003  3371 D ConnectivityService: notifyType CAP_CHANGED for NetworkAgentInfo [WIFI () - 101]
08-14 23:21:20.687  1003  1017 I ActivityManager: Config changes=480 {1.0 310mcc410mnc en_US ldltr sw411dp w411dp h659dp 560dpi nrml port finger -keyb/v/h -nav/h s.25}
08-14 23:21:20.866  1003  1175 I WindowManager: Screen frozen for +209ms due to Window{79e549f u0 com.google.android.youtube/com.google.android.apps.youtube.app.WatchWhileActivity}
08-14 23:21:29.927  1003  1017 I ActivityManager: Config changes=480 {1.0 310mcc410mnc en_US ldltr sw411dp w683dp h387dp 560dpi nrml land finger -keyb/v/h -nav/h s.26}
08-14 23:21:30.129  1003  1175 I WindowManager: Screen frozen for +231ms due to Window{79e549f u0 com.google.android.youtube/com.google.android.apps.youtube.app.WatchWhileActivity}
08-14 23:21:33.178  1003  3371 D ConnectivityService: notifyType CAP_CHANGED for NetworkAgentInfo [WIFI () - 101]
08-14 23:21:36.187  1003  3371 D ConnectivityService: notifyType CAP_CHANGED for NetworkAgentInfo [WIFI () - 101]
08-14 23:22:28.272  1003  3796 D WifiService: acquireWifiLockLocked: WifiLock{NlpWifiLock type=2 binder=android.os.BinderProxy@2aaadb9}
08-14 23:22:28.337  1003  3440 D WifiService: releaseWifiLockLocked: WifiLock{NlpWifiLock type=2 binder=android.os.BinderProxy@2aaadb9}
08-14 23:22:38.075  1003  1017 I ActivityManager: Config changes=480 {1.0 310mcc410mnc en_US ldltr sw411dp w411dp h659dp 560dpi nrml port finger -keyb/v/h -nav/h s.27}
08-14 23:22:38.295  1003  1175 I WindowManager: Screen frozen for +259ms due to Window{79e549f u0 com.google.android.youtube/com.google.android.apps.youtube.app.WatchWhileActivity}
08-14 23:22:40.430  1003  3346 I ActivityManager: START u0 {act=android.intent.action.MAIN cat=[android.intent.category.HOME] flg=0x10200000 cmp=com.google.android.googlequicksearchbox/com.google.android.launcher.GEL (has extras)} from uid 1000 on display 0
08-14 23:22:41.164  1003  3796 I ActivityManager: START u0 {act=android.intent.action.MAIN cat=[android.intent.category.LAUNCHER] flg=0x10200000 cmp=com.android.chrome/com.google.android.apps.chrome.Main bnds=[879,2103][1161,2411] (has extras)} from uid 10029 on display 0
08-14 23:22:41.232  1003  1014 D ConnectivityService: listenForNetwork for Listen from uid/pid:10039/16538 for NetworkRequest [ id=31, legacyType=-1, [ Capabilities: INTERNET&NOT_RESTRICTED&TRUSTED] ]
08-14 23:22:43.173  1003  1003 V NotificationService: pkg=com.android.chrome canInterrupt=false intercept=true
08-14 23:22:43.178  1003  1014 I ActivityManager: Start proc 25051:com.android.chrome:sandboxed_process2/u0i3 for service com.android.chrome/org.chromium.content.app.SandboxedProcessService2
08-14 23:22:57.656  1003  3371 D ConnectivityService: notifyType CAP_CHANGED for NetworkAgentInfo [WIFI () - 101]
08-14 23:23:00.672  1003  3371 D ConnectivityService: notifyType CAP_CHANGED for NetworkAgentInfo [WIFI () - 101]
08-14 23:23:23.325  1003  3468 W ActivityManager: Permission Denial: Accessing service ComponentInfo{com.google.android.music/com.google.android.music.dial.DialMediaRouteProviderService} from pid=16538, uid=10039 that is not exported from uid 10059
08-14 23:23:23.930  1003  1017 I ActivityManager: Config changes=480 {1.0 310mcc410mnc en_US ldltr sw411dp w683dp h387dp 560dpi nrml land finger -keyb/v/h -nav/h s.28}
08-14 23:23:24.147  1003  1175 I WindowManager: Screen frozen for +251ms due to Window{b739fd3 u0 NavigationBar}
08-14 23:23:24.822  1003  3371 D ConnectivityService: notifyType CAP_CHANGED for NetworkAgentInfo [WIFI () - 101]
08-14 23:23:24.837  1003  3371 D ConnectivityService: updateNetworkScore for NetworkAgentInfo [WIFI () - 101] to 59
08-14 23:23:27.850  1003  3371 D ConnectivityService: notifyType CAP_CHANGED for NetworkAgentInfo [WIFI () - 101]
08-14 23:23:27.855  1003  3371 D ConnectivityService: updateNetworkScore for NetworkAgentInfo [WIFI () - 101] to 60
08-14 23:23:29.570  1003  1003 V NotificationService: pkg=com.android.chrome canInterrupt=false intercept=true
08-14 23:23:30.870  1003  3371 D ConnectivityService: notifyType CAP_CHANGED for NetworkAgentInfo [WIFI () - 101]
08-14 23:23:35.696  1003  1018 E KernelCpuSpeedReader: Failed to read cpu-freq: /sys/devices/system/cpu/cpu4/cpufreq/stats/time_in_state: open failed: ENOENT (No such file or directory)
08-14 23:23:48.995  1003  3371 D ConnectivityService: updateNetworkScore for NetworkAgentInfo [WIFI () - 101] to 59
08-14 23:23:55.024  1003  3371 D ConnectivityService: updateNetworkScore for NetworkAgentInfo [WIFI () - 101] to 60
08-14 23:23:57.338  1003  3468 D ConnectivityService: Returning unblocked NetworkInfo to uid=10133
08-14 23:23:58.046  1003  3371 D ConnectivityService: updateNetworkScore for NetworkAgentInfo [WIFI () - 101] to 59
08-14 23:24:04.094  1003  3371 D ConnectivityService: updateNetworkScore for NetworkAgentInfo [WIFI () - 101] to 60
08-14 23:24:13.156  1003  3371 D ConnectivityService: notifyType CAP_CHANGED for NetworkAgentInfo [WIFI () - 101]
08-14 23:24:13.158  1003  1016 E KernelCpuSpeedReader: Failed to read cpu-freq: /sys/devices/system/cpu/cpu4/cpufreq/stats/time_in_state: open failed: ENOENT (No such file or directory)
08-14 23:24:22.223  1003  3371 D ConnectivityService: notifyType CAP_CHANGED for NetworkAgentInfo [WIFI () - 101]
08-14 23:24:25.248  1003  3371 D ConnectivityService: notifyType CAP_CHANGED for NetworkAgentInfo [WIFI () - 101]
08-14 23:24:49.388  1003  3371 D ConnectivityService: updateNetworkScore for NetworkAgentInfo [WIFI () - 101] to 56
08-14 23:24:52.407  1003  3371 D ConnectivityService: updateNetworkScore for NetworkAgentInfo [WIFI () - 101] to 60
08-14 23:25:48.207  1003  1014 W ActivityManager: Permission Denial: Accessing service ComponentInfo{com.google.android.music/com.google.android.music.dial.DialMediaRouteProviderService} from pid=16538, uid=10039 that is not exported from uid 10059
08-14 23:25:54.091  1003  1003 V NotificationService: pkg=com.android.chrome canInterrupt=false intercept=true
08-14 23:26:45.707  1003  1013 W ActivityManager: Permission Denial: Accessing service ComponentInfo{com.google.android.music/com.google.android.music.dial.DialMediaRouteProviderService} from pid=16538, uid=10039 that is not exported from uid 10059
08-14 23:26:48.202  1003  1003 V NotificationService: pkg=com.android.chrome canInterrupt=false intercept=true
08-14 23:27:41.365  1003  1014 D WifiService: acquireWifiLockLocked: WifiLock{NlpWifiLock type=2 binder=android.os.BinderProxy@82acf46}
08-14 23:27:41.446  1003  4566 D WifiService: releaseWifiLockLocked: WifiLock{NlpWifiLock type=2 binder=android.os.BinderProxy@82acf46}
08-14 23:28:20.168  1003  4566 W BroadcastQueue: Permission Denial: broadcasting Intent { act=android.intent.action.SERVICE_STATE flg=0x10 (has extras) } from android (pid=4139, uid=1001) requires com.htc.sense.permission.APP_HSP due to receiver com.htc.sense.hsp/.weather.location.HtcNLPSwitchReceiver
08-14 23:28:20.192  1003  1016 I ActivityManager: Start proc 26318:com.qualcomm.timeservice/1000 for broadcast com.qualcomm.timeservice/.TimeServiceBroadcastReceiver
08-14 23:28:20.369  1003  3796 I ActivityManager: Start proc 26343:com.google.android.deskclock/u0a66 for broadcast com.google.android.deskclock/com.android.deskclock.AlarmInitReceiver
08-14 23:28:20.800  1003  3816 I ActivityManager: Killing 20384:com.google.android.keep/u0a83 (adj 15): empty #17
08-14 23:28:20.986  1003 23729 I ActivityManager: Start proc 26390:com.google.android.calendar/u0a36 for broadcast com.google.android.calendar/com.android.calendar.widget.CalendarAppWidgetProvider
08-14 23:28:21.093  1003  1016 I ActivityManager: Start proc 26287:com.android.cellbroadcastreceiver/u0a4 for broadcast com.android.cellbroadcastreceiver/.CellBroadcastReceiver
08-14 23:28:21.428  1003  4168 I ActivityManager: Killing 21288:com.postmates.android/u0a114 (adj 15): empty #17
08-14 23:28:21.554  1003  4418 I ActivityManager: Start proc 26436:com.htc.videocenter/u0a101 for broadcast com.htc.videohub.ui/.TimeChangedReceiver
08-14 23:28:21.758  1003  4564 I ActivityManager: Start proc 26450:com.google.android.keep/u0a83 for broadcast com.google.android.keep/.notification.AlertReceiver
08-14 23:28:21.759  1003  4564 I ActivityManager: Killing 23030:com.google.android.talk/u0a53 (adj 15): empty #17
08-14 23:28:22.130  1003  1013 W BroadcastQueue: Permission Denial: broadcasting Intent { act=android.intent.action.SERVICE_STATE flg=0x10 (has extras) } from android (pid=4139, uid=1001) requires com.htc.sense.permission.APP_HSP due to receiver com.htc.sense.hsp/.weather.location.HtcNLPSwitchReceiver
08-14 23:28:22.131  1003  1013 I ActivityManager: Killing 21202:com.google.android.apps.photos/u0a62 (adj 15): empty #17
08-14 23:28:31.379  1003  4564 W ActivityManager: Permission Denial: Accessing service ComponentInfo{com.google.android.music/com.google.android.music.dial.DialMediaRouteProviderService} from pid=16538, uid=10039 that is not exported from uid 10059
