08-15 09:50:16.684  7651  7651 D QcrilMsgTunnelIfaceManager: handleMessage what = 3
08-15 09:50:16.684  7651  7651 D QcrilMsgTunnelSocket: [1059] > OEM_HOOK_RAW[514f454d484f4f4b142009000400000000fb1e36]
08-15 09:50:16.686  7651  7685 D QcrilMsgTunnelSocket: readRilMessage: Buffer = [B@d1bb5f8 HexData = [000000002304000000000000ffffffff]
08-15 09:50:16.688  7651  7685 D QcrilMsgTunnelSocket: Rcvd SOLICITED response with 12 bytes data for SUB0
08-15 09:50:16.688  7651  7685 D QcrilMsgTunnelSocket: [1059] < OEM_HOOK_RAW [null]
08-15 09:50:16.689  4106  4319 D BrcmNfcJni: RoutingManager::nfaEeCallback: NFA_EE_SET_TECH_CFG_EVT; status=0x0
08-15 09:50:16.690  4106  4319 D BrcmNfcJni: RoutingManager::nfaEeCallback: NFA_EE_SET_PROTO_CFG_EVT; status=0x0
08-15 09:50:16.690  4106  5376 D BrcmNfcJni: RoutingManager::commitRouting
08-15 09:50:16.690  7651  7651 D QcrilMsgTunnelIfaceManager: handleMessage what = 4
08-15 09:50:16.690  4106  4319 D BrcmNfcJni: RoutingManager::nfaEeCallback: NFA_EE_UPDATED_EVT
08-15 09:50:16.690  7637  7649 D QC_RIL_OEM_HOOK: qcRilSetMipiFreq DONE!
08-15 09:50:16.698  3739  3739 D ScreenOnOffReceiver: Received intent: Intent { act=android.intent.action.SCREEN_ON flg=0x50000010 }.
08-15 09:50:16.708  4139  7492 D ScreenStateRecorder : ScreenStateRecorderHandler, handleMessage msg.what = 1
08-15 09:50:16.708  4139  7492 D         : oem_qmi_lib:come into oem_qmi_common_stream_from_modem_len --->modem 
08-15 09:50:16.708  4139  7492 D         : oem_qmi_lib:oem_qmi_cmd: Send to server  passed!!
08-15 09:50:16.709   525  1357 D         : oem-qmi: Connection accepted
08-15 09:50:16.709   525  1357 D         : oem-qmi: Waiting to accept connection
08-15 09:50:16.710  4139  7492 D         : oem_qmi_lib:output 0
08-15 09:50:16.710  4139  7492 D         : oem_qmi_lib:rapi_event_type=10057, qmi_ret=0, return_status=1. 
08-15 09:50:16.729  3739 13195 D BluetoothAdapter: startLeScan(): null
08-15 09:50:16.731  3739 13195 D BluetoothAdapter: STATE_ON
08-15 09:50:16.734  5082  5094 D BtGatt.GattService: registerClient() - UUID=66590d69-4eb3-46c5-af07-f59f5148ede8
08-15 09:50:16.742  5082  5104 D BtGatt.GattService: onClientRegistered() - UUID=66590d69-4eb3-46c5-af07-f59f5148ede8, clientIf=5
08-15 09:50:16.743  3739  5465 D BluetoothLeScanner: onClientRegistered() - status=0 clientIf=5
08-15 09:50:16.743  5082  5136 D BtGatt.GattService: start scan with filters
08-15 09:50:16.745  5082  5109 D BtGatt.ScanManager: handling starting scan
08-15 09:50:16.751  5082  5104 D BtGatt.GattService: onScanFilterEnableDisabled() - clientIf=5, status=0, action=1
08-15 09:50:16.751  5082  5104 D BtGatt.ScanManager: callback done for clientIf - 5 status - 0
08-15 09:50:16.752  5082  5109 D BtGatt.ScanManager: configureFilterParamter 500 10000 1 0
08-15 09:50:16.757  5082  5104 D BtGatt.GattService: onScanFilterParamsConfigured() - clientIf=5, status=0, action=0, availableSpace=31
08-15 09:50:16.757  5082  5104 D BtGatt.ScanManager: callback done for clientIf - 5 status - 0
08-15 09:50:16.757  5082  5109 D BtGatt.ScanManager: configureRegularScanParams() - queue=1
08-15 09:50:16.758  5082  5109 D BtGatt.ScanManager: configureRegularScanParams() - ScanSetting Scan mode=2 mLastConfiguredScanSetting=-2147483648
08-15 09:50:16.758  5082  5109 D BtGatt.ScanManager: configureRegularScanParams - scanInterval = 8000configureRegularScanParams - scanWindow = 8000
08-15 09:50:16.758  5082  5104 D BtGatt.GattService: onScanParamSetupCompleted : 0
08-15 09:50:16.895  5819  5819 D omnistore: SendQueue::onConnectionEstablished: sending 1 transaction(s)
08-15 09:50:16.895  5819  5819 D omnistore: SendQueue sending Transaction: QueueDomain=messenger_contacts_android, QueueTopic=100000112763011_56C24731EDF557626F6134531784FD5F, and clientVersion=80
08-15 09:50:16.896  5819  5819 D omnistore: SubscriptionManager::onConnectionEstablished is called back
08-15 09:50:17.184  5819  7143 D omnistore: Publish acked for callback 0xd5aba3e0
08-15 09:50:17.189  5819  7163 D omnistore: Publish acked for callback 0xd55bf3e0
08-15 09:50:18.213  2609  3340 D VideoPlayerService: setPrefetchConcurrency 2
08-15 09:50:18.264  3739 13195 D BluetoothAdapter: stopLeScan()
08-15 09:50:18.265  3739 13195 D BluetoothAdapter: STATE_ON
08-15 09:50:18.266  5082  5093 D BtGatt.GattService: stopScan() - queue size =1
08-15 09:50:18.266  5082  5135 D BtGatt.GattService: unregisterClient() - clientIf=5
08-15 09:50:18.266  5082  5109 D BtGatt.ScanManager: stop scan
08-15 09:50:18.280  5082  5104 D BtGatt.GattService: onScanFilterParamsConfigured() - clientIf=5, status=0, action=1, availableSpace=32
08-15 09:50:18.280  5082  5104 D BtGatt.ScanManager: callback done for clientIf - 5 status - 0
08-15 09:50:18.281  5082  5109 D BtGatt.ScanManager: configureRegularScanParams() - queue=0
08-15 09:50:18.281  5082  5109 D BtGatt.ScanManager: configureRegularScanParams() - ScanSetting Scan mode=-2147483648 mLastConfiguredScanSetting=2
08-15 09:50:18.281  5082  5109 D BtGatt.ScanManager: configureRegularScanParams() - queue emtpy, scan stopped
08-15 09:50:18.460  3739 13195 D BluetoothAdapter: startLeScan(): null
08-15 09:50:18.462  3739 13195 D BluetoothAdapter: STATE_ON
08-15 09:50:18.464  5082  5094 D BtGatt.GattService: registerClient() - UUID=beace7be-355a-4cab-bcf1-c38a22cde3a6
08-15 09:50:18.466  5082  5104 D BtGatt.GattService: onClientRegistered() - UUID=beace7be-355a-4cab-bcf1-c38a22cde3a6, clientIf=5
08-15 09:50:18.466  3739  4508 D BluetoothLeScanner: onClientRegistered() - status=0 clientIf=5
08-15 09:50:18.466  5082  5136 D BtGatt.GattService: start scan with filters
08-15 09:50:18.469  5082  5109 D BtGatt.ScanManager: handling starting scan
08-15 09:50:18.474  5082  5104 D BtGatt.GattService: onScanFilterEnableDisabled() - clientIf=5, status=0, action=1
08-15 09:50:18.474  5082  5104 D BtGatt.ScanManager: callback done for clientIf - 5 status - 0
08-15 09:50:18.475  5082  5109 D BtGatt.ScanManager: configureFilterParamter 500 10000 1 0
08-15 09:50:18.480  5082  5104 D BtGatt.GattService: onScanFilterParamsConfigured() - clientIf=5, status=0, action=0, availableSpace=31
08-15 09:50:18.480  5082  5104 D BtGatt.ScanManager: callback done for clientIf - 5 status - 0
08-15 09:50:18.480  5082  5109 D BtGatt.ScanManager: configureRegularScanParams() - queue=1
08-15 09:50:18.480  5082  5109 D BtGatt.ScanManager: configureRegularScanParams() - ScanSetting Scan mode=2 mLastConfiguredScanSetting=-2147483648
08-15 09:50:18.480  5082  5109 D BtGatt.ScanManager: configureRegularScanParams - scanInterval = 8000configureRegularScanParams - scanWindow = 8000
08-15 09:50:18.482  5082  5104 D BtGatt.GattService: onScanParamSetupCompleted : 0
08-15 09:50:19.991  3739 13195 D BluetoothAdapter: stopLeScan()
08-15 09:50:19.994  3739 13195 D BluetoothAdapter: STATE_ON
08-15 09:50:19.995  5082  5135 D BtGatt.GattService: stopScan() - queue size =1
08-15 09:50:19.996  5082  5136 D BtGatt.GattService: unregisterClient() - clientIf=5
08-15 09:50:19.996  5082  5109 D BtGatt.ScanManager: stop scan
08-15 09:50:20.000  5082  5104 D BtGatt.GattService: onScanFilterParamsConfigured() - clientIf=5, status=0, action=1, availableSpace=32
08-15 09:50:20.001  5082  5104 D BtGatt.ScanManager: callback done for clientIf - 5 status - 0
08-15 09:50:20.001  5082  5109 D BtGatt.ScanManager: configureRegularScanParams() - queue=0
08-15 09:50:20.001  5082  5109 D BtGatt.ScanManager: configureRegularScanParams() - ScanSetting Scan mode=-2147483648 mLastConfiguredScanSetting=2
08-15 09:50:20.001  5082  5109 D BtGatt.ScanManager: configureRegularScanParams() - queue emtpy, scan stopped
08-15 09:50:20.179  3739 13195 D BluetoothAdapter: startLeScan(): null
08-15 09:50:20.181  3739 13195 D BluetoothAdapter: STATE_ON
08-15 09:50:20.185  5082  5094 D BtGatt.GattService: registerClient() - UUID=bd1ead94-f01b-4d82-aebe-73ecde872af3
08-15 09:50:20.185  5082  5104 D BtGatt.GattService: onClientRegistered() - UUID=bd1ead94-f01b-4d82-aebe-73ecde872af3, clientIf=5
08-15 09:50:20.186  3739  5460 D BluetoothLeScanner: onClientRegistered() - status=0 clientIf=5
08-15 09:50:20.186  5082  5135 D BtGatt.GattService: start scan with filters
08-15 09:50:20.189  5082  5109 D BtGatt.ScanManager: handling starting scan
08-15 09:50:20.196  5082  5104 D BtGatt.GattService: onScanFilterEnableDisabled() - clientIf=5, status=0, action=1
08-15 09:50:20.196  5082  5104 D BtGatt.ScanManager: callback done for clientIf - 5 status - 0
08-15 09:50:20.196  5082  5109 D BtGatt.ScanManager: configureFilterParamter 500 10000 1 0
08-15 09:50:20.197  5082  5104 D BtGatt.GattService: onScanFilterParamsConfigured() - clientIf=5, status=0, action=0, availableSpace=31
08-15 09:50:20.197  5082  5104 D BtGatt.ScanManager: callback done for clientIf - 5 status - 0
08-15 09:50:20.198  5082  5109 D BtGatt.ScanManager: configureRegularScanParams() - queue=1
08-15 09:50:20.198  5082  5109 D BtGatt.ScanManager: configureRegularScanParams() - ScanSetting Scan mode=2 mLastConfiguredScanSetting=-2147483648
08-15 09:50:20.198  5082  5109 D BtGatt.ScanManager: configureRegularScanParams - scanInterval = 8000configureRegularScanParams - scanWindow = 8000
08-15 09:50:20.199  5082  5104 D BtGatt.GattService: onScanParamSetupCompleted : 0
08-15 09:50:21.708  3739 13195 D BluetoothAdapter: stopLeScan()
08-15 09:50:21.710  3739 13195 D BluetoothAdapter: STATE_ON
08-15 09:50:21.710  5082  5093 D BtGatt.GattService: stopScan() - queue size =1
08-15 09:50:21.711  5082  5109 D BtGatt.ScanManager: stop scan
08-15 09:50:21.712  5082  5136 D BtGatt.GattService: unregisterClient() - clientIf=5
08-15 09:50:21.722  5082  5104 D BtGatt.GattService: onScanFilterParamsConfigured() - clientIf=5, status=0, action=1, availableSpace=32
08-15 09:50:21.722  5082  5104 D BtGatt.ScanManager: callback done for clientIf - 5 status - 0
08-15 09:50:21.722  5082  5109 D BtGatt.ScanManager: configureRegularScanParams() - queue=0
08-15 09:50:21.722  5082  5109 D BtGatt.ScanManager: configureRegularScanParams() - ScanSetting Scan mode=-2147483648 mLastConfiguredScanSetting=2
08-15 09:50:21.723  5082  5109 D BtGatt.ScanManager: configureRegularScanParams() - queue emtpy, scan stopped
08-15 09:50:21.890  3739 13195 D BluetoothAdapter: startLeScan(): null
08-15 09:50:21.893  3739 13195 D BluetoothAdapter: STATE_ON
08-15 09:50:21.896  5082  5094 D BtGatt.GattService: registerClient() - UUID=c44c610d-4b1a-4960-b0b7-5baea750bb5d
08-15 09:50:21.897  5082  5104 D BtGatt.GattService: onClientRegistered() - UUID=c44c610d-4b1a-4960-b0b7-5baea750bb5d, clientIf=5
08-15 09:50:21.898  3739  5466 D BluetoothLeScanner: onClientRegistered() - status=0 clientIf=5
08-15 09:50:21.898  5082  5135 D BtGatt.GattService: start scan with filters
08-15 09:50:21.901  5082  5109 D BtGatt.ScanManager: handling starting scan
08-15 09:50:21.905  5082  5104 D BtGatt.GattService: onScanFilterEnableDisabled() - clientIf=5, status=0, action=1
08-15 09:50:21.906  5082  5104 D BtGatt.ScanManager: callback done for clientIf - 5 status - 0
08-15 09:50:21.906  5082  5109 D BtGatt.ScanManager: configureFilterParamter 500 10000 1 0
08-15 09:50:21.907  5082  5104 D BtGatt.GattService: onScanFilterParamsConfigured() - clientIf=5, status=0, action=0, availableSpace=31
08-15 09:50:21.907  5082  5104 D BtGatt.ScanManager: callback done for clientIf - 5 status - 0
08-15 09:50:21.908  5082  5109 D BtGatt.ScanManager: configureRegularScanParams() - queue=1
08-15 09:50:21.908  5082  5109 D BtGatt.ScanManager: configureRegularScanParams() - ScanSetting Scan mode=2 mLastConfiguredScanSetting=-2147483648
08-15 09:50:21.908  5082  5109 D BtGatt.ScanManager: configureRegularScanParams - scanInterval = 8000configureRegularScanParams - scanWindow = 8000
08-15 09:50:21.908  5082  5104 D BtGatt.GattService: onScanParamSetupCompleted : 0
08-15 09:50:22.060  3449  3449 D PhoneStatusBar: disable: < expand ICONS alerts SYSTEM_INFO back HOME RECENT clock SEARCH quick_settings >
08-15 09:50:22.132  3449  3449 D PhoneStatusBar: disable: < expand ICONS alerts SYSTEM_INFO back HOME RECENT clock SEARCH quick_settings >
08-15 09:50:22.759  3739 13195 D BluetoothAdapter: stopLeScan()
08-15 09:50:22.761  3739 13195 D BluetoothAdapter: STATE_ON
08-15 09:50:22.763  5082  5136 D BtGatt.GattService: stopScan() - queue size =1
08-15 09:50:22.764  5082  5109 D BtGatt.ScanManager: stop scan
08-15 09:50:22.764  5082  5135 D BtGatt.GattService: unregisterClient() - clientIf=5
08-15 09:50:22.765  3739 13195 I BeaconBle: Scan : No clients left, canceling alarm.
08-15 09:50:22.772  5082  5104 D BtGatt.GattService: onScanFilterParamsConfigured() - clientIf=5, status=0, action=1, availableSpace=32
08-15 09:50:22.772  5082  5104 D BtGatt.ScanManager: callback done for clientIf - 5 status - 0
08-15 09:50:22.772  5082  5109 D BtGatt.ScanManager: configureRegularScanParams() - queue=0
08-15 09:50:22.772  5082  5109 D BtGatt.ScanManager: configureRegularScanParams() - ScanSetting Scan mode=-2147483648 mLastConfiguredScanSetting=2
08-15 09:50:22.773  5082  5109 D BtGatt.ScanManager: configureRegularScanParams() - queue emtpy, scan stopped
08-15 09:50:24.252   515   515 I keystore: calling unlock when already unlocked, ignoring.
08-15 09:50:24.269  3739  3739 D TrustAgent: [GoogleTrustAgentChimeraService] onUnlockAttempt(true)
08-15 09:50:24.525 27431 27431 D AppStateLogger: Activity LoginActivity changed state to Started
08-15 09:50:24.531 27431 27431 D AppStateLogger: Activity LoginActivity changed state to Resumed
08-15 09:50:24.533 27431 27448 D AppStateLogger: Successfully dumped app state to log file
08-15 09:50:24.534  3449  3449 D PhoneStatusBar: disable: < expand icons* alerts system_info* back HOME RECENT clock SEARCH quick_settings >
08-15 09:50:24.541 27431 27448 D AppStateLogger: Successfully dumped app state to log file
08-15 09:50:24.542  2609  2638 D VideoPlayerService: onPlayerActivityStateChange false
08-15 09:50:24.542  2609  2638 D RtmpSampleExtractorCache: Cache pruning timer is not running
08-15 09:50:24.543 27431 27431 W fb4a(:<default>):PlaybackController: PlayedForNSeconds status shouldnt be unknown when attempting to send event
08-15 09:50:24.548 27431 27431 W fb4a(:<default>):PlaybackController: PlayedForNSeconds status shouldnt be unknown when attempting to send event
08-15 09:50:24.549  3449  3449 D PhoneStatusBar: disable: < expand icons alerts system_info back HOME RECENT clock SEARCH quick_settings >
08-15 09:50:24.552 27431 27431 W fb4a(:<default>):PlaybackController: PlayedForNSeconds status shouldnt be unknown when attempting to send event
08-15 09:50:24.556  3739  3739 I TrustAgent: [TrustletManager] Device active, revalidating trust.
08-15 09:50:24.556  3739  3739 D TrustAgent: [TrustletManager] validateTrust("null"), mDeviceIdle: false, mRequireUserAuthentication: false
08-15 09:50:24.556  3739  3739 D ScreenOnOffReceiver: Received intent: Intent { act=android.intent.action.USER_PRESENT flg=0x24000010 }.
08-15 09:50:24.568  3739  3739 D Coffee-OneTimeAuthTrustlet: user present
08-15 09:50:24.568  3739  3739 D Coffee-OneTimeAuthTrustlet: screen off
08-15 09:50:24.568  3739  3739 I Coffee-PlaceTrustlet: User Present broadcast receiver action: android.intent.action.USER_PRESENT
08-15 09:50:24.568  3739  3739 I Coffee-PlaceLure: User present
08-15 09:50:24.568  3739  3739 I Coffee-HomeAddressChangeTracker: User Present. Maybe fetch home.
08-15 09:50:24.568  3739  3739 D Coffee-OneTimeAuthTrustlet: user present
08-15 09:50:24.568  3739  3739 D Coffee-OneTimeAuthTrustlet: screen off
08-15 09:50:24.569  3739  3739 D Coffee-OneTimeAuthTrustlet: user present
08-15 09:50:24.569  3739  3739 D Coffee-OneTimeAuthTrustlet: screen off
08-15 09:50:24.569  3449  3449 D PhoneStatusBar: disable: < expand icons alerts system_info back home* recent* clock search* quick_settings >
08-15 09:50:24.577 27431 27431 E fb4a(:<default>):LocalFbBroadcastManager: Called registerBroadcastReceiver twice.
08-15 09:50:24.631 27431 27431 E fb4a(:<default>):GRAPHQL_QUERY_STRING: Trying to set unknown parameter 'in_channel_eligibility_experiment' on query 'FetchProductionPromptsQuery'
08-15 09:50:24.633  1003  3816 W InputMethodManagerService: Window already focused, ignoring focus gain of: com.android.internal.view.IInputMethodClient$Stub$Proxy@50dbb88 attribute=android.view.inputmethod.EditorInfo@92c7921, token = android.os.BinderProxy@93d3138
08-15 09:50:24.644  4106  4319 E BrcmNfcJni: nfaConnectionCallback: unknown event ????
08-15 09:50:24.644  4106  4319 D BrcmNfcJni: RoutingManager::nfaEeCallback: NFA_EE_SET_TECH_CFG_EVT; status=0x0
08-15 09:50:24.654  4106  4319 D BrcmNfcJni: RoutingManager::nfaEeCallback: NFA_EE_SET_PROTO_CFG_EVT; status=0x0
08-15 09:50:24.657  4106 11243 D BrcmNfcJni: RoutingManager::commitRouting
08-15 09:50:24.657  4106  4319 D BrcmNfcJni: RoutingManager::nfaEeCallback: NFA_EE_UPDATED_EVT
08-15 09:50:24.752  3739  3739 D TrustAgent: [BluetoothTrustlet] null is added to shared pref
08-15 09:50:24.752 27431 27481 D ANRDetector$ANRDetectorThread: ANRDetectorThread resuming
08-15 09:50:24.775   533   533 V fingerprintd: stopAuthentication()
08-15 09:50:24.777   533  3390 E fpc_fingerprint_hal: capture_image failed -4
08-15 09:50:24.785   533  3390 E fpc_fingerprint_hal: do_identify failed -4
08-15 09:50:24.797   515   515 D keymaster1_device: Print HW Enforced print from TA
08-15 09:50:24.797   515   515 D keymaster1_device: KM_UINT: tag = KM_TAG_KEY_SIZE, value = 128
08-15 09:50:24.797   515   515 D keymaster1_device: KM_ENUM: tag = KM_TAG_ALGORITHM, value = 32
08-15 09:50:24.797   515   515 D keymaster1_device: KM_ENUM: tag = KM_TAG_PURPOSE, value = 0
08-15 09:50:24.797   515   515 D keymaster1_device: KM_ENUM: tag = KM_TAG_BLOCK_MODE, value = 2
08-15 09:50:24.797   515   515 D keymaster1_device: KM_ENUM: tag = KM_TAG_PADDING, value = 64
08-15 09:50:24.797   515   515 D keymaster1_device: KM_ULONG_REP: tag = KM_TAG_USER_SECURE_ID, value = 7183740744038892953
08-15 09:50:24.797   515   515 D keymaster1_device: KM_ENUM: tag = KM_TAG_USER_AUTH_TYPE, value = 3
08-15 09:50:24.797   515   515 D keymaster1_device: KM_UINT: tag = KM_TAG_AUTH_TIMEOUT, value = 30
08-15 09:50:24.797   515   515 D keymaster1_device: KM_ENUM: tag = KM_TAG_BLOB_USAGE_REQUIREMENTS, value = 0
08-15 09:50:24.797   515   515 D keymaster1_device: KM_ENUM: tag = KM_TAG_ORIGIN, value = 0
08-15 09:50:24.799   515   515 D keymaster1_device: KM_BOOL: tag = KM_TAG_ROLLBACK_RESISTANT, value = 
08-15 09:50:24.799   515   515 D keymaster1_device: Print SW Enforced print from TA
08-15 09:50:24.799   515   515 D keymaster1_device: KM_DATE: tag = KM_TAG_CREATION_DATETIME, value = 2817927360
08-15 09:50:24.807   515   515 D keymaster1_device: Print HW Enforced print from TA
08-15 09:50:24.807   515   515 D keymaster1_device: KM_UINT: tag = KM_TAG_KEY_SIZE, value = 128
08-15 09:50:24.807   515   515 D keymaster1_device: KM_ENUM: tag = KM_TAG_ALGORITHM, value = 32
08-15 09:50:24.807   515   515 D keymaster1_device: KM_ENUM: tag = KM_TAG_PURPOSE, value = 0
08-15 09:50:24.807   515   515 D keymaster1_device: KM_ENUM: tag = KM_TAG_BLOCK_MODE, value = 2
08-15 09:50:24.807   515   515 D keymaster1_device: KM_ENUM: tag = KM_TAG_PADDING, value = 64
08-15 09:50:24.807   515   515 D keymaster1_device: KM_ULONG_REP: tag = KM_TAG_USER_SECURE_ID, value = 7183740744038892953
08-15 09:50:24.807   515   515 D keymaster1_device: KM_ENUM: tag = KM_TAG_USER_AUTH_TYPE, value = 3
08-15 09:50:24.807   515   515 D keymaster1_device: KM_UINT: tag = KM_TAG_AUTH_TIMEOUT, value = 30
08-15 09:50:24.808   515   515 D keymaster1_device: KM_ENUM: tag = KM_TAG_BLOB_USAGE_REQUIREMENTS, value = 0
08-15 09:50:24.808   515   515 D keymaster1_device: KM_ENUM: tag = KM_TAG_ORIGIN, value = 0
08-15 09:50:24.808   515   515 D keymaster1_device: KM_BOOL: tag = KM_TAG_ROLLBACK_RESISTANT, value = 
08-15 09:50:24.808   515   515 D keymaster1_device: Print SW Enforced print from TA
08-15 09:50:24.808   515   515 D keymaster1_device: KM_DATE: tag = KM_TAG_CREATION_DATETIME, value = 2817927360
08-15 09:50:24.828   515   515 D keymaster1_device: Print HW Enforced print from TA
08-15 09:50:24.829   515   515 D keymaster1_device: KM_UINT: tag = KM_TAG_KEY_SIZE, value = 128
08-15 09:50:24.829   515   515 D keymaster1_device: KM_ENUM: tag = KM_TAG_ALGORITHM, value = 32
08-15 09:50:24.829   515   515 D keymaster1_device: KM_ENUM: tag = KM_TAG_PURPOSE, value = 0
08-15 09:50:24.829   515   515 D keymaster1_device: KM_ENUM: tag = KM_TAG_BLOCK_MODE, value = 2
08-15 09:50:24.829   515   515 D keymaster1_device: KM_ENUM: tag = KM_TAG_PADDING, value = 64
08-15 09:50:24.829   515   515 D keymaster1_device: KM_ULONG_REP: tag = KM_TAG_USER_SECURE_ID, value = 7183740744038892953
08-15 09:50:24.829   515   515 D keymaster1_device: KM_ENUM: tag = KM_TAG_USER_AUTH_TYPE, value = 3
08-15 09:50:24.830   515   515 D keymaster1_device: KM_UINT: tag = KM_TAG_AUTH_TIMEOUT, value = 30
08-15 09:50:24.830   515   515 D keymaster1_device: KM_ENUM: tag = KM_TAG_BLOB_USAGE_REQUIREMENTS, value = 0
08-15 09:50:24.830   515   515 D keymaster1_device: KM_ENUM: tag = KM_TAG_ORIGIN, value = 0
08-15 09:50:24.830   515   515 D keymaster1_device: KM_BOOL: tag = KM_TAG_ROLLBACK_RESISTANT, value = 
08-15 09:50:24.830   515   515 D keymaster1_device: Print SW Enforced print from TA
08-15 09:50:24.830   515   515 D keymaster1_device: KM_DATE: tag = KM_TAG_CREATION_DATETIME, value = 2817927360
08-15 09:50:24.837   515   515 D keymaster1_device: Print HW Enforced print from TA
08-15 09:50:24.837   515   515 D keymaster1_device: KM_UINT: tag = KM_TAG_KEY_SIZE, value = 128
08-15 09:50:24.837   515   515 D keymaster1_device: KM_ENUM: tag = KM_TAG_ALGORITHM, value = 32
08-15 09:50:24.837   515   515 D keymaster1_device: KM_ENUM: tag = KM_TAG_PURPOSE, value = 0
08-15 09:50:24.837   515   515 D keymaster1_device: KM_ENUM: tag = KM_TAG_BLOCK_MODE, value = 2
08-15 09:50:24.837   515   515 D keymaster1_device: KM_ENUM: tag = KM_TAG_PADDING, value = 64
08-15 09:50:24.837   515   515 D keymaster1_device: KM_ULONG_REP: tag = KM_TAG_USER_SECURE_ID, value = 7183740744038892953
08-15 09:50:24.837   515   515 D keymaster1_device: KM_ENUM: tag = KM_TAG_USER_AUTH_TYPE, value = 3
08-15 09:50:24.837   515   515 D keymaster1_device: KM_UINT: tag = KM_TAG_AUTH_TIMEOUT, value = 30
08-15 09:50:24.837   515   515 D keymaster1_device: KM_ENUM: tag = KM_TAG_BLOB_USAGE_REQUIREMENTS, value = 0
08-15 09:50:24.837   515   515 D keymaster1_device: KM_ENUM: tag = KM_TAG_ORIGIN, value = 0
08-15 09:50:24.838   515   515 D keymaster1_device: KM_BOOL: tag = KM_TAG_ROLLBACK_RESISTANT, value = 
08-15 09:50:24.838   515   515 D keymaster1_device: Print SW Enforced print from TA
08-15 09:50:24.838   515   515 D keymaster1_device: KM_DATE: tag = KM_TAG_CREATION_DATETIME, value = 2817927360
08-15 09:50:24.838   515   515 D SoftKeymaster: system/keymaster/soft_keymaster_device.cpp, Line 567: Not performing software digesting for algorithm 32
08-15 09:50:24.838   515   515 D SoftKeymaster: system/keymaster/soft_keymaster_device.cpp, Line 861: Operation supported by Keymaster QTI HAL, passing through to keymaster1 module
08-15 09:50:24.842   392   395 D DrmLibTime: got the req here! ret=0
08-15 09:50:24.842   392   395 D DrmLibTime: command id, time_cmd_id = 770
08-15 09:50:24.842   392   395 D DrmLibTime: time_getutcsec starts!
08-15 09:50:24.842   392   395 D DrmLibTime: QSEE Time Listener: time_getutcsec
08-15 09:50:24.842   392   395 D DrmLibTime: QSEE Time Listener: get_utc_seconds
08-15 09:50:24.842   392   395 D DrmLibTime: QSEE Time Listener: time_get_modem_time
08-15 09:50:24.842   392   395 D DrmLibTime: QSEE Time Listener: Checking if ATS_MODEM is set or not.
08-15 09:50:24.843   392   395 D QC-time-services: Lib:time_genoff_operation: pargs->base = 13
08-15 09:50:24.843   392   395 D QC-time-services: Lib:time_genoff_operation: pargs->operation = 2
08-15 09:50:24.843   392   395 D QC-time-services: Lib:time_genoff_operation: pargs->ts_val = 0
08-15 09:50:24.844   392   395 D QC-time-services: Lib:time_genoff_operation: Send to server  passed!!
08-15 09:50:24.844   530   544 D QC-time-services: Daemon: Connection accepted:time_genoff
08-15 09:50:24.844   530  1894 D QC-time-services: Daemon:Received base = 13, unit = 1, operation = 2,value = 0
08-15 09:50:24.844   530  1894 D QC-time-services: Daemon:genoff_opr: Base = 13, val = 0, operation = 2
08-15 09:50:24.844   530  1894 D QC-time-services: offset is: 1 for base: 13
08-15 09:50:24.844   392   395 E QC-time-services: Receive Passed == base = 13, unit = 1, operation = 2, result = 0
08-15 09:50:24.844   392   395 D DrmLibTime: QSEE Time Listener: ATS_MODEM is set. Try to retrieve it.
08-15 09:50:24.845   530   544 E QC-time-services: Daemon: Time-services: Waiting to acceptconnection
08-15 09:50:24.845   530   544 D QC-time-services: Daemon: Connection accepted:time_genoff
08-15 09:50:24.845   530  1895 D QC-time-services: Daemon:Received base = 13, unit = 1, operation = 1,value = 0
08-15 09:50:24.845   530  1895 D QC-time-services: Daemon:genoff_opr: Base = 13, val = 0, operation = 1
08-15 09:50:24.845   530  1895 D QC-time-services: Daemon: genoff get for 13
08-15 09:50:24.845   530  1895 D QC-time-services: Daemon:rtc_get: Time read from RTC -- MM/DD/YY HH:MM:SS1/13/70 13:1:33
08-15 09:50:24.845   530  1895 D QC-time-services: Daemon:Value read from RTC seconds = 3762093000
08-15 09:50:24.846   530  1895 D QC-time-services: Daemon:Value read from generic offset = 1467517731000
08-15 09:50:24.846   530  1895 D QC-time-services: Daemon:Final Time = 1471279824000
08-15 09:50:24.846   392   395 D DrmLibTime: QSEE Time Listener: Time GenOff - seconds: 1471279824
08-15 09:50:24.846   392   395 D DrmLibTime: time_getutcsec returns 0, sec = 1471279824; nsec = 0
08-15 09:50:24.846   392   395 D DrmLibTime: time_getutcsec finished! 
08-15 09:50:24.846   392   395 D DrmLibTime: iotcl_continue_command finished! and return 0 
08-15 09:50:24.846   392   395 D DrmLibTime: before calling ioctl to read the next time_cmd
08-15 09:50:24.847   530   544 E QC-time-services: Daemon: Time-services: Waiting to acceptconnection
08-15 09:50:24.867  1003  1013 W BroadcastQueue: Permission Denial: broadcasting Intent { act=android.intent.action.USER_PRESENT flg=0x24000010 } from com.android.systemui (pid=3449, uid=10027) is not exported from uid 10116 due to receiver com.yik.yak/com.parse.ParseBroadcastReceiver
08-15 09:50:24.986  6809  1898 D WEATHER_SPEED: getWeatherCondition:: 8 ms
08-15 09:50:25.004  1003  1013 D WifiService: acquireWifiLockLocked: WifiLock{NlpWifiLock type=2 binder=android.os.BinderProxy@d3a7c93}
08-15 09:50:25.005  1003  3394 D wifi    : Initialized common fields 10000, 25, 100, 10
08-15 09:50:25.005  1003  3394 D wifi    : bucket[0] = 2:3:10000:2
08-15 09:50:25.007  6809  1898 D WEATHER_FEED: Request
08-15 09:50:25.040  1003  4417 D WifiService: releaseWifiLockLocked: WifiLock{NlpWifiLock type=2 binder=android.os.BinderProxy@d3a7c93}
08-15 09:50:25.047  7651  7685 D QcrilMsgTunnelSocket: readRilMessage: Buffer = [B@d1bb5f8 HexData = [010000000404000011000000514f454d484f4f4bfa0308000100000000]
08-15 09:50:25.047  7651  7685 D QcrilMsgTunnelSocket: Rcvd UNSOL response with 28 bytes data for SUB0
08-15 09:50:25.047  7651  7685 D QcrilMsgTunnelSocket: Response ID 525306 is not served in this process.
08-15 09:50:25.047  7651  7685 D QcrilMsgTunnelSocket: To broadcast an Intent via the notifier to external apps
08-15 09:50:25.047  7651  7651 D QcrilMsgTunnelIfaceManager: handleMessage what = 0
08-15 09:50:25.047  7651  7651 D QcrilMsgTunnelIfaceManager: Broadcasting intent ACTION_UNSOL_RESPONSE_OEM_HOOK_RAW
08-15 09:50:25.052  7637  7637 D QC_RIL_OEM_HOOK: Received Broadcast Intent ACTION_UNSOL_RESPONSE_OEM_HOOK_RAW
08-15 09:50:25.052  7637  7637 D QC_RIL_OEM_HOOK: Oem ID in QCRILHOOK UNSOL RESP is QOEMHOOK
08-15 09:50:25.110  6809  1898 D TimeManager: _________________________________________________
08-15 09:50:25.111  6809  1898 D TimeManager: Time state changed: SYNCHRONIZED->SYNCHRONIZED
08-15 09:50:25.111  6809  1898 D TimeManager: _______mTimeUTC: 1471279825110
08-15 09:50:25.111  6809  1898 D TimeManager: ____mDeviceTime: 1471279825111
08-15 09:50:25.111  6809  1898 D TimeManager: mTimeCorrection: 0
08-15 09:50:25.268  7651  7685 D QcrilMsgTunnelSocket: readRilMessage: Buffer = [B@d1bb5f8 HexData = [010000000404000011000000514f454d484f4f4bfa0308000100000000]
08-15 09:50:25.268  7651  7685 D QcrilMsgTunnelSocket: Rcvd UNSOL response with 28 bytes data for SUB0
08-15 09:50:25.268  7651  7685 D QcrilMsgTunnelSocket: Response ID 525306 is not served in this process.
08-15 09:50:25.268  7651  7685 D QcrilMsgTunnelSocket: To broadcast an Intent via the notifier to external apps
08-15 09:50:25.268  7651  7651 D QcrilMsgTunnelIfaceManager: handleMessage what = 0
08-15 09:50:25.268  7651  7651 D QcrilMsgTunnelIfaceManager: Broadcasting intent ACTION_UNSOL_RESPONSE_OEM_HOOK_RAW
08-15 09:50:25.269  7637  7637 D QC_RIL_OEM_HOOK: Received Broadcast Intent ACTION_UNSOL_RESPONSE_OEM_HOOK_RAW
08-15 09:50:25.270  7637  7637 D QC_RIL_OEM_HOOK: Oem ID in QCRILHOOK UNSOL RESP is QOEMHOOK
08-15 09:50:25.345  6809  1898 D Event   : No subscribers registered for event class com.apalon.myclockfree.h.s
08-15 09:50:25.345  6809  1898 D Event   : No subscribers registered for event class b.a.a.h
08-15 09:50:25.485 27431 27440 I art     : Background partial concurrent mark sweep GC freed 116893(7MB) AllocSpace objects, 88(26MB) LOS objects, 18% free, 71MB/87MB, paused 2.565ms total 119.049ms
08-15 09:50:25.865 27431 27431 W ComponentTree: View context differs from that used to construct the component
08-15 09:50:25.897 27431 28492 W fb4a(:<default>):RequestLoggingListener: time 19547571: onRequestFailure: {requestId: 783, elapsedTime: -1 ms, throwable: java.lang.NullPointerException: Encoded image is not valid.}
08-15 09:50:25.900 27431 28492 W fb4a(:<default>):RequestLoggingListener: time 19547574: onRequestFailure: {requestId: 784, elapsedTime: -1 ms, throwable: java.lang.NullPointerException: Encoded image is not valid.}
08-15 09:50:25.904 27431 28492 W fb4a(:<default>):RequestLoggingListener: time 19547578: onRequestFailure: {requestId: 785, elapsedTime: -1 ms, throwable: java.lang.NullPointerException: Encoded image is not valid.}
08-15 09:50:26.315  7651  7685 D QcrilMsgTunnelSocket: readRilMessage: Buffer = [B@d1bb5f8 HexData = [010000000404000011000000514f454d484f4f4bfa0308000100000000]
08-15 09:50:26.315  7651  7685 D QcrilMsgTunnelSocket: Rcvd UNSOL response with 28 bytes data for SUB0
08-15 09:50:26.315  7651  7685 D QcrilMsgTunnelSocket: Response ID 525306 is not served in this process.
08-15 09:50:26.315  7651  7685 D QcrilMsgTunnelSocket: To broadcast an Intent via the notifier to external apps
08-15 09:50:26.316  7651  7651 D QcrilMsgTunnelIfaceManager: handleMessage what = 0
08-15 09:50:26.316  7651  7651 D QcrilMsgTunnelIfaceManager: Broadcasting intent ACTION_UNSOL_RESPONSE_OEM_HOOK_RAW
08-15 09:50:26.320  7637  7637 D QC_RIL_OEM_HOOK: Received Broadcast Intent ACTION_UNSOL_RESPONSE_OEM_HOOK_RAW
08-15 09:50:26.321  7637  7637 D QC_RIL_OEM_HOOK: Oem ID in QCRILHOOK UNSOL RESP is QOEMHOOK
08-15 09:50:26.369 27431 27574 E fb4a(:<default>):GRAPHQL_QUERY_STRING: Trying to set unknown parameter 'in_channel_eligibility_experiment' on query 'FetchProductionPromptsQuery'
08-15 09:50:26.531  7651  7685 D QcrilMsgTunnelSocket: readRilMessage: Buffer = [B@d1bb5f8 HexData = [010000000404000011000000514f454d484f4f4bfa0308000100000000]
08-15 09:50:26.531  7651  7685 D QcrilMsgTunnelSocket: Rcvd UNSOL response with 28 bytes data for SUB0
08-15 09:50:26.532  7651  7685 D QcrilMsgTunnelSocket: Response ID 525306 is not served in this process.
08-15 09:50:26.532  7651  7685 D QcrilMsgTunnelSocket: To broadcast an Intent via the notifier to external apps
08-15 09:50:26.532  7651  7651 D QcrilMsgTunnelIfaceManager: handleMessage what = 0
08-15 09:50:26.532  7651  7651 D QcrilMsgTunnelIfaceManager: Broadcasting intent ACTION_UNSOL_RESPONSE_OEM_HOOK_RAW
08-15 09:50:26.534  7637  7637 D QC_RIL_OEM_HOOK: Received Broadcast Intent ACTION_UNSOL_RESPONSE_OEM_HOOK_RAW
08-15 09:50:26.535  7637  7637 D QC_RIL_OEM_HOOK: Oem ID in QCRILHOOK UNSOL RESP is QOEMHOOK
08-15 09:50:26.756  7651  7685 D QcrilMsgTunnelSocket: readRilMessage: Buffer = [B@d1bb5f8 HexData = [010000000404000011000000514f454d484f4f4bfa0308000100000000]
08-15 09:50:26.756  7651  7685 D QcrilMsgTunnelSocket: Rcvd UNSOL response with 28 bytes data for SUB0
08-15 09:50:26.756  7651  7685 D QcrilMsgTunnelSocket: Response ID 525306 is not served in this process.
08-15 09:50:26.757  7651  7685 D QcrilMsgTunnelSocket: To broadcast an Intent via the notifier to external apps
08-15 09:50:26.757  7651  7651 D QcrilMsgTunnelIfaceManager: handleMessage what = 0
08-15 09:50:26.757  7651  7651 D QcrilMsgTunnelIfaceManager: Broadcasting intent ACTION_UNSOL_RESPONSE_OEM_HOOK_RAW
08-15 09:50:26.758  7637  7637 D QC_RIL_OEM_HOOK: Received Broadcast Intent ACTION_UNSOL_RESPONSE_OEM_HOOK_RAW
08-15 09:50:26.759  7637  7637 D QC_RIL_OEM_HOOK: Oem ID in QCRILHOOK UNSOL RESP is QOEMHOOK
08-15 09:50:26.874  7651  7685 D QcrilMsgTunnelSocket: readRilMessage: Buffer = [B@d1bb5f8 HexData = [010000000404000011000000514f454d484f4f4bfa0308000100000000]
08-15 09:50:26.875  7651  7685 D QcrilMsgTunnelSocket: Rcvd UNSOL response with 28 bytes data for SUB0
08-15 09:50:26.875  7651  7685 D QcrilMsgTunnelSocket: Response ID 525306 is not served in this process.
08-15 09:50:26.875  7651  7685 D QcrilMsgTunnelSocket: To broadcast an Intent via the notifier to external apps
08-15 09:50:26.875  7651  7651 D QcrilMsgTunnelIfaceManager: handleMessage what = 0
08-15 09:50:26.875  7651  7651 D QcrilMsgTunnelIfaceManager: Broadcasting intent ACTION_UNSOL_RESPONSE_OEM_HOOK_RAW
08-15 09:50:26.876  7637  7637 D QC_RIL_OEM_HOOK: Received Broadcast Intent ACTION_UNSOL_RESPONSE_OEM_HOOK_RAW
08-15 09:50:26.877  7637  7637 D QC_RIL_OEM_HOOK: Oem ID in QCRILHOOK UNSOL RESP is QOEMHOOK
08-15 09:50:26.982  1003  4418 I ActivityManager: Start proc 1988:com.facebook.katana:browser/u0a106 for service com.facebook.katana/com.facebook.browser.lite.BrowserLiteIntentService
08-15 09:50:27.110  7651  7685 D QcrilMsgTunnelSocket: readRilMessage: Buffer = [B@d1bb5f8 HexData = [010000000404000011000000514f454d484f4f4bfa0308000100000000]
08-15 09:50:27.110  7651  7685 D QcrilMsgTunnelSocket: Rcvd UNSOL response with 28 bytes data for SUB0
08-15 09:50:27.110  7651  7685 D QcrilMsgTunnelSocket: Response ID 525306 is not served in this process.
08-15 09:50:27.110  7651  7685 D QcrilMsgTunnelSocket: To broadcast an Intent via the notifier to external apps
08-15 09:50:27.110  7651  7651 D QcrilMsgTunnelIfaceManager: handleMessage what = 0
08-15 09:50:27.110  7651  7651 D QcrilMsgTunnelIfaceManager: Broadcasting intent ACTION_UNSOL_RESPONSE_OEM_HOOK_RAW
08-15 09:50:27.113  7637  7637 D QC_RIL_OEM_HOOK: Received Broadcast Intent ACTION_UNSOL_RESPONSE_OEM_HOOK_RAW
08-15 09:50:27.113  7637  7637 D QC_RIL_OEM_HOOK: Oem ID in QCRILHOOK UNSOL RESP is QOEMHOOK
08-15 09:50:27.161  1988  1988 V CatchMeIfYouCan: initializing CMIYC, flags = 0x00000000
08-15 09:50:27.168  1988  1988 I AppStateLoggerExceptionHandler: Installed uncaught exception handler for app state logging
08-15 09:50:27.169  1988  2013 D AppStateLogger: Attempting to open app state logging file
08-15 09:50:27.169  1988  1988 D ACRA    : ACRA init; reportURL: https://b-www.facebook.com/mobile/android_crash_logs/
08-15 09:50:27.170  1988  1988 D ACRA    : ACRA is enabled for com.facebook.katana, intializing...
08-15 09:50:27.172  1988  2013 D AppStateLogger: Successfully opened app state logging file: /data/user/0/com.facebook.katana/app_state_logs/69a3d1a3-7e2c-90b0-feb5-9907d48e8cc9.txt
08-15 09:50:27.175  1988  1988 D ACRA    : ANRDetector started started in production mode.
08-15 09:50:27.176  1988  1988 D ANRDetector$ANRDetectorThread: ANRDetectorThread start finished
08-15 09:50:27.176  1988  1988 V SplashScreenApplication: not using nonodex startup: in auxiliary process com.facebook.katana:browser
08-15 09:50:27.179  1988  1988 V fb-UnpackingSoSource: locked dso store /data/user/0/com.facebook.katana/lib-main
08-15 09:50:27.180  1988  2013 D AppStateLogger: Successfully dumped app state to log file
08-15 09:50:27.180  1988  1988 I fb-UnpackingSoSource: dso store is up-to-date: /data/user/0/com.facebook.katana/lib-main
08-15 09:50:27.180  1988  1988 V fb-UnpackingSoSource: releasing dso store lock for /data/user/0/com.facebook.katana/lib-main
08-15 09:50:27.180  1988  1988 V fb-UnpackingSoSource: locked dso store /data/user/0/com.facebook.katana/lib-assets
08-15 09:50:27.181  1988  1988 I fb-UnpackingSoSource: dso store is up-to-date: /data/user/0/com.facebook.katana/lib-assets
08-15 09:50:27.181  1988  1988 V fb-UnpackingSoSource: releasing dso store lock for /data/user/0/com.facebook.katana/lib-assets
08-15 09:50:27.181  1988  1988 V fb-UnpackingSoSource: locked dso store /data/user/0/com.facebook.katana/lib-xzs
08-15 09:50:27.181  1988  1988 I fb-UnpackingSoSource: dso store is up-to-date: /data/user/0/com.facebook.katana/lib-xzs
08-15 09:50:27.181  1988  1988 V fb-UnpackingSoSource: releasing dso store lock for /data/user/0/com.facebook.katana/lib-xzs
08-15 09:50:27.249  1988  1988 I art     : Thread[1,tid=1988,Native,Thread*=0xf52f6500,peer=0x73b1d2a0,"main"] recursive attempt to load library "/data/user/0/com.facebook.katana/lib-xzs/libfb.so"
08-15 09:50:27.260  1988  1988 V appstatelogger: Registered App State Logger stream with Breakpad
08-15 09:50:27.260  7651  7685 D QcrilMsgTunnelSocket: readRilMessage: Buffer = [B@d1bb5f8 HexData = [010000000404000011000000514f454d484f4f4bfa0308000100000000]
08-15 09:50:27.261  7651  7685 D QcrilMsgTunnelSocket: Rcvd UNSOL response with 28 bytes data for SUB0
08-15 09:50:27.261  7651  7685 D QcrilMsgTunnelSocket: Response ID 525306 is not served in this process.
08-15 09:50:27.261  7651  7685 D QcrilMsgTunnelSocket: To broadcast an Intent via the notifier to external apps
08-15 09:50:27.261  7651  7651 D QcrilMsgTunnelIfaceManager: handleMessage what = 0
08-15 09:50:27.261  7651  7651 D QcrilMsgTunnelIfaceManager: Broadcasting intent ACTION_UNSOL_RESPONSE_OEM_HOOK_RAW
08-15 09:50:27.268  7637  7637 D QC_RIL_OEM_HOOK: Received Broadcast Intent ACTION_UNSOL_RESPONSE_OEM_HOOK_RAW
08-15 09:50:27.268  7637  7637 D QC_RIL_OEM_HOOK: Oem ID in QCRILHOOK UNSOL RESP is QOEMHOOK
08-15 09:50:27.297  1988  1988 V dalvik-internals: Hooking function _ZN3art12FaultManager35EnsureArtActionInFrontOfSignalChainEv
08-15 09:50:27.302  1988  1988 V dalvik-internals: hooked _ZN3art12FaultManager35EnsureArtActionInFrontOfSignalChainEv using trap ()
08-15 09:50:27.302  1988  1988 V dalvik-internals: hooked signal using trap ()
08-15 09:50:27.302  1988  1988 V dalvik-internals: hooked sysv_signal using trap ()
08-15 09:50:27.302  1988  1988 V dalvik-internals: hooked bsd_signal using trap ()
08-15 09:50:27.347  1988  1988 E linker  : "/system/bin/app_process32": ignoring 2-entry DT_PREINIT_ARRAY in shared library!
08-15 09:50:27.347  1988  1988 V dalvik-internals: hooked sigaction using trap ()
08-15 09:50:27.347  1988  1988 I dalvik-internals: installed sigmux crash handler for crash log
08-15 09:50:27.348  1988  1988 D ClassFailureStapler: not installing class failure stapler: ART in use
08-15 09:50:27.740  1003  3346 I ActivityManager: START u0 {act=android.intent.action.MAIN cat=[android.intent.category.HOME] flg=0x10200000 cmp=com.google.android.googlequicksearchbox/com.google.android.launcher.GEL (has extras)} from uid 1000 on display 0
08-15 09:50:27.813 27431 27431 D AppStateLogger: Activity LoginActivity changed state to Paused
08-15 09:50:27.818 27431 27448 D AppStateLogger: Successfully dumped app state to log file
08-15 09:50:27.830  2609  3340 D VideoPlayerService: onPlayerActivityStateChange true
08-15 09:50:27.831  2609  3340 D RtmpSampleExtractorCache: Extractor release on background disabled
08-15 09:50:27.836 27431 27431 V FragmentStatePagerAdapter: Removing item #1: f=FbChromeFragment{634da10 #1 id=0x7f0d14fc} v=android.support.v4.app.NoSaveStateFrameLayout{9a6b2dc V.E...... ........ 1440,0-2880,1970}
08-15 09:50:27.837 27431 27431 V FragmentStatePagerAdapter: Removing item #2: f=FbChromeFragment{751e909 #2 id=0x7f0d14fc} v=android.support.v4.app.NoSaveStateFrameLayout{8a15fe5 V.E...... ......ID 2880,0-4320,1970}
08-15 09:50:27.837 27431 27431 V FragmentStatePagerAdapter: Removing item #3: f=FbChromeFragment{8d7270e #3 id=0x7f0d14fc} v=android.support.v4.app.NoSaveStateFrameLayout{80bcaba V.E...... ........ 4320,0-5760,1970}
08-15 09:50:27.848 27431 27431 V FragmentStatePagerAdapter: Adding item #1: f=FbChromeFragment{5f240e0}
08-15 09:50:27.848 27431 27431 V FragmentStatePagerAdapter: Adding item #2: f=FbChromeFragment{52a0f99}
08-15 09:50:27.848 27431 27431 V FragmentStatePagerAdapter: Adding item #3: f=FbChromeFragment{cff725e}
08-15 09:50:27.872 27431 27431 W fb4a(:<default>):InteractionTTI: Tried to fail a sequence that wasn't in progress
08-15 09:50:27.872 27431 27431 D AppStateLogger: Activity LoginActivity changed state to Stopped
08-15 09:50:27.903  4174  4174 I GEL     : handleIntent(Intent { act=android.intent.action.MAIN cat=[android.intent.category.HOME] flg=0x10600000 cmp=com.google.android.googlequicksearchbox/com.google.android.launcher.GEL (has extras) })
08-15 09:50:27.917  1003  1012 I art     : Background partial concurrent mark sweep GC freed 50944(2MB) AllocSpace objects, 21(452KB) LOS objects, 28% free, 40MB/56MB, paused 1.661ms total 113.425ms
08-15 09:50:27.931 27431 27448 D AppStateLogger: Successfully dumped app state to log file
08-15 09:50:27.933  3739 29893 I GCoreUlr: Successfully inserted 1 locations
08-15 09:50:27.956  4174  4174 W ResourceType: No known package when getting value for resource number 0xffffffff
08-15 09:50:27.985  4174  4174 W ImageView: Unable to find resource: -1
08-15 09:50:27.985  4174  4174 W ImageView: android.content.res.Resources$NotFoundException: Resource ID #0xffffffff
08-15 09:50:27.985  4174  4174 W ImageView: 	at android.content.res.Resources.getValue(Resources.java:1351)
08-15 09:50:27.985  4174  4174 W ImageView: 	at android.content.res.Resources.getDrawable(Resources.java:804)
08-15 09:50:27.985  4174  4174 W ImageView: 	at android.content.Context.getDrawable(Context.java:458)
08-15 09:50:27.985  4174  4174 W ImageView: 	at android.widget.ImageView.resolveUri(ImageView.java:813)
08-15 09:50:27.985  4174  4174 W ImageView: 	at android.widget.ImageView.setImageResource(ImageView.java:420)
08-15 09:50:27.985  4174  4174 W ImageView: 	at java.lang.reflect.Method.invoke(Native Method)
08-15 09:50:27.985  4174  4174 W ImageView: 	at android.widget.RemoteViews$ReflectionAction.apply(RemoteViews.java:1311)
08-15 09:50:27.985  4174  4174 W ImageView: 	at android.widget.RemoteViews.performApply(RemoteViews.java:2839)
08-15 09:50:27.985  4174  4174 W ImageView: 	at android.widget.RemoteViews.apply(RemoteViews.java:2781)
08-15 09:50:27.985  4174  4174 W ImageView: 	at android.widget.RemoteViewsAdapter.getView(RemoteViewsAdapter.java:1196)
08-15 09:50:27.985  4174  4174 W ImageView: 	at android.widget.AbsListView.obtainView(AbsListView.java:2346)
08-15 09:50:27.985  4174  4174 W ImageView: 	at android.widget.ListView.makeAndAddView(ListView.java:1876)
08-15 09:50:27.985  4174  4174 W ImageView: 	at android.widget.ListView.fillDown(ListView.java:702)
08-15 09:50:27.985  4174  4174 W ImageView: 	at android.widget.ListView.fillFromTop(ListView.java:763)
08-15 09:50:27.985  4174  4174 W ImageView: 	at android.widget.ListView.layoutChildren(ListView.java:1671)
08-15 09:50:27.985  4174  4174 W ImageView: 	at android.widget.AbsListView.onLayout(AbsListView.java:2148)
08-15 09:50:27.985  4174  4174 W ImageView: 	at android.view.View.layout(View.java:16636)
08-15 09:50:27.985  4174  4174 W ImageView: 	at android.view.ViewGroup.layout(ViewGroup.java:5437)
08-15 09:50:27.985  4174  4174 W ImageView: 	at android.widget.LinearLayout.setChildFrame(LinearLayout.java:1735)
08-15 09:50:27.985  4174  4174 W ImageView: 	at android.widget.LinearLayout.layoutVertical(LinearLayout.java:1579)
08-15 09:50:27.985  4174  4174 W ImageView: 	at android.widget.LinearLayout.onLayout(LinearLayout.java:1488)
08-15 09:50:27.985  4174  4174 W ImageView: 	at android.view.View.layout(View.java:16636)
08-15 09:50:27.985  4174  4174 W ImageView: 	at android.view.ViewGroup.layout(ViewGroup.java:5437)
08-15 09:50:27.985  4174  4174 W ImageView: 	at android.widget.FrameLayout.layoutChildren(FrameLayout.java:336)
08-15 09:50:27.985  4174  4174 W ImageView: 	at android.widget.FrameLayout.onLayout(FrameLayout.java:273)
08-15 09:50:27.985  4174  4174 W ImageView: 	at com.android.launcher3.LauncherAppWidgetHostView.onLayout(LauncherAppWidgetHostView.java:279)
08-15 09:50:27.985  4174  4174 W ImageView: 	at android.view.View.layout(View.java:16636)
08-15 09:50:27.985  4174  4174 W ImageView: 	at android.view.ViewGroup.layout(ViewGroup.java:5437)
08-15 09:50:27.985  4174  4174 W ImageView: 	at com.android.launcher3.ShortcutAndWidgetContainer.onLayout(ShortcutAndWidgetContainer.java:183)
08-15 09:50:27.985  4174  4174 W ImageView: 	at android.view.View.layout(View.java:16636)
08-15 09:50:27.985  4174  4174 W ImageView: 	at android.view.ViewGroup.layout(ViewGroup.java:5437)
08-15 09:50:27.985  4174  4174 W ImageView: 	at com.android.launcher3.CellLayout.onLayout(CellLayout.java:912)
08-15 09:50:27.985  4174  4174 W ImageView: 	at android.view.View.layout(View.java:16636)
08-15 09:50:27.985  4174  4174 W ImageView: 	at android.view.ViewGroup.layout(ViewGroup.java:5437)
08-15 09:50:27.985  4174  4174 W ImageView: 	at com.android.launcher3.PagedView.onLayout(PagedView.java:885)
08-15 09:50:27.985  4174  4174 W ImageView: 	at com.android.launcher3.Workspace.onLayout(Workspace.java:1829)
08-15 09:50:27.985  4174  4174 W ImageView: 	at android.view.View.layout(View.java:16636)
08-15 09:50:27.985  4174  4174 W ImageView: 	at android.view.ViewGroup.layout(ViewGroup.java:5437)
08-15 09:50:27.985  4174  4174 W ImageView: 	at android.widget.FrameLayout.layoutChildren(FrameLayout.java:336)
08-15 09:50:27.985  4174  4174 W ImageView: 	at android.widget.FrameLayout.onLayout(FrameLayout.java:273)
08-15 09:50:27.985  4174  4174 W ImageView: 	at com.android.launcher3.DragLayer.onLayout(DragLayer.java:508)
08-15 09:50:27.985  4174  4174 W ImageView: 	at android.view.View.layout(View.java:16636)
08-15 09:50:27.985  4174  4174 W ImageView: 	at android.view.ViewGroup.layout(ViewGroup.java:5437)
08-15 09:50:27.985  4174  4174 W ImageView: 	at android.widget.FrameLayout.layoutChildren(FrameLayout.java:336)
08-15 09:50:27.985  4174  4174 W ImageView: 	at android.widget.FrameLayout.onLayout(FrameLayout.java:273)
08-15 09:50:27.985  4174  4174 W ImageView: 	at android.view.View.layout(View.java:16636)
08-15 09:50:27.985  4174  4174 W ImageView: 	at android.view.ViewGroup.layout(ViewGroup.java:5437)
08-15 09:50:27.985  4174  4174 W ImageView: 	at android.widget.FrameLayout.layoutChildren(FrameLayout.java:336)
08-15 09:50:27.985  4174  4174 W ImageView: 	at android.widget.FrameLayout.onLayout(FrameLayout.java:273)
08-15 09:50:27.985  4174  4174 W ImageView: 	at android.view.View.layout(View.java:16636)
08-15 09:50:27.985  4174  4174 W ImageView: 	at android.view.ViewGroup.layout(ViewGroup.java:5437)
08-15 09:50:27.985  4174  4174 W ImageView: 	at android.widget.LinearLayout.setChildFrame(LinearLayout.java:1735)
08-15 09:50:27.985  4174  4174 W ImageView: 	at android.widget.LinearLayout.layoutVertical(LinearLayout.java:1579)
08-15 09:50:27.985  4174  4174 W ImageView: 	at android.widget.LinearLayout.onLayout(LinearLayout.java:1488)
08-15 09:50:27.985  4174  4174 W ImageView: 	at android.view.View.layout(View.java:16636)
08-15 09:50:27.985  4174  4174 W ImageView: 	at android.view.ViewGroup.layout(ViewGroup.java:5437)
08-15 09:50:27.985  4174  4174 W ImageView: 	at android.widget.FrameLayout.layoutChildren(FrameLayout.java:336)
08-15 09:50:27.985  4174  4174 W ImageView: 	at android.widget.FrameLayout.onLayout(FrameLayout.java:273)
08-15 09:50:27.985  4174  4174 W ImageView: 	at com.android.internal.policy.PhoneWindow$DecorView.onLayout(PhoneWindow.java:2678)
08-15 09:50:27.985  4174  4174 W ImageView: 	at android.view.View.layout(View.java:16636)
08-15 09:50:27.985  4174  4174 W ImageView: 	at android.view.ViewGroup.layout(ViewGroup.java:5437)
08-15 09:50:27.985  4174  4174 W ImageView: 	at android.view.ViewRootImpl.performLayout(ViewRootImpl.java:2179)
08-15 09:50:27.985  4174  4174 W ImageView: 	at android.view.ViewRootImpl.performTraversals(ViewRootImpl.java:1939)
08-15 09:50:27.985  4174  4174 W ImageView: 	at android.view.ViewRootImpl.doTraversal(ViewRootImpl.java:1115)
08-15 09:50:27.985  4174  4174 W ImageView: 	at android.view.ViewRoot
08-15 09:50:27.993  4174  4174 W ResourceType: No known package when getting value for resource number 0xffffffff
08-15 09:50:27.994  4174  4174 W ImageView: Unable to find resource: -1
08-15 09:50:27.994  4174  4174 W ImageView: android.content.res.Resources$NotFoundException: Resource ID #0xffffffff
08-15 09:50:27.994  4174  4174 W ImageView: 	at android.content.res.Resources.getValue(Resources.java:1351)
08-15 09:50:27.994  4174  4174 W ImageView: 	at android.content.res.Resources.getDrawable(Resources.java:804)
