08-15 09:50:39.243   515   515 D keymaster1_device: KM_ULONG_REP: tag = KM_TAG_USER_SECURE_ID, value = 7183740744038892953
08-15 09:50:39.243   515   515 D keymaster1_device: KM_ENUM: tag = KM_TAG_USER_AUTH_TYPE, value = 3
08-15 09:50:39.243   515   515 D keymaster1_device: KM_UINT: tag = KM_TAG_AUTH_TIMEOUT, value = 30
08-15 09:50:39.243   515   515 D keymaster1_device: KM_ENUM: tag = KM_TAG_BLOB_USAGE_REQUIREMENTS, value = 0
08-15 09:50:39.243   515   515 D keymaster1_device: KM_ENUM: tag = KM_TAG_ORIGIN, value = 0
08-15 09:50:39.243   515   515 D keymaster1_device: KM_BOOL: tag = KM_TAG_ROLLBACK_RESISTANT, value = 
08-15 09:50:39.243   515   515 D keymaster1_device: Print SW Enforced print from TA
08-15 09:50:39.243   515   515 D keymaster1_device: KM_DATE: tag = KM_TAG_CREATION_DATETIME, value = 2817927360
08-15 09:50:39.246   515   515 D keymaster1_device: Print HW Enforced print from TA
08-15 09:50:39.246   515   515 D keymaster1_device: KM_UINT: tag = KM_TAG_KEY_SIZE, value = 128
08-15 09:50:39.246   515   515 D keymaster1_device: KM_ENUM: tag = KM_TAG_ALGORITHM, value = 32
08-15 09:50:39.246   515   515 D keymaster1_device: KM_ENUM: tag = KM_TAG_PURPOSE, value = 0
08-15 09:50:39.246   515   515 D keymaster1_device: KM_ENUM: tag = KM_TAG_BLOCK_MODE, value = 2
08-15 09:50:39.246   515   515 D keymaster1_device: KM_ENUM: tag = KM_TAG_PADDING, value = 64
08-15 09:50:39.246   515   515 D keymaster1_device: KM_ULONG_REP: tag = KM_TAG_USER_SECURE_ID, value = 7183740744038892953
08-15 09:50:39.246   515   515 D keymaster1_device: KM_ENUM: tag = KM_TAG_USER_AUTH_TYPE, value = 3
08-15 09:50:39.246   515   515 D keymaster1_device: KM_UINT: tag = KM_TAG_AUTH_TIMEOUT, value = 30
08-15 09:50:39.246   515   515 D keymaster1_device: KM_ENUM: tag = KM_TAG_BLOB_USAGE_REQUIREMENTS, value = 0
08-15 09:50:39.246   515   515 D keymaster1_device: KM_ENUM: tag = KM_TAG_ORIGIN, value = 0
08-15 09:50:39.246   515   515 D keymaster1_device: KM_BOOL: tag = KM_TAG_ROLLBACK_RESISTANT, value = 
08-15 09:50:39.246   515   515 D keymaster1_device: Print SW Enforced print from TA
08-15 09:50:39.246   515   515 D keymaster1_device: KM_DATE: tag = KM_TAG_CREATION_DATETIME, value = 2817927360
08-15 09:50:39.246   515   515 D SoftKeymaster: system/keymaster/soft_keymaster_device.cpp, Line 567: Not performing software digesting for algorithm 32
08-15 09:50:39.246   515   515 D SoftKeymaster: system/keymaster/soft_keymaster_device.cpp, Line 861: Operation supported by Keymaster QTI HAL, passing through to keymaster1 module
08-15 09:50:39.249   392   395 D DrmLibTime: got the req here! ret=0
08-15 09:50:39.250   392   395 D DrmLibTime: command id, time_cmd_id = 770
08-15 09:50:39.250   392   395 D DrmLibTime: time_getutcsec starts!
08-15 09:50:39.250   392   395 D DrmLibTime: QSEE Time Listener: time_getutcsec
08-15 09:50:39.250   392   395 D DrmLibTime: QSEE Time Listener: get_utc_seconds
08-15 09:50:39.250   392   395 D DrmLibTime: QSEE Time Listener: time_get_modem_time
08-15 09:50:39.250   392   395 D DrmLibTime: QSEE Time Listener: Checking if ATS_MODEM is set or not.
08-15 09:50:39.250   392   395 D QC-time-services: Lib:time_genoff_operation: pargs->base = 13
08-15 09:50:39.250   392   395 D QC-time-services: Lib:time_genoff_operation: pargs->operation = 2
08-15 09:50:39.250   392   395 D QC-time-services: Lib:time_genoff_operation: pargs->ts_val = 0
08-15 09:50:39.250   392   395 D QC-time-services: Lib:time_genoff_operation: Send to server  passed!!
08-15 09:50:39.250   530   544 D QC-time-services: Daemon: Connection accepted:time_genoff
08-15 09:50:39.250   530  2193 D QC-time-services: Daemon:Received base = 13, unit = 1, operation = 2,value = 0
08-15 09:50:39.251   530  2193 D QC-time-services: Daemon:genoff_opr: Base = 13, val = 0, operation = 2
08-15 09:50:39.251   530  2193 D QC-time-services: offset is: 1 for base: 13
08-15 09:50:39.251   392   395 E QC-time-services: Receive Passed == base = 13, unit = 1, operation = 2, result = 0
08-15 09:50:39.251   392   395 D DrmLibTime: QSEE Time Listener: ATS_MODEM is set. Try to retrieve it.
08-15 09:50:39.251   530   544 E QC-time-services: Daemon: Time-services: Waiting to acceptconnection
08-15 09:50:39.251   530   544 D QC-time-services: Daemon: Connection accepted:time_genoff
08-15 09:50:39.251   530  2194 D QC-time-services: Daemon:Received base = 13, unit = 1, operation = 1,value = 0
08-15 09:50:39.251   530  2194 D QC-time-services: Daemon:genoff_opr: Base = 13, val = 0, operation = 1
08-15 09:50:39.251   530  2194 D QC-time-services: Daemon: genoff get for 13
08-15 09:50:39.251   530  2194 D QC-time-services: Daemon:rtc_get: Time read from RTC -- MM/DD/YY HH:MM:SS1/13/70 13:1:48
08-15 09:50:39.252   530  2194 D QC-time-services: Daemon:Value read from RTC seconds = 3762108000
08-15 09:50:39.252   530  2194 D QC-time-services: Daemon:Value read from generic offset = 1467517731000
08-15 09:50:39.252   530  2194 D QC-time-services: Daemon:Final Time = 1471279839000
08-15 09:50:39.252   530   544 E QC-time-services: Daemon: Time-services: Waiting to acceptconnection
08-15 09:50:39.252   392   395 D DrmLibTime: QSEE Time Listener: Time GenOff - seconds: 1471279839
08-15 09:50:39.252   392   395 D DrmLibTime: time_getutcsec returns 0, sec = 1471279839; nsec = 0
08-15 09:50:39.252   392   395 D DrmLibTime: time_getutcsec finished! 
08-15 09:50:39.252   392   395 D DrmLibTime: iotcl_continue_command finished! and return 0 
08-15 09:50:39.252   392   395 D DrmLibTime: before calling ioctl to read the next time_cmd
08-15 09:50:39.256  8223  2195 I MicroRecognitionRunner: Starting detection.
08-15 09:50:39.257  8223 32267 I MicrophoneInputStream: mic_starting com.google.android.apps.gsa.speech.audio.ai@34d1e14
08-15 09:50:39.261 29146  2197 I AudioFlinger: AudioFlinger's thread 0xf20c0000 ready to run
08-15 09:50:39.263 29146 29238 I SoundTriggerHwService::Module: void android::SoundTriggerHwService::Module::onCallbackEvent(const android::sp<android::SoundTriggerHwService::CallbackEvent>&) mClient == 0
08-15 09:50:39.268  8223 32267 I MicrophoneInputStream: mic_started com.google.android.apps.gsa.speech.audio.ai@34d1e14
08-15 09:50:39.279 29146  2197 D audio_hw_primary: select_devices: out_snd_device(0: none) in_snd_device(63: voice-rec-mic)
08-15 09:50:39.279 29146  2197 D msm8974_platform: platform_send_audio_calibration: sending audio calibration for snd_device(63) acdb_id(62)
08-15 09:50:39.279 29146  2197 I ACDB-LOADER: ACDB AFE returned = -19
08-15 09:50:39.279 29146  2197 I soundtrigger: audio_extn_sound_trigger_update_device_status: device 0x3f of type 1 for Event 1
08-15 09:50:39.280 29146  2197 D sound_trigger_platform: platform_stdev_check_and_update_concurrency: concurrency active 0, tx 1, rx 0, concurrency session_allowed 0
08-15 09:50:39.280 29146  2197 D audio_hw_primary: enable_snd_device: snd_device(63: voice-rec-mic)
08-15 09:50:39.294 29146  2197 D audio_hw_primary: enable_audio_route: apply and update mixer path: audio-record
08-15 09:50:39.310  1003  4418 W BroadcastQueue: Permission Denial: broadcasting Intent { act=android.intent.action.USER_PRESENT flg=0x24000010 } from com.android.systemui (pid=3449, uid=10027) is not exported from uid 10116 due to receiver com.yik.yak/com.parse.ParseBroadcastReceiver
08-15 09:50:39.343  6809  2203 D WEATHER_SPEED: getWeatherCondition:: 3 ms
08-15 09:50:39.372  8223  8223 I MicroDetectionWorker: onReady
08-15 09:50:39.847  3739 13195 D BluetoothAdapter: stopLeScan()
08-15 09:50:39.849  3739 13195 D BluetoothAdapter: STATE_ON
08-15 09:50:39.850  5082  5136 D BtGatt.GattService: stopScan() - queue size =1
08-15 09:50:39.851  5082  5093 D BtGatt.GattService: unregisterClient() - clientIf=5
08-15 09:50:39.852  5082  5109 D BtGatt.ScanManager: stop scan
08-15 09:50:39.856  3739 13195 I BeaconBle: Scan : No clients left, canceling alarm.
08-15 09:50:39.857  5082  5104 D BtGatt.GattService: onScanFilterParamsConfigured() - clientIf=5, status=0, action=1, availableSpace=32
08-15 09:50:39.857  5082  5104 D BtGatt.ScanManager: callback done for clientIf - 5 status - 0
08-15 09:50:39.858  5082  5109 D BtGatt.ScanManager: configureRegularScanParams() - queue=0
08-15 09:50:39.858  5082  5109 D BtGatt.ScanManager: configureRegularScanParams() - ScanSetting Scan mode=-2147483648 mLastConfiguredScanSetting=2
08-15 09:50:39.858  5082  5109 D BtGatt.ScanManager: configureRegularScanParams() - queue emtpy, scan stopped
08-15 09:50:47.823  2609  3340 D VideoPlayerService: setPrefetchConcurrency 2
08-15 09:50:59.962 32170 32178 E QC-QMI  : qmi_client [32170] 3d: failed to locate client data
08-15 09:50:59.963   519   519 E QC-QMI  : qmuxd: RX on fd=18 returned error=0 errno[2:No such file or directory]
08-15 09:50:59.964   519   519 E QC-QMI  : QMUX qmux_client_id=3d not found in qmux client list, unable to remove
08-15 09:50:59.967 32170 32170 I Atfwd_Daemon: Stop the daemon....
08-15 09:51:00.003  1003  1003 I ActivityManager: Killing 446:com.google.android.apps.magazines/u0a99 (adj 15): empty #17
08-15 09:51:00.045  2251  2251 W ATFWD-daemon: type=1400 audit(0.0:2987): avc: denied { read write } for name="diag" dev="tmpfs" ino=12451 scontext=u:r:atfwd:s0 tcontext=u:object_r:diag_device:s0 tclass=chr_file permissive=0
08-15 09:51:00.046  2251  2251 I libmdmdetect: ESOC framework not supported
08-15 09:51:00.047  2251  2251 I libmdmdetect: Found internal modem: modem
08-15 09:51:00.048  2251  2251 E Diag_Lib:  Diag_LSM_Init: Failed to open handle to diag driver, error = 13
08-15 09:51:00.053  2251  2251 I Atfwd_Daemon: result : 255 	 ,Init step :0 	 ,qmiErrorCode: 0
08-15 09:51:00.053  2251  2251 I Atfwd_Daemon: result : 0 	 ,Init step :1 	 ,qmiErrorCode: 0
08-15 09:51:00.055  2251  2251 I ServiceManager: Waiting for service AtCmdFwd...
08-15 09:51:01.057  2251  2251 I ServiceManager: Waiting for service AtCmdFwd...
08-15 09:51:02.059  2251  2251 I ServiceManager: Waiting for service AtCmdFwd...
08-15 09:51:03.060  2251  2251 I ServiceManager: Waiting for service AtCmdFwd...
08-15 09:51:04.062  2251  2251 I ServiceManager: Waiting for service AtCmdFwd...
08-15 09:51:05.063  2251  2251 W Atfwd_Sendcmd: AtCmdFwd service not published, waiting... retryCnt : 1
08-15 09:51:10.064  2251  2251 I ServiceManager: Waiting for service AtCmdFwd...
08-15 09:51:11.066  2251  2251 I ServiceManager: Waiting for service AtCmdFwd...
08-15 09:51:12.068  2251  2251 I ServiceManager: Waiting for service AtCmdFwd...
08-15 09:51:13.069  2251  2251 I ServiceManager: Waiting for service AtCmdFwd...
08-15 09:51:14.072  2251  2251 I ServiceManager: Waiting for service AtCmdFwd...
08-15 09:51:15.073  2251  2251 W Atfwd_Sendcmd: AtCmdFwd service not published, waiting... retryCnt : 2
08-15 09:51:21.036  1003  1018 I UsbPortManager: USB port changed: port=UsbPort{id=otg_default, supportedModes=dual}, status=UsbPortStatus{connected=true, currentMode=ufp, currentPowerRole=sink, currentDataRole=device, supportedRoleCombinations=[source:host, sink:device]}, canChangeMode=true, canChangePowerRole=false, canChangeDataRole=false
08-15 09:51:21.769  1003  1003 I EntropyMixer: Writing entropy...
08-15 09:51:21.772  3739  3739 I GCoreUlr: Starting service, intent=Intent { act=com.google.android.location.reporting.ACTION_UPDATE_ACTIVE_STATE cmp=com.google.android.gms/com.google.android.location.reporting.service.DispatchingService (has extras) }, extras=Bundle[{source=PowerModeReceiver}]
08-15 09:51:21.848  3739   943 I GCoreUlr: DispatchingService.updateActiveState+PowerModeReceiver: Ensuring that reporting is active for [account#10#]
08-15 09:51:21.849  3739   943 I GCoreUlr: Place inference reporting - stop
08-15 09:51:21.939  3739  3739 E NetworkScheduler.SR: Invalid parameter app
08-15 09:51:21.939  3739  3739 E NetworkScheduler.SR: Invalid package name : Perhaps you didn't include a PendingIntent in the extras?
08-15 09:51:21.962  1003  1012 I art     : Background partial concurrent mark sweep GC freed 65430(4MB) AllocSpace objects, 26(592KB) LOS objects, 28% free, 41MB/57MB, paused 1.536ms total 190.113ms
08-15 09:51:22.096  1003  3315 I hubconnection: sensorhub said: 'set_bias 3: -14.4000, 0.0000, 0.0000'
08-15 09:51:22.108  3449  3449 W PathParser: Points are too far apart 4.030360828967057
08-15 09:51:22.108  3449  3449 W PathParser: Points are too far apart 4.030360538880159
08-15 09:51:22.278 26488 26488 D MtpService: starting MTP server in MTP mode
08-15 09:51:22.310 26488 28081 E DatabaseUtils: Writing exception to parcel
08-15 09:51:22.310 26488 28081 E DatabaseUtils: java.lang.SecurityException: Permission Denial: reading com.android.providers.media.MediaProvider uri content://media/external/images/media from pid=31998, uid=10084 requires android.permission.READ_EXTERNAL_STORAGE, or grantUriPermission()
08-15 09:51:22.310 26488 28081 E DatabaseUtils: 	at android.content.ContentProvider.enforceReadPermissionInner(ContentProvider.java:605)
08-15 09:51:22.310 26488 28081 E DatabaseUtils: 	at android.content.ContentProvider$Transport.enforceReadPermission(ContentProvider.java:480)
08-15 09:51:22.310 26488 28081 E DatabaseUtils: 	at android.content.ContentProvider$Transport.query(ContentProvider.java:211)
08-15 09:51:22.310 26488 28081 E DatabaseUtils: 	at android.content.ContentProviderNative.onTransact(ContentProviderNative.java:112)
08-15 09:51:22.310 26488 28081 E DatabaseUtils: 	at android.os.Binder.execTransact(Binder.java:453)
08-15 09:51:22.331 31998  2323 E iu.UploadsManager: Insufficient permissions to process media
08-15 09:51:22.331 31998  2323 E iu.UploadsManager: java.lang.SecurityException: Permission Denial: reading com.android.providers.media.MediaProvider uri content://media/external/images/media from pid=31998, uid=10084 requires android.permission.READ_EXTERNAL_STORAGE, or grantUriPermission()
08-15 09:51:22.331 31998  2323 E iu.UploadsManager: 	at android.os.Parcel.readException(Parcel.java:1620)
08-15 09:51:22.331 31998  2323 E iu.UploadsManager: 	at android.database.DatabaseUtils.readExceptionFromParcel(DatabaseUtils.java:183)
08-15 09:51:22.331 31998  2323 E iu.UploadsManager: 	at android.database.DatabaseUtils.readExceptionFromParcel(DatabaseUtils.java:135)
08-15 09:51:22.331 31998  2323 E iu.UploadsManager: 	at android.content.ContentProviderProxy.query(ContentProviderNative.java:421)
08-15 09:51:22.331 31998  2323 E iu.UploadsManager: 	at android.content.ContentResolver.query(ContentResolver.java:491)
08-15 09:51:22.331 31998  2323 E iu.UploadsManager: 	at android.content.ContentResolver.query(ContentResolver.java:434)
08-15 09:51:22.331 31998  2323 E iu.UploadsManager: 	at ijz.a(PG:110)
08-15 09:51:22.331 31998  2323 E iu.UploadsManager: 	at com.google.android.libraries.social.autobackup.FingerprintScannerIntentService.onHandleIntent(PG:81)
08-15 09:51:22.331 31998  2323 E iu.UploadsManager: 	at android.app.IntentService$ServiceHandler.handleMessage(IntentService.java:66)
08-15 09:51:22.331 31998  2323 E iu.UploadsManager: 	at android.os.Handler.dispatchMessage(Handler.java:102)
08-15 09:51:22.331 31998  2323 E iu.UploadsManager: 	at android.os.Looper.loop(Looper.java:148)
08-15 09:51:22.331 31998  2323 E iu.UploadsManager: 	at android.os.HandlerThread.run(HandlerThread.java:61)
08-15 09:51:25.074  2251  2251 I ServiceManager: Waiting for service AtCmdFwd...
08-15 09:51:26.075  2251  2251 I ServiceManager: Waiting for service AtCmdFwd...
08-15 09:51:27.076  2251  2251 I ServiceManager: Waiting for service AtCmdFwd...
08-15 09:51:27.838  2609  2609 D VideoPlayerService: App is backgrounded, clearing vps and destroying exoplayers
08-15 09:51:27.839  2609  2609 D VideoPlayerService: Clearing all 0 session(s) from the ToBeReleased list.
08-15 09:51:28.077  2251  2251 I ServiceManager: Waiting for service AtCmdFwd...
08-15 09:51:29.078  2251  2251 I ServiceManager: Waiting for service AtCmdFwd...
08-15 09:51:29.169  2345  2345 D AndroidRuntime: >>>>>> START com.android.internal.os.RuntimeInit uid 2000 <<<<<<
08-15 09:51:29.206  2345  2345 D AndroidRuntime: CheckJNI is OFF
08-15 09:51:29.321  2345  2345 D ICU     : No timezone override file found: /data/misc/zoneinfo/current/icu/icu_tzdata.dat
08-15 09:51:29.401  2345  2345 I Radio-JNI: register_android_hardware_Radio DONE
08-15 09:51:29.443  2345  2345 D AndroidRuntime: Calling main entry com.android.commands.am.Am
08-15 09:51:29.451  2345  2345 D AndroidRuntime: Shutting down VM
08-15 09:51:30.079  2251  2251 W Atfwd_Sendcmd: AtCmdFwd service not published, waiting... retryCnt : 3
08-15 09:51:33.829  1003  4313 D WifiService: acquireWifiLockLocked: WifiLock{NlpWifiLock type=2 binder=android.os.BinderProxy@726f9c2}
08-15 09:51:33.836  1003  3394 D wifi    : Initialized common fields 10000, 25, 100, 10
08-15 09:51:33.836  1003  3394 D wifi    : bucket[0] = 2:3:10000:2
08-15 09:51:33.894  1003  4168 D WifiService: releaseWifiLockLocked: WifiLock{NlpWifiLock type=2 binder=android.os.BinderProxy@726f9c2}
08-15 09:51:34.346  1003  3479 W WifiNative-HAL:  onFullScanResult bad length 221 of IE 221 from d0:03:4b:63:90:90
08-15 09:51:34.346  1003  3479 W WifiNative-HAL:  onFullScanResult ignoring the rest of the IEs
08-15 09:51:35.084  1003  4566 I sensors : batch
08-15 09:51:35.085  1003  4566 I sensors : activate
08-15 09:51:35.087  1003  3315 I hubconnection: sensorhub said: 'batch 12 flags:0, sampling_rate_Hz:1000.00, max_report_latency_us:0'
08-15 09:51:35.089  1003  3315 I hubconnection: sensorhub said: 'activate 12 enable:1'
08-15 09:51:35.107  3739   943 I GCoreUlr: Successfully inserted 1 locations
08-15 09:51:45.082  2251  2251 I ServiceManager: Waiting for service AtCmdFwd...
08-15 09:51:46.083  2251  2251 I ServiceManager: Waiting for service AtCmdFwd...
08-15 09:51:47.084  2251  2251 I ServiceManager: Waiting for service AtCmdFwd...
08-15 09:51:48.086  2251  2251 I ServiceManager: Waiting for service AtCmdFwd...
08-15 09:51:49.086  2251  2251 I ServiceManager: Waiting for service AtCmdFwd...
08-15 09:51:50.087  2251  2251 W Atfwd_Sendcmd: AtCmdFwd service not published, waiting... retryCnt : 4
08-15 09:51:56.350 10158 10194 E com.newrelic.agent.android: Failed to send POST to collector: recvfrom failed: ECONNRESET (Connection reset by peer)
08-15 09:51:56.350 10158 10194 E com.newrelic.agent.android: HarvestConnection: Attempting to convert network exception java.net.SocketException to error code.
08-15 09:51:56.354 10158 10194 E com.newrelic.agent.android: ExceptionHelper: libcore.io.IoBridge:maybeThrowAfterRecvfrom(IoBridge.java:588) IOException[java.net.SocketException] recvfrom failed: ECONNRESET (Connection reset by peer)
08-15 09:52:00.129  4005  4005 I ClearcutLoggerManager: onStartInput()
08-15 09:52:00.129  4005  4005 I LatinIme: initialize() : Language = en-US
08-15 09:52:00.131  4005  4005 I LatinIme: onActivate() : EditorInfo = Package = com.google.android.googlequicksearchbox : Type = Text : Learning = Disable : Suggestion = Hide : AutoCorrection = Disable : Microphone = Hide
08-15 09:52:00.164  4005  4005 W InputConnectionWrapper: Fixing selection indices to 0, 0
08-15 09:52:00.167  8223  2431 I UpdateIcingCorporaServi: Updating corpora: APPS=NONE, CONTACTS=DELTA
08-15 09:52:00.197  4788  2432 W IcingInternalCorpora: getNumBytesRead when not calculated.
08-15 09:52:00.354  4005  4005 I LatinMotionHandler: consumeEvent() : GestureTypingEnabled = true
08-15 09:52:00.383  4005  4005 I ClearcutLoggerManager: onConnected()
08-15 09:52:00.416  8223  2431 I UpdateIcingCorporaServi: UpdateCorporaTask done [took 249 ms] updated contacts [took 249 ms]
08-15 09:52:00.441  3739  3749 I art     : Background partial concurrent mark sweep GC freed 43730(3MB) AllocSpace objects, 57(1140KB) LOS objects, 33% free, 31MB/47MB, paused 5.238ms total 56.997ms
08-15 09:52:00.447  3739  3747 E DataBuffer: Internal data leak within a DataBuffer object detected!  Be sure to explicitly call release() on all DataBuffer extending objects when you are done with them. (internal object: com.google.android.gms.common.data.DataHolder@d03cfae)
08-15 09:52:00.452  3739  3747 E DataBuffer: Internal data leak within a DataBuffer object detected!  Be sure to explicitly call release() on all DataBuffer extending objects when you are done with them. (internal object: com.google.android.gms.common.data.DataHolder@f2fc5e5)
08-15 09:52:01.353  4788  5404 I Icing   : Indexing 987E42841BA3F4EDB3457BB4D87F5C4710844BE1 from com.google.android.googlequicksearchbox
08-15 09:52:01.388  4788  5404 W Icing   : CLD2 bad utf8
08-15 09:52:01.416  4788  5404 W Icing   : CLD2 bad utf8
08-15 09:52:01.452  4788  5404 I Icing   : Indexing done 987E42841BA3F4EDB3457BB4D87F5C4710844BE1
08-15 09:52:01.545  4788  5404 I Icing   : Indexing 987E42841BA3F4EDB3457BB4D87F5C4710844BE1 from com.google.android.googlequicksearchbox
08-15 09:52:01.567  4788  5404 I Icing   : Indexing done 987E42841BA3F4EDB3457BB4D87F5C4710844BE1
08-15 09:52:03.565  1003  1003 V BackupManagerService: Scheduling immediate backup pass
08-15 09:52:03.568  1003  1003 V BackupManagerService: Running a backup pass
08-15 09:52:03.569  1003  3397 V BackupManagerService: clearing pending backups
08-15 09:52:03.580  1003  3397 V PerformBackupTask: Beginning backup of 21 targets
08-15 09:52:03.613  1003  3397 D PerformBackupTask: invokeAgentForBackup on @pm@
08-15 09:52:03.650  1003  3397 I BackupRestoreController: Getting widget state for user: 0
08-15 09:52:03.681  1003  1015 I ActivityManager: Start proc 2448:com.google.android.keep/u0a83 for service com.google.android.keep/.syncadapter.KeepSyncAdapterService
08-15 09:52:03.715  3739  5460 W GmsBackupTransport: Unknown package in backup request: @pm@
08-15 09:52:03.739  3739  3739 I Auth    : [AuthDelegateWrapper] Service intent: Intent { cmp=com.google.android.gms/.auth.account.authenticator.DefaultAuthDelegateService }.
08-15 09:52:03.748  3739  3739 I Auth    : [AuthDelegateWrapper] Service intent: Intent { cmp=com.google.android.gms/.auth.account.authenticator.DefaultAuthDelegateService }.
08-15 09:52:03.748  3739  3739 I Auth    : [AuthDelegateWrapper] Service intent: Intent { cmp=com.google.android.gms/.auth.account.authenticator.DefaultAuthDelegateService }.
08-15 09:52:03.880  2448  2448 D FirebaseApp: com.google.firebase.auth.FirebaseAuth is not linked. Skipping initialization.
08-15 09:52:03.880  2448  2448 D FirebaseApp: com.google.firebase.iid.FirebaseInstanceId is not linked. Skipping initialization.
08-15 09:52:03.884  2448  2448 D FirebaseApp: com.google.firebase.crash.FirebaseCrash is not linked. Skipping initialization.
08-15 09:52:03.884  2448  2448 D FirebaseApp: com.google.android.gms.measurement.AppMeasurement is not linked. Skipping initialization.
08-15 09:52:03.884  2448  2448 I FirebaseInitProvider: FirebaseApp initialization successful
08-15 09:52:04.019  2448  2448 W InstanceID/Rpc: Found 10012
08-15 09:52:04.064  4005  4005 I PeriodicTasksService: onCreate()
08-15 09:52:04.084  4005  2467 I PeriodicTasksService: onRunTask()
08-15 09:52:04.106  4005  2467 I Delight4Decoder: loadLanguageModel() : USER_HISTORY
08-15 09:52:04.108  4005  2467 I PeriodicTasksService: onRunTask() : Done in 35 ms
08-15 09:52:04.111  4005  4005 I PeriodicTasksService: onDestroy()
08-15 09:52:04.198  1003  4168 I ActivityManager: Start proc 2481:com.google.android.gms:snet/u0a12 for service com.google.android.gms/.security.snet.SnetLaunchIntentService
08-15 09:52:04.203  1003  3816 W AppOps  : Bad call: specified package com.google.android.gms under uid 10083 but it is really 10012
08-15 09:52:04.220  4788  4788 D SnetChimeraService: snet destroyed
08-15 09:52:04.300  2481  2481 I MultiDex: VM with version 2.1.0 has multidex support
08-15 09:52:04.300  2481  2481 I MultiDex: install
08-15 09:52:04.300  2481  2481 I MultiDex: VM has multidex support, MultiDex support library is disabled.
08-15 09:52:04.336  1003  1012 I art     : Background partial concurrent mark sweep GC freed 44144(2MB) AllocSpace objects, 8(352KB) LOS objects, 28% free, 40MB/56MB, paused 941us total 109.527ms
08-15 09:52:04.350  2481  2481 W linker  : /data/app/com.google.android.gms-2/lib/arm64/libgmscore.so: unused DT entry: type 0x7ffffffd arg 0xbaa
08-15 09:52:04.358  2448  2469 I GAv4    : Google Analytics 9.0.80 is starting up. To enable debug logging on a device run:
08-15 09:52:04.358  2448  2469 I GAv4    :   adb shell setprop log.tag.GAv4 DEBUG
08-15 09:52:04.358  2448  2469 I GAv4    :   adb logcat -s GAv4
08-15 09:52:04.364  2481  2481 W linker  : /data/app/com.google.android.gms-2/lib/arm64/libconscrypt_gmscore_jni.so: unused DT entry: type 0x1d arg 0x80
08-15 09:52:04.364  2481  2481 W linker  : /data/app/com.google.android.gms-2/lib/arm64/libconscrypt_gmscore_jni.so: unused DT entry: type 0x7ffffffd arg 0x169
08-15 09:52:04.369  2481  2481 V JNIHelp : Registering com/google/android/gms/org/conscrypt/NativeCrypto's 255 native methods...
08-15 09:52:04.383  2448  2504 W GAv4    : AnalyticsReceiver is not registered or is disabled. Register the receiver for reliable dispatching on non-Google Play devices. See http://goo.gl/8Rd3yj for instructions.
08-15 09:52:04.385  2481  2481 I ProviderInstaller: Installed default security provider GmsCore_OpenSSL
08-15 09:52:04.392  2448  2504 W GAv4    : CampaignTrackingReceiver is not registered, not exported or is disabled. Installation campaign tracking is not possible. See http://goo.gl/8Rd3yj for instructions.
08-15 09:52:04.401  2448  2504 W GAv4    : AnalyticsService not registered in the app manifest. Hits might not be delivered reliably. See http://goo.gl/8Rd3yj for instructions.
08-15 09:52:04.415  2481  2481 D ChimeraCfgMgr: Reading stored module config
08-15 09:52:04.420  7182  7247 E ReconnectCallback: Reconnected to channel :prod.8.eb8b8a4e-6c94-40b6-a43e-edd953b50ea5
08-15 09:52:04.477  3739  5467 I GmsBackupTransport: Http Response Code : 200
08-15 09:52:04.494 29864  1853 E Volley  : [389] k.run: Unhandled exception java.lang.NullPointerException: Attempt to read from field 'java.util.Map com.a.b.c.g' on a null object reference
08-15 09:52:04.494 29864  1853 E Volley  : java.lang.NullPointerException: Attempt to read from field 'java.util.Map com.a.b.c.g' on a null object reference
08-15 09:52:04.494 29864  1853 E Volley  : 	at com.lookout.network.h.c.a(LookoutNetwork.java:137)
08-15 09:52:04.494 29864  1853 E Volley  : 	at com.a.b.k.run(NetworkDispatcher.java:112)
08-15 09:52:04.554  1003  3397 D PerformBackupTask: starting key/value backup of BackupRequest{pkg=com.google.android.talk}
08-15 09:52:04.571  1003  3397 D BackupManagerService: awaiting agent for ApplicationInfo{c6e1e30 com.google.android.talk}
08-15 09:52:04.716  1003  4418 D BackupManagerService: agentConnected pkg=com.google.android.talk agent=android.os.BinderProxy@c7abfcf
08-15 09:52:04.716  1003  3397 I BackupManagerService: got agent android.app.IBackupAgent$Stub$Proxy@fceed5c
08-15 09:52:04.717  1003  3397 D PerformBackupTask: invokeAgentForBackup on com.google.android.talk
08-15 09:52:04.725 32308 32319 D BackupHelperDispatcher: handling existing helper 'shared_prefs' android.app.backup.SharedPreferencesBackupHelper@a61000a
08-15 09:52:04.730  1003  3397 I BackupRestoreController: Getting widget state for user: 0
08-15 09:52:04.744  3739  3739 I Auth    : [AuthDelegateWrapper] Service intent: Intent { cmp=com.google.android.gms/.auth.account.authenticator.DefaultAuthDelegateService }.
08-15 09:52:04.768  4788  2505 I PhenotypeFlagCommitter: Experiment Configs successfully retrieved for com.google.android.metrics
08-15 09:52:04.790  7182  7191 W art     : Suspending all threads took: 5.829ms
08-15 09:52:04.811  4788  2501 I PhenotypeFlagCommitter: Experiment Configs successfully retrieved for com.google.android.metrics
08-15 09:52:05.089  2481  2506 D NativeLibraryUtils: Install completed successfully. count=19 extracted=0
08-15 09:52:05.153  3739  5460 I GmsBackupTransport: Http Response Code : 200
08-15 09:52:05.254  3739  5460 E GmsBackupTransport: Server policy rejection: 
08-15 09:52:05.254  3739  5460 E GmsBackupTransport: fej: server error in app com.google.android.talk: code 7
08-15 09:52:05.254  3739  5460 E GmsBackupTransport: 	at fcc.a(:com.google.android.gms:336)
08-15 09:52:05.254  3739  5460 E GmsBackupTransport: 	at com.google.android.gms.backup.BackupTransportChimeraService.a(:com.google.android.gms:1228)
08-15 09:52:05.254  3739  5460 E GmsBackupTransport: 	at fck.a(:com.google.android.gms:463)
08-15 09:52:05.254  3739  5460 E GmsBackupTransport: 	at fck.finishBackup(:com.google.android.gms:429)
08-15 09:52:05.254  3739  5460 E GmsBackupTransport: 	at android.app.backup.BackupTransport$TransportImpl.finishBackup(BackupTransport.java:583)
08-15 09:52:05.254  3739  5460 E GmsBackupTransport: 	at com.android.internal.backup.IBackupTransport$Stub.onTransact(IBackupTransport.java:162)
08-15 09:52:05.254  3739  5460 E GmsBackupTransport: 	at android.os.Binder.execTransact(Binder.java:453)
08-15 09:52:05.264  3739  3739 I Auth    : [AuthDelegateWrapper] Service intent: Intent { cmp=com.google.android.gms/.auth.account.authenticator.DefaultAuthDelegateService }.
08-15 09:52:05.350  2448  2469 V GoogleSignatureVerifier: com.google.android.gms signature not valid.  Found: 
08-15 09:52:05.350  2448  2469 V GoogleSignatureVerifier: MIIEQzCCAyugAwIBAgIJAMLgh0ZkSjCNMA0GCSqGSIb3DQEBBAUAMHQxCzAJBgNVBAYTAlVTMRMw
08-15 09:52:05.350  2448  2469 V GoogleSignatureVerifier: EQYDVQQIEwpDYWxpZm9ybmlhMRYwFAYDVQQHEw1Nb3VudGFpbiBWaWV3MRQwEgYDVQQKEwtHb29n
08-15 09:52:05.350  2448  2469 V GoogleSignatureVerifier: bGUgSW5jLjEQMA4GA1UECxMHQW5kcm9pZDEQMA4GA1UEAxMHQW5kcm9pZDAeFw0wODA4MjEyMzEz
08-15 09:52:05.350  2448  2469 V GoogleSignatureVerifier: MzRaFw0zNjAxMDcyMzEzMzRaMHQxCzAJBgNVBAYTAlVTMRMwEQYDVQQIEwpDYWxpZm9ybmlhMRYw
08-15 09:52:05.350  2448  2469 V GoogleSignatureVerifier: FAYDVQQHEw1Nb3VudGFpbiBWaWV3MRQwEgYDVQQKEwtHb29nbGUgSW5jLjEQMA4GA1UECxMHQW5k
08-15 09:52:05.350  2448  2469 V GoogleSignatureVerifier: cm9pZDEQMA4GA1UEAxMHQW5kcm9pZDCCASAwDQYJKoZIhvcNAQEBBQADggENADCCAQgCggEBAKtW
08-15 09:52:05.350  2448  2469 V GoogleSignatureVerifier: LgDYO6IIrgqWbxJOKdoR8qtW0I9Y4sypEwPpt1TTcvZApxsdyxMJZ2JORland2qSGT2y5b+3JKke
08-15 09:52:05.350  2448  2469 V GoogleSignatureVerifier: dxiLDmpHpDsz2WCbdxgxRczfey5YZnTJ4VZbH0xqWVW/8lGmPav5xVwnIiJS6HXk+BVKZF+JcWjA
08-15 09:52:05.350  2448  2469 V GoogleSignatureVerifier: sb/GEuq/eFdpuzSqeYTcfi6idkyugwfYwXFU1+5fZKUaRKYCwkkFQVfcAs1fXA5V+++FGfvjJ/Cx
08-15 09:52:05.350  2448  2469 V GoogleSignatureVerifier: URaSxaBvGdGDhfXE28LWuT9ozCl5xw4Yq5OGazvV24mZVSoOO0yZ31j7kYvtwYK6NeADwbSxDdJE
08-15 09:52:05.350  2448  2469 V GoogleSignatureVerifier: qO4k//0zOHKrUiGYXtqw/A0LFFtqoZKFjnkCAQOjgdkwgdYwHQYDVR0OBBYEFMd9jMIhF1Ylmn/T
08-15 09:52:05.350  2448  2469 V GoogleSignatureVerifier: gt9r45jk14alMIGmBgNVHSMEgZ4wgZuAFMd9jMIhF1Ylmn/Tgt9r45jk14aloXikdjB0MQswCQYD
08-15 09:52:05.350  2448  2469 V GoogleSignatureVerifier: VQQGEwJVUzETMBEGA1UECBMKQ2FsaWZvcm5pYTEWMBQGA1UEBxMNTW91bnRhaW4gVmlldzEUMBIG
08-15 09:52:05.350  2448  2469 V GoogleSignatureVerifier: A1UEChMLR29vZ2xlIEluYy4xEDAOBgNVBAsTB0FuZHJvaWQxEDAOBgNVBAMTB0FuZHJvaWSCCQDC
08-15 09:52:05.350  2448  2469 V GoogleSignatureVerifier: 4IdGZEowjTAMBgNVHRMEBTADAQH/MA0GCSqGSIb3DQEBBAUAA4IBAQBt0lLO74UwLDYKqs6Tm8/y
08-15 09:52:05.350  2448  2469 V GoogleSignatureVerifier: zKkEu116FmH4rkaymUIE0P9KaMftGlMexFlaYjzmB2OxZyl6euNXEsQH8gjwyxCUKRJNexBiGcCE
08-15 09:52:05.350  2448  2469 V GoogleSignatureVerifier: yj6z+a1fuHHvkiaai+KL8W1EyNmgjmyy8AW7P+LLlkR+ho5zEHatRbM/YAnqGcFh5iZBqpknHf1S
08-15 09:52:05.350  2448  2469 V GoogleSignatureVerifier: KMXFh4dd239FJ1jWYfbMDMy3NS5CTMQ2XFI1MvcyUTdZPErjQfTbQe3aDQsQcafEQPD+nqActifK
08-15 09:52:05.350  2448  2469 V GoogleSignatureVerifier: Z0Np0IS9L9kR/wbNvyz6ENwPiTrjV2KRkEjH78ZMcUQXg0L3BYHJ3lc69Vs5Ddf9uUGGMYldX3Wf
08-15 09:52:05.350  2448  2469 V GoogleSignatureVerifier: MBEmh/9iFBDAaTCK
08-15 09:52:05.543  2481  2509 D com.google.android.snet.Snet: Hi Snet!
08-15 09:52:05.636  3739  5460 I GmsBackupTransport: Http Response Code : 200
08-15 09:52:05.705  1003  3397 D PerformBackupTask: starting key/value backup of BackupRequest{pkg=com.google.android.apps.docs}
08-15 09:52:05.717  1003  3397 I ActivityManager: Start proc 2554:com.google.android.apps.docs/u0a43 for backup com.google.android.apps.docs/.app.backup.BackupAgent
08-15 09:52:05.718  1003  3397 D BackupManagerService: awaiting agent for ApplicationInfo{ed6658c com.google.android.apps.docs}
08-15 09:52:05.930  2553  2553 D AndroidRuntime: >>>>>> START com.android.internal.os.RuntimeInit uid 2000 <<<<<<
08-15 09:52:05.936  2553  2553 D AndroidRuntime: CheckJNI is OFF
08-15 09:52:05.966  2553  2553 D ICU     : No timezone override file found: /data/misc/zoneinfo/current/icu/icu_tzdata.dat
08-15 09:52:06.230  2553  2553 I Radio-JNI: register_android_hardware_Radio DONE
08-15 09:52:06.327  2553  2553 D AndroidRuntime: Calling main entry com.android.commands.pm.Pm
08-15 09:52:06.450  1003  1304 I ActivityManager: Start proc 2578:com.android.defcontainer/u0a7 for service com.android.defcontainer/.DefaultContainerService
08-15 09:52:06.919  4005  4005 I LatinIme: abortComposing()
08-15 09:52:06.963  4005  4005 I LatinIme: onDeactivate()
08-15 09:52:06.964  4005  4005 I ClearcutLoggerManager: onFinishInput()
08-15 09:52:06.992  4788  2549 I PhenotypeFlagCommitter: Experiment Configs successfully retrieved for com.google.android.metrics
08-15 09:52:07.139  2578  2588 D DefContainer: Copying /data/local/tmp/android-armv7-debug.apk to base.apk
08-15 09:52:07.705  4788  2610 I PhenotypeFlagCommitter: Experiment Configs successfully retrieved for com.google.android.metrics
08-15 09:52:07.735  4788  2608 I PhenotypeFlagCommitter: Experiment Configs successfully retrieved for com.google.android.metrics
08-15 09:52:07.900  2554  2628 I GAv4    : Google Analytics 8.4.87 is starting up. To enable debug logging on a device run:
08-15 09:52:07.900  2554  2628 I GAv4    :   adb shell setprop log.tag.GAv4 DEBUG
08-15 09:52:07.900  2554  2628 I GAv4    :   adb logcat -s GAv4
08-15 09:52:07.921  2554  2628 W GAv4    : AnalyticsReceiver is not registered or is disabled. Register the receiver for reliable dispatching on non-Google Play devices. See http://goo.gl/8Rd3yj for instructions.
08-15 09:52:07.954  2554  2628 W GAv4    : CampaignTrackingReceiver is not registered, not exported or is disabled. Installation campaign tracking is not possible. See http://goo.gl/8Rd3yj for instructions.
08-15 09:52:07.988  2554  2644 W GAv4    : AnalyticsService not registered in the app manifest. Hits might not be delivered reliably. See http://goo.gl/8Rd3yj for instructions.
08-15 09:52:08.388  4788  2661 I PhenotypeFlagCommitter: Experiment Configs successfully retrieved for com.google.android.metrics
08-15 09:52:08.417  4788  2658 I PhenotypeFlagCommitter: Experiment Configs successfully retrieved for com.google.android.metrics
08-15 09:52:08.740  2448  2460 W art     : Suspending all threads took: 26.547ms
08-15 09:52:08.814  1003 23729 D BackupManagerService: agentConnected pkg=com.google.android.apps.docs agent=android.os.BinderProxy@bfc6ffd
08-15 09:52:08.815  1003  3397 I BackupManagerService: got agent android.app.IBackupAgent$Stub$Proxy@f48f4f2
08-15 09:52:08.815  1003  3397 D PerformBackupTask: invokeAgentForBackup on com.google.android.apps.docs
08-15 09:52:08.817  2554  2566 D BackupHelperDispatcher: handling existing helper 'prefs' android.app.backup.SharedPreferencesBackupHelper@831c483
08-15 09:52:08.832  4788  2681 I PhenotypeFlagCommitter: Experiment Configs successfully retrieved for com.google.android.metrics
08-15 09:52:08.838  1003  3397 I BackupRestoreController: Getting widget state for user: 0
08-15 09:52:08.849  3739  3739 I Auth    : [AuthDelegateWrapper] Service intent: Intent { cmp=com.google.android.gms/.auth.account.authenticator.DefaultAuthDelegateService }.
08-15 09:52:08.857  4788  2683 I PhenotypeFlagCommitter: Experiment Configs successfully retrieved for com.google.android.metrics
08-15 09:52:08.887  1003  3440 I ProcessStatsService: Added stats: 2016-08-14-22-08-41, over +3h0m38s9ms
08-15 09:52:08.901  1003  3440 I ProcessStatsService: Added stats: 2016-08-14-19-01-05, over +2h49m26s70ms
08-15 09:52:08.911  1003  3440 I ProcessStatsService: Added stats: 2016-08-14-14-56-30, over +4h4m36s258ms
08-15 09:52:08.921  1003  3440 I ProcessStatsService: Added stats: 2016-08-14-11-24-03, over +3h32m28s804ms
08-15 09:52:08.925  1003  3440 I ProcessStatsService: Added stats: 2016-08-14-07-33-01, over +3h51m2s349ms
08-15 09:52:08.932  1003  3440 I ProcessStatsService: Added stats: 2016-08-14-02-54-00, over +4h39m0s600ms
08-15 09:52:09.286  3739  5463 I GmsBackupTransport: Http Response Code : 200
08-15 09:52:09.291  1003  3397 D PerformBackupTask: starting key/value backup of BackupRequest{pkg=com.google.android.dialer}
08-15 09:52:09.292  1003  3397 D BackupManagerService: awaiting agent for ApplicationInfo{923049f com.google.android.dialer}
08-15 09:52:09.348  1003  1014 D BackupManagerService: agentConnected pkg=com.google.android.dialer agent=android.os.BinderProxy@14b99ec
08-15 09:52:09.348  1003  3397 I BackupManagerService: got agent android.app.IBackupAgent$Stub$Proxy@e9ea1b5
08-15 09:52:09.348  1003  3397 D PerformBackupTask: invokeAgentForBackup on com.google.android.dialer
08-15 09:52:09.350  1233  1243 D BackupHelperDispatcher: handling existing helper 'shared_pref' android.app.backup.SharedPreferencesBackupHelper@3fa6a22
08-15 09:52:09.352  1003  3397 I BackupRestoreController: Getting widget state for user: 0
08-15 09:52:09.353  1003  3397 D PerformBackupTask: starting key/value backup of BackupRequest{pkg=com.google.android.videos}
08-15 09:52:09.370  1003  3397 I ActivityManager: Start proc 2703:com.google.android.videos/u0a72 for backup com.google.android.videos/.service.backup.VideosBackupAgent
08-15 09:52:09.370  1003  3397 D BackupManagerService: awaiting agent for ApplicationInfo{5ce304a com.google.android.videos}
08-15 09:52:09.551  1003  1012 I art     : Background partial concurrent mark sweep GC freed 167261(9MB) AllocSpace objects, 60(3MB) LOS objects, 27% free, 42MB/58MB, paused 1.050ms total 136.135ms
08-15 09:52:09.733  2703  2703 I MediaRouter: Found default route: MediaRouter.RouteInfo{ uniqueId=android/.support.v7.media.SystemMediaRouteProvider:DEFAULT_ROUTE, name=Phone, description=null, iconUri=null, enabled=true, connecting=false, connectionState=0, canDisconnect=false, playbackType=0, playbackStream=3, deviceType=0, volumeHandling=1, volume=11, volumeMax=15, presentationDisplayId=-1, extras=null, settingsIntent=null, providerPackageName=android }
08-15 09:52:10.062  1003  1304 I PackageManager.DexOptimizer: Running dexopt (dex2oat) on: /data/app/vmdl1915666832.tmp/base.apk pkg=com.zipcommute.doctoroncall isa=arm vmSafeMode=false debuggable=true oatDir = /data/app/vmdl1915666832.tmp/oat bootComplete=true
08-15 09:52:10.088  2251  2251 I ServiceManager: Waiting for service AtCmdFwd...
08-15 09:52:10.212  2734  2734 I dex2oat : /system/bin/dex2oat -j2 --debuggable
08-15 09:52:10.313  1003 23729 I ActivityManager: Start proc 2740:com.android.vending/u0a22 for service com.android.vending/com.google.android.finsky.services.ContentFiltersService
08-15 09:52:10.430  2740  2740 W System  : ClassLoader referenced unknown path: /data/app/com.android.vending-2/lib/arm64
08-15 09:52:10.441  1003  1013 D BackupManagerService: agentConnected pkg=com.google.android.videos agent=android.os.BinderProxy@13439b
08-15 09:52:10.441  1003  3397 I BackupManagerService: got agent android.app.IBackupAgent$Stub$Proxy@baf3338
08-15 09:52:10.442  1003  3397 D PerformBackupTask: invokeAgentForBackup on com.google.android.videos
08-15 09:52:10.451  2703  2714 I PlayMovies: VideosBackupAgent.onBackup:51 backup
08-15 09:52:10.451  2703  2714 I PlayMovies: 
08-15 09:52:10.463  2703  2714 D BackupHelperDispatcher: handling existing helper 'prefs' android.app.backup.SharedPreferencesBackupHelper@7d75b1
08-15 09:52:10.486  2703  2753 D PlayMovies: PersistentCache.cleanup:106 Cache is below limit, no need to shrink: [size=0, limit=5242880]
08-15 09:52:10.486  2703  2753 D PlayMovies: 
08-15 09:52:10.490  1003  3397 I BackupRestoreController: Getting widget state for user: 0
08-15 09:52:10.494  1003  3397 D PerformBackupTask: starting key/value backup of BackupRequest{pkg=com.android.providers.settings}
08-15 09:52:10.496  2703  2703 D PlayMovies: TransferService.onCreate:60 creating transfer service
08-15 09:52:10.496  2703  2703 D PlayMovies: 
08-15 09:52:10.497  1003  3397 D BackupManagerService: awaiting agent for ApplicationInfo{cf7c876 com.android.providers.settings}
08-15 09:52:10.503  1003  1003 D BackupManagerService: agentConnected pkg=com.android.providers.settings agent=android.app.backup.BackupAgent$BackupServiceBinder@5d87e77
08-15 09:52:10.504  1003  3397 I BackupManagerService: got agent android.app.backup.BackupAgent$BackupServiceBinder@5d87e77
08-15 09:52:10.504  1003  3397 D PerformBackupTask: invokeAgentForBackup on com.android.providers.settings
08-15 09:52:10.562  1003  3397 I BackupRestoreController: Getting widget state for user: 0
08-15 09:52:10.644  1003  4566 I ActivityManager: Start proc 2770:com.google.android.youtube/u0a75 for service com.google.android.youtube/com.google.android.libraries.youtube.common.gcore.gcoreclient.gcm.impl.GcmTaskServiceDelegator
08-15 09:52:10.755  3739  3739 I Auth    : [AuthDelegateWrapper] Service intent: Intent { cmp=com.google.android.gms/.auth.account.authenticator.DefaultAuthDelegateService }.
08-15 09:52:10.835  2703  2768 W VideoCapabilities: Unrecognized profile 2130706433 for video/avc
08-15 09:52:10.972 30617  2783 I GHttpClientFactory: Using our fixed implementation of GMSCore's GoogleHttpClient
08-15 09:52:10.972 30617  2783 I GoogleURLConnFactory: Using platform SSLCertificateSocketFactory
08-15 09:52:10.984  2703  2785 I PlayMovies: GservicesConfig.preferModularDrm:1103 force_prefer_modular_drm
08-15 09:52:10.984  2703  2785 I PlayMovies: 
08-15 09:52:11.087  3739  5467 I GmsBackupTransport: Http Response Code : 200
08-15 09:52:11.088  2251  2251 I ServiceManager: Waiting for service AtCmdFwd...
08-15 09:52:11.147  2770  2792 W linker  : /data/app/com.google.android.gms-2/lib/arm64/libgmscore.so: unused DT entry: type 0x7ffffffd arg 0xbaa
08-15 09:52:11.158  2703  2768 I VideoCapabilities: Unsupported profile 4 for video/mp4v-es
08-15 09:52:11.160  1003  3397 D PerformBackupTask: starting key/value backup of BackupRequest{pkg=com.android.sharedstoragebackup}
08-15 09:52:11.175  1003  3397 I PerformBackupTask: Package com.android.sharedstoragebackup no longer supports backup; skipping
08-15 09:52:11.183  1003  3397 D PerformBackupTask: starting key/value backup of BackupRequest{pkg=com.android.chrome}
08-15 09:52:11.187  1003  3397 D BackupManagerService: awaiting agent for ApplicationInfo{8f5de81 com.android.chrome}
08-15 09:52:11.211  2770  2792 W linker  : /data/app/com.google.android.gms-2/lib/arm64/libconscrypt_gmscore_jni.so: unused DT entry: type 0x1d arg 0x80
08-15 09:52:11.212  2770  2792 W linker  : /data/app/com.google.android.gms-2/lib/arm64/libconscrypt_gmscore_jni.so: unused DT entry: type 0x7ffffffd arg 0x169
08-15 09:52:11.217  2770  2792 V JNIHelp : Registering com/google/android/gms/org/conscrypt/NativeCrypto's 255 native methods...
08-15 09:52:11.221  2703  2785 I PlayMovies: GservicesConfig.supportsAdaptivePlayback:1145 decoderInfo.adaptive true
08-15 09:52:11.221  2703  2785 I PlayMovies: 
08-15 09:52:11.223  2703  2785 I PlayMovies: GservicesConfig.useDashForStreaming:1078 true
08-15 09:52:11.223  2703  2785 I PlayMovies: 
08-15 09:52:11.238  2770  2792 I ProviderInstaller: Installed default security provider GmsCore_OpenSSL
08-15 09:52:11.258  2770  2794 D ChimeraCfgMgr: Reading stored module config
08-15 09:52:11.306  1003  3468 D BackupManagerService: agentConnected pkg=com.android.chrome agent=android.os.BinderProxy@e538e80
08-15 09:52:11.306  1003  3397 I BackupManagerService: got agent android.app.IBackupAgent$Stub$Proxy@5fedcb9
08-15 09:52:11.306  1003  3397 D PerformBackupTask: invokeAgentForBackup on com.android.chrome
08-15 09:52:11.324  1003  3397 I BackupRestoreController: Getting widget state for user: 0
08-15 09:52:11.325  1003  3397 D PerformBackupTask: starting key/value backup of BackupRequest{pkg=com.google.android.apps.books}
08-15 09:52:11.325  1003  3397 I PerformBackupTask: Package com.google.android.apps.books requests full-data rather than key/value; skipping
08-15 09:52:11.325  1003  3397 D PerformBackupTask: starting key/value backup of BackupRequest{pkg=com.google.android.gm}
08-15 09:52:11.327  1003  3397 D BackupManagerService: awaiting agent for ApplicationInfo{4da88fe com.google.android.gm}
08-15 09:52:11.333  2770  2794 D ChimeraFileApk: Primary ABI of requesting process is arm64-v8a
08-15 09:52:11.337  2770  2794 D ChimeraFileApk: Classloading successful. Optimized code found.
08-15 09:52:11.344  2770  2794 D DynamitePackage: Instantiated singleton DynamitePackage.
08-15 09:52:11.352  2770  2794 D DynamitePackage: Instantiating com.google.android.gms.ads.adshield.ChimeraAdShieldCreatorImpl
08-15 09:52:11.429  1003  3816 D BackupManagerService: agentConnected pkg=com.google.android.gm agent=android.os.BinderProxy@cd2370a
08-15 09:52:11.429  1003  3397 I BackupManagerService: got agent android.app.IBackupAgent$Stub$Proxy@e02ab7b
08-15 09:52:11.429  1003  3397 D PerformBackupTask: invokeAgentForBackup on com.google.android.gm
08-15 09:52:11.468 30617 30617 D MusicLifecycle: com.google.android.music.sync.SyncAdapterService generated event: Service created
08-15 09:52:11.542 30617 30617 I GHttpClientFactory: Using our fixed implementation of GMSCore's GoogleHttpClient
08-15 09:52:11.542 30617 30617 I GoogleURLConnFactory: Using platform SSLCertificateSocketFactory
08-15 09:52:11.905  1003  4168 W AppOps  : Bad call: specified package com.google.android.gms under uid 10083 but it is really 10012
08-15 09:52:11.945  2740  2740 I Finsky  : [1] com.google.android.finsky.services.DailyHygiene.a(225): No need to run daily hygiene.
08-15