08-15 01:58:02.055  1003  1175 I WindowManager: Screen frozen for +282ms due to Window{79e549f u0 com.google.android.youtube/com.google.android.apps.youtube.app.WatchWhileActivity}
08-15 01:58:31.580  1003  3440 D WifiService: acquireWifiLockLocked: WifiLock{NlpWifiLock type=2 binder=android.os.BinderProxy@4b7f9af}
08-15 01:58:31.649  1003  4565 D WifiService: releaseWifiLockLocked: WifiLock{NlpWifiLock type=2 binder=android.os.BinderProxy@4b7f9af}
08-15 01:59:33.608  1003  1017 I ActivityManager: Config changes=480 {1.0 310mcc410mnc en_US ldltr sw411dp w411dp h659dp 560dpi nrml port finger -keyb/v/h -nav/h s.67}
08-15 01:59:34.003  1003  1175 I WindowManager: Screen frozen for +434ms due to Window{79e549f u0 com.google.android.youtube/com.google.android.apps.youtube.app.WatchWhileActivity}
08-15 01:59:40.542  1003  1016 E KernelCpuSpeedReader: Failed to read cpu-freq: /sys/devices/system/cpu/cpu4/cpufreq/stats/time_in_state: open failed: ENOENT (No such file or directory)
08-15 01:59:40.580  1003  1018 E KernelCpuSpeedReader: Failed to read cpu-freq: /sys/devices/system/cpu/cpu4/cpufreq/stats/time_in_state: open failed: ENOENT (No such file or directory)
08-15 02:02:04.178  1003  3816 I ActivityManager: Config changes=480 {1.0 310mcc410mnc en_US ldltr sw411dp w683dp h387dp 560dpi nrml land finger -keyb/v/h -nav/h s.68}
08-15 02:02:04.375  1003  1175 I WindowManager: Screen frozen for +229ms due to Window{79e549f u0 com.google.android.youtube/com.google.android.apps.youtube.app.WatchWhileActivity}
08-15 02:02:05.715  1003  1017 I ActivityManager: Config changes=480 {1.0 310mcc410mnc en_US ldltr sw411dp w411dp h659dp 560dpi nrml port finger -keyb/v/h -nav/h s.69}
08-15 02:02:05.915  1003  1175 I WindowManager: Screen frozen for +239ms due to Window{79e549f u0 com.google.android.youtube/com.google.android.apps.youtube.app.WatchWhileActivity}
08-15 02:02:14.865  1003  1016 E KernelCpuSpeedReader: Failed to read cpu-freq: /sys/devices/system/cpu/cpu4/cpufreq/stats/time_in_state: open failed: ENOENT (No such file or directory)
08-15 02:02:14.904  1003  1018 E KernelCpuSpeedReader: Failed to read cpu-freq: /sys/devices/system/cpu/cpu4/cpufreq/stats/time_in_state: open failed: ENOENT (No such file or directory)
08-15 02:02:25.746  1003  4565 W InputMethodManagerService: Window already focused, ignoring focus gain of: com.android.internal.view.IInputMethodClient$Stub$Proxy@bf87c87 attribute=null, token = android.os.BinderProxy@e83fe3e
08-15 02:02:32.766  1003  3816 W InputMethodManagerService: Window already focused, ignoring focus gain of: com.android.internal.view.IInputMethodClient$Stub$Proxy@da7e34e attribute=null, token = android.os.BinderProxy@e83fe3e
08-15 02:02:53.736  1003  3371 D ConnectivityService: notifyType CAP_CHANGED for NetworkAgentInfo [WIFI () - 101]
08-15 02:02:56.767  1003  3371 D ConnectivityService: notifyType CAP_CHANGED for NetworkAgentInfo [WIFI () - 101]
08-15 02:02:59.133  1003  1017 I ActivityManager: Config changes=480 {1.0 310mcc410mnc en_US ldltr sw411dp w683dp h387dp 560dpi nrml land finger -keyb/v/h -nav/h s.70}
08-15 02:02:59.301  1003  1175 I WindowManager: Screen frozen for +207ms due to Window{79e549f u0 com.google.android.youtube/com.google.android.apps.youtube.app.WatchWhileActivity}
08-15 02:02:59.779  1003  3371 D ConnectivityService: notifyType CAP_CHANGED for NetworkAgentInfo [WIFI () - 101]
08-15 02:03:32.036  1003  4417 D WifiService: acquireWifiLockLocked: WifiLock{NlpWifiLock type=2 binder=android.os.BinderProxy@58b20ae}
08-15 02:03:32.050  1003  4564 D WifiService: acquireWifiLockLocked: WifiLock{NlpWifiLock type=2 binder=android.os.BinderProxy@5b129dc}
08-15 02:03:32.130  1003  4313 D WifiService: releaseWifiLockLocked: WifiLock{NlpWifiLock type=2 binder=android.os.BinderProxy@58b20ae}
08-15 02:03:32.730  1003  1013 D WifiService: releaseWifiLockLocked: WifiLock{NlpWifiLock type=2 binder=android.os.BinderProxy@5b129dc}
08-15 02:03:42.096  1003  3371 D ConnectivityService: notifyType CAP_CHANGED for NetworkAgentInfo [WIFI () - 101]
08-15 02:03:45.124  1003  3371 D ConnectivityService: notifyType CAP_CHANGED for NetworkAgentInfo [WIFI () - 101]
08-15 02:03:54.193  1003  3371 D ConnectivityService: notifyType CAP_CHANGED for NetworkAgentInfo [WIFI () - 101]
08-15 02:03:57.224  1003  3371 D ConnectivityService: notifyType CAP_CHANGED for NetworkAgentInfo [WIFI () - 101]
08-15 02:04:00.253  1003  3371 D ConnectivityService: notifyType CAP_CHANGED for NetworkAgentInfo [WIFI () - 101]
08-15 02:04:06.295  1003  3371 D ConnectivityService: notifyType CAP_CHANGED for NetworkAgentInfo [WIFI () - 101]
08-15 02:04:19.803  1003  1017 I ActivityManager: Config changes=480 {1.0 310mcc410mnc en_US ldltr sw411dp w411dp h659dp 560dpi nrml port finger -keyb/v/h -nav/h s.71}
08-15 02:04:19.987  1003  1175 I WindowManager: Screen frozen for +215ms due to Window{79e549f u0 com.google.android.youtube/com.google.android.apps.youtube.app.WatchWhileActivity}
08-15 02:04:21.431  1003  3371 D ConnectivityService: notifyType CAP_CHANGED for NetworkAgentInfo [WIFI () - 101]
08-15 02:04:26.173  1003  3440 W InputMethodManagerService: Window already focused, ignoring focus gain of: com.android.internal.view.IInputMethodClient$Stub$Proxy@e913f22 attribute=null, token = android.os.BinderProxy@e83fe3e
08-15 02:04:59.446  1003  3370 E WiFiServiceImpl : CONNECT  nid=11 uid=10027 name=android.uid.systemui:10027
08-15 02:04:59.446  1003  3370 D WifiService: Connect with networkId11
08-15 02:04:59.615  1003  3371 D ConnectivityService: NetworkAgentInfo [WIFI () - 101] EVENT_NETWORK_INFO_CHANGED, going from CONNECTED to DISCONNECTED
08-15 02:04:59.616  1003  3371 D ConnectivityService: NetworkAgentInfo [WIFI () - 101] got DISCONNECTED, was satisfying 10
08-15 02:04:59.674  1003  1016 I ActivityManager: Start proc 15681:com.htc.sense.hsp/u0a103 for broadcast com.htc.sense.hsp/.weather.location.HtcNLPSwitchReceiver
08-15 02:04:59.679  1003  3371 D ConnectivityService: notifyType LOST for NetworkAgentInfo [WIFI () - 101]
08-15 02:04:59.689  1003  3371 I Nat464Xlat: Stopping clatd
08-15 02:04:59.728  1003  3371 E Nat464Xlat: Error stopping clatd: java.lang.IllegalStateException: command '1980 clatd stop wlan0' failed with '400 1980 Clatd operation failed'
08-15 02:04:59.880  1003  3371 D CSLegacyTypeTracker: Sending DISCONNECTED broadcast for type 1 NetworkAgentInfo [WIFI () - 101] isDefaultNetwork=true
08-15 02:04:59.880  1003  3371 D ConnectivityService: sendStickyBroadcast: action=android.net.conn.CONNECTIVITY_CHANGE
08-15 02:05:00.047  1003  3369 D ConnectivityService: registerNetworkAgent NetworkAgentInfo{ ni{[type: WIFI[], state: CONNECTING/CONNECTING, reason: (unspecified), extra: "ISALS_Ground", roaming: false, failover: false, isAvailable: true]}  network{103}  lp{{InterfaceName: wlan0 LinkAddresses: []  Routes: [] DnsAddresses: [] Domains: null MTU: 0 TcpBufferSizes: 524288,2097152,4194304,262144,524288,1048576}}  nc{[ Transports: WIFI Capabilities: INTERNET&NOT_RESTRICTED&TRUSTED&NOT_VPN LinkUpBandwidth>=1048576Kbps LinkDnBandwidth>=1048576Kbps]}  Score{20}  everValidated{false}  lastValidated{false}  created{false} lingering{false} explicitlySelected{false} acceptUnvalidated{false} everCaptivePortalDetected{false} lastCaptivePortalDetected{false} }
08-15 02:05:00.070  1003  3371 E ConnectivityService: EVENT_NETWORK_INFO_CHANGED from unknown NetworkAgent
08-15 02:05:00.070  1003  3371 D ConnectivityService: NetworkAgentInfo [WIFI () - 103] EVENT_NETWORK_INFO_CHANGED, going from null to CONNECTING
08-15 02:05:00.262  1003  4417 D ConnectivityService: setProvNotificationVisible: E visible=false networkType=0 action=com.android.internal.telephony.PROVISION0
08-15 02:05:00.262  1003  4417 D ConnectivityService: setProvNotificationVisibleIntent SIGN_IN visible=false networkType=MOBILE extraInfo=null highPriority=false
08-15 02:05:00.264  1003  4313 D ConnectivityService: registerNetworkAgent NetworkAgentInfo{ ni{[type: MOBILE[LTE], state: CONNECTED/CONNECTED, reason: connected, extra: nxtgenphone, roaming: false, failover: false, isAvailable: true]}  network{104}  lp{{InterfaceName: rmnet_data0 LinkAddresses: [10.251.24.178/30,]  Routes: [0.0.0.0/0 -> 10.251.24.177 rmnet_data0,] DnsAddresses: [172.26.38.1,] Domains: null MTU: 1430 TcpBufferSizes: 524288,1048576,8388608,262144,524288,4194304}}  nc{[ Transports: CELLULAR Capabilities: MMS&SUPL&FOTA&INTERNET&NOT_RESTRICTED&TRUSTED&NOT_VPN LinkUpBandwidth>=51200Kbps LinkDnBandwidth>=102400Kbps Specifier: <1>]}  Score{10}  everValidated{false}  lastValidated{false}  created{false} lingering{false} explicitlySelected{false} acceptUnvalidated{false} everCaptivePortalDetected{false} lastCaptivePortalDetected{false} }
08-15 02:05:00.265  1003  3371 D ConnectivityService: NetworkAgentInfo [MOBILE (LTE) - 104] EVENT_NETWORK_INFO_CHANGED, going from null to CONNECTED
08-15 02:05:00.614  1003  4417 D WifiService: setWifiEnabled: false pid=3449, uid=10027
08-15 02:05:00.614  1003  4417 E WifiService: Invoking mWifiStateMachine.setWifiEnabled
08-15 02:05:01.049  1003  1013 D WifiService: setWifiEnabled: false pid=3449, uid=10027
08-15 02:05:01.049  1003  1013 E WifiService: Invoking mWifiStateMachine.setWifiEnabled
08-15 02:05:01.194  1003  3367 E NetdConnector: NDC Command {1983 bandwidth removeiquota rmnet_data0} took too long (1273ms)
08-15 02:05:01.196  1003  3371 E NetdConnector: NDC Command {1985 network create 104} took too long (931ms)
08-15 02:05:01.196  1003  3369 E NetdConnector: NDC Command {1984 interface ipv6 wlan0 enable} took too long (1120ms)
08-15 02:05:01.196  1003  3371 D ConnectivityService: Adding iface rmnet_data0 to network 104
08-15 02:05:01.227  1003  3371 D ConnectivityService: Setting MTU size: rmnet_data0, 1430
08-15 02:05:01.231  1003  3371 D ConnectivityService: Adding Route [0.0.0.0/0 -> 10.251.24.177 rmnet_data0] to network 104
08-15 02:05:01.237  1003  3371 D ConnectivityService: Setting Dns servers for network 104 to [/172.26.38.1]
08-15 02:05:01.262  1003  3371 D ConnectivityService: notifyType IP_CHANGED for NetworkAgentInfo [MOBILE (LTE) - 104]
08-15 02:05:01.272  1003  3371 D ConnectivityService: scheduleUnvalidatedPrompt 104
08-15 02:05:01.273  1003  3371 D ConnectivityService: updateSignalStrengthThresholds: CONNECT, sending [] to NetworkAgentInfo [MOBILE (LTE) - 104]
08-15 02:05:01.273  1003  3371 D ConnectivityService: rematch for NetworkAgentInfo [MOBILE (LTE) - 104]
08-15 02:05:01.273  1003  3371 D ConnectivityService:    accepting network in place of null
08-15 02:05:01.273  1003  3371 D ConnectivityService: Switching to new default network: NetworkAgentInfo{ ni{[type: MOBILE[LTE], state: CONNECTED/CONNECTED, reason: connected, extra: nxtgenphone, roaming: false, failover: false, isAvailable: true]}  network{104}  lp{{InterfaceName: rmnet_data0 LinkAddresses: [10.251.24.178/30,]  Routes: [0.0.0.0/0 -> 10.251.24.177 rmnet_data0,] DnsAddresses: [172.26.38.1,] Domains: null MTU: 1430 TcpBufferSizes: 524288,1048576,8388608,262144,524288,4194304}}  nc{[ Transports: CELLULAR Capabilities: MMS&SUPL&FOTA&INTERNET&NOT_RESTRICTED&TRUSTED&NOT_VPN LinkUpBandwidth>=51200Kbps LinkDnBandwidth>=102400Kbps Specifier: <1>]}  Score{10}  everValidated{false}  lastValidated{false}  created{true} lingering{false} explicitlySelected{false} acceptUnvalidated{false} everCaptivePortalDetected{false} lastCaptivePortalDetected{false} }
08-15 02:05:01.277  1003  3371 D ConnectivityService: Setting tx/rx TCP buffers to 524288,1048576,8388608,262144,524288,4194304
08-15 02:05:01.291  1003  3371 D CSLegacyTypeTracker: Sending CONNECTED broadcast for type 0 NetworkAgentInfo [MOBILE (LTE) - 104] isDefaultNetwork=true
08-15 02:05:01.291  1003  3371 D ConnectivityService: sendStickyBroadcast: action=android.net.conn.CONNECTIVITY_CHANGE
08-15 02:05:01.293  1003  3371 D ConnectivityService: notifyType PRECHECK for NetworkAgentInfo [MOBILE (LTE) - 104]
08-15 02:05:01.301  1003  3371 D ConnectivityService: notifyType CAP_CHANGED for NetworkAgentInfo [WIFI () - 103]
08-15 02:05:01.301  1003  3371 D ConnectivityService: updateNetworkScore for NetworkAgentInfo [WIFI () - 103] to 60
08-15 02:05:01.322  1003  3440 D ConnectivityService: Returning blocked NetworkInfo to uid=10100
08-15 02:05:01.329  1003  3468 D ConnectivityService: Returning blocked NetworkInfo to uid=10110
08-15 02:05:01.540  1003  3371 D ConnectivityService: NetworkAgentInfo [WIFI () - 103] EVENT_NETWORK_INFO_CHANGED, going from CONNECTING to DISCONNECTED
08-15 02:05:01.541  1003  3371 D ConnectivityService: NetworkAgentInfo [WIFI () - 103] got DISCONNECTED, was satisfying 0
08-15 02:05:01.560  1003  3371 D ConnectivityService: notifyType LOST for NetworkAgentInfo [WIFI () - 103]
08-15 02:05:01.560  1003  3371 E ConnectivityService: EVENT_NETWORK_INFO_CHANGED from unknown NetworkAgent
08-15 02:05:01.681  1003  3371 D ConnectivityService: setProvNotificationVisibleIntent null visible=false networkType=MOBILE extraInfo=null highPriority=false
08-15 02:05:01.681  1003  3371 D ConnectivityService: NetworkAgentInfo [MOBILE (LTE) - 104] validation  passed
08-15 02:05:01.681  1003  3371 D ConnectivityService: notifyType CAP_CHANGED for NetworkAgentInfo [MOBILE (LTE) - 104]
08-15 02:05:01.685  1003  3371 D ConnectivityService: sendStickyBroadcast: action=android.net.conn.INET_CONDITION_ACTION
08-15 02:05:01.778  1003  4016 I ActivityManager: Start proc 15911:com.guidebook.android/u0a144 for broadcast com.guidebook.android/com.layer.sdk.services.LayerReceiver
08-15 02:05:02.290  1003  3371 D ConnectivityService: NetTransition Wakelock (NetworkAgentInfo [WIFI () - 101] cleared because we found a replacement network
08-15 02:05:03.102  1003  3468 W InputMethodManagerService: Window already focused, ignoring focus gain of: com.android.internal.view.IInputMethodClient$Stub$Proxy@29f0e4e attribute=android.view.inputmethod.EditorInfo@2690b6f, token = android.os.BinderProxy@e83fe3e
08-15 02:05:04.745  1003 23729 I ActivityManager: Start proc 15990:com.yik.yak/u0a116 for broadcast com.yik.yak/com.layer.sdk.services.LayerReceiver
08-15 02:05:05.610  1003  1014 I ActivityManager: Killing 5967:com.venmo/u0a133 (adj 15): empty for 2442s
08-15 02:05:05.916  1003 32307 I ActivityManager: Start proc 16097:com.android.sdm.plugins.sprintdm/1001 for broadcast com.android.sdm.plugins.sprintdm/.SprintDMReceiver
08-15 02:05:06.063  1003  4313 I ActivityManager: Start proc 16112:com.google.android.apps.photos/u0a62 for broadcast com.google.android.apps.photos/.actionqueue.SystemReceiver
08-15 02:05:07.347  1003  4417 D ConnectivityService: Returning blocked NetworkInfo to uid=10144
08-15 02:05:07.371  1003  4566 I ActivityManager: Start proc 16199:com.nianticlabs.pokemongo/u0a131 for broadcast com.nianticlabs.pokemongo/com.upsight.android.analytics.internal.dispatcher.schema.NetworkChangeBroadcastReceiver
08-15 02:05:07.944  1003  4168 I ActivityManager: Start proc 16268:com.twitter.android/u0a102 for broadcast com.twitter.android/.alerts.receivers.ConnectivityChangedReceiver
08-15 02:05:09.278  1003  3371 D ConnectivityService: handlePromptUnvalidated 104
08-15 02:05:12.597  1003  4417 W ActivityManager: Unable to start service Intent { act=com.twitter.intent.action.GET_OEM cmp=com.twitter.twitteroemhelper/.OemHelperService } U=0: not found
08-15 02:05:13.223  1003  4418 D ConnectivityService: Returning blocked NetworkInfo to uid=10102
08-15 02:05:13.416  1003  4565 I ActivityManager: Start proc 16562:com.google.android.apps.magazines/u0a99 for broadcast com.google.android.apps.magazines/com.google.apps.dots.android.newsstand.appwidget.NewsWidgetProvider
08-15 02:05:14.769  1003  4016 D ConnectivityService: Returning blocked NetworkInfo to uid=10099
08-15 02:05:16.241  1003  4016 I ActivityManager: Start proc 16703:com.google.android.keep/u0a83 for broadcast com.google.android.keep/.notification.AlertReceiver
08-15 02:05:17.051  1003  3816 I ActivityManager: Start proc 16757:com.google.android.talk/u0a53 for broadcast com.google.android.talk/com.google.android.apps.hangouts.service.broadcastreceiver.GcmStateReceiver
08-15 02:05:17.210  1003  1016 I ActivityManager: Waited long enough for: ServiceRecord{4e1019e u0 com.whatsapp/.messaging.MessageService}
08-15 02:05:23.451  1003  1016 I ActivityManager: Waited long enough for: ServiceRecord{2f0ed4f u0 com.nianticlabs.pokemongo/com.upsight.android.analytics.internal.DispatcherService}
08-15 02:05:33.813  1003  4313 I Telecom : PhoneAccountRegistrar: SimCallManager queried, returning: null
08-15 02:05:33.853  1003  4016 I Telecom : PhoneAccountRegistrar: SimCallManager queried, returning: null
08-15 02:05:42.422  1003  3816 I ActivityManager: Killing 11379:com.soundcloud.android/u0a139 (adj 15): empty #17
08-15 02:05:56.588  1003  3440 W InputMethodManagerService: Window already focused, ignoring focus gain of: com.android.internal.view.IInputMethodClient$Stub$Proxy@d85fa45 attribute=android.view.inputmethod.EditorInfo@aaac59a, token = android.os.BinderProxy@e83fe3e
08-15 02:06:05.151  1003  1016 E KernelCpuSpeedReader: Failed to read cpu-freq: /sys/devices/system/cpu/cpu4/cpufreq/stats/time_in_state: open failed: ENOENT (No such file or directory)
08-15 02:06:05.201  1003  1018 E KernelCpuSpeedReader: Failed to read cpu-freq: /sys/devices/system/cpu/cpu4/cpufreq/stats/time_in_state: open failed: ENOENT (No such file or directory)
08-15 02:06:22.524  1003  1013 W InputMethodManagerService: Window already focused, ignoring focus gain of: com.android.internal.view.IInputMethodClient$Stub$Proxy@a9c2f02 attribute=null, token = android.os.BinderProxy@e83fe3e
08-15 02:06:25.008  1003  4313 W InputMethodManagerService: Window already focused, ignoring focus gain of: com.android.internal.view.IInputMethodClient$Stub$Proxy@1825cb2 attribute=null, token = android.os.BinderProxy@e83fe3e
08-15 02:06:29.091  1003  1016 E KernelCpuSpeedReader: Failed to read cpu-freq: /sys/devices/system/cpu/cpu4/cpufreq/stats/time_in_state: open failed: ENOENT (No such file or directory)
08-15 02:06:29.138  1003  1018 E KernelCpuSpeedReader: Failed to read cpu-freq: /sys/devices/system/cpu/cpu4/cpufreq/stats/time_in_state: open failed: ENOENT (No such file or directory)
08-15 02:06:44.851  1003  4313 W InputMethodManagerService: Window already focused, ignoring focus gain of: com.android.internal.view.IInputMethodClient$Stub$Proxy@835e75e attribute=null, token = android.os.BinderProxy@e83fe3e
08-15 02:06:46.056  1003  4565 W InputMethodManagerService: Window already focused, ignoring focus gain of: com.android.internal.view.IInputMethodClient$Stub$Proxy@c26573f attribute=null, token = android.os.BinderProxy@e83fe3e
08-15 02:06:48.406  1003 32307 W InputMethodManagerService: Window already focused, ignoring focus gain of: com.android.internal.view.IInputMethodClient$Stub$Proxy@7807a09 attribute=null, token = android.os.BinderProxy@e83fe3e
08-15 02:08:00.006  1003  1003 I ActivityManager: Killing 10890:android.process.acore/u0a2 (adj 15): empty #17
08-15 02:08:00.042  1003  1013 D CountryDetector: No listener is left
08-15 02:08:32.071  1003  3816 D WifiService: acquireWifiLockLocked: WifiLock{NlpWifiLock type=2 binder=android.os.BinderProxy@acf2ad2}
08-15 02:08:32.133  1003  4168 D WifiService: releaseWifiLockLocked: WifiLock{NlpWifiLock type=2 binder=android.os.BinderProxy@acf2ad2}
08-15 02:08:32.742  1003  1018 E KernelCpuSpeedReader: Failed to read cpu-freq: /sys/devices/system/cpu/cpu4/cpufreq/stats/time_in_state: open failed: ENOENT (No such file or directory)
08-15 02:09:22.731  1003  1016 I ProcessStatsService: Prepared write state in 5ms
08-15 02:09:22.736  1003  1016 I ProcessStatsService: Prepared write state in 4ms
08-15 02:10:55.674  1003  3440 W InputMethodManagerService: Window already focused, ignoring focus gain of: com.android.internal.view.IInputMethodClient$Stub$Proxy@740644a attribute=android.view.inputmethod.EditorInfo@356fbb, token = android.os.BinderProxy@e83fe3e
08-15 02:11:01.230  1003  4313 W InputMethodManagerService: Window already focused, ignoring focus gain of: com.android.internal.view.IInputMethodClient$Stub$Proxy@da932a2 attribute=null, token = android.os.BinderProxy@e83fe3e
08-15 02:11:01.356  1003  1016 E KernelCpuSpeedReader: Failed to read cpu-freq: /sys/devices/system/cpu/cpu4/cpufreq/stats/time_in_state: open failed: ENOENT (No such file or directory)
08-15 02:11:01.402  1003  1018 E KernelCpuSpeedReader: Failed to read cpu-freq: /sys/devices/system/cpu/cpu4/cpufreq/stats/time_in_state: open failed: ENOENT (No such file or directory)
08-15 02:11:30.373  1003  1015 I UsageStatsService: User[0] Flushing usage stats to disk
08-15 02:11:54.231  1003  3346 I ActivityManager: START u0 {act=android.intent.action.MAIN cat=[android.intent.category.HOME] flg=0x10200000 cmp=com.google.android.googlequicksearchbox/com.google.android.launcher.GEL (has extras)} from uid 1000 on display 0
08-15 02:11:54.825  1003  3796 I ActivityManager: START u0 {act=android.intent.action.MAIN cat=[android.intent.category.LAUNCHER] flg=0x10200000 cmp=com.android.chrome/com.google.android.apps.chrome.Main bnds=[879,2103][1161,2411] (has extras)} from uid 10029 on display 0
08-15 02:11:55.004  1003  3440 D ConnectivityService: listenForNetwork for Listen from uid/pid:10039/16538 for NetworkRequest [ id=39, legacyType=-1, [ Capabilities: INTERNET&NOT_RESTRICTED&TRUSTED] ]
08-15 02:11:55.146  1003  3816 I ActivityManager: Start proc 20918:android.process.acore/u0a2 for content provider com.android.providers.contacts/.ContactsProvider2
08-15 02:11:56.013  1003  3816 I ActivityManager: Start proc 20952:com.google.android.gm/u0a68 for content provider com.google.android.gm/com.android.exchange.provider.ExchangeDirectoryProvider
08-15 02:11:56.365 20952 20971 D ActivityThread: Loading provider com.google.android.gmail.provider;com.android.mail.notifier;com.google.android.gm.email.provider;com.google.android.gm.email.notifier: com.android.email.provider.EmailProvider
08-15 02:11:56.537  1003 32307 I ActivityManager: Start proc 20982:com.google.process.gapps/u0a46 for content provider com.google.android.syncadapters.contacts/.GalProvider
08-15 02:11:56.843  1003  4566 W ActivityManager: Unable to start service Intent { cmp=com.google.android.gm.exchange/com.android.exchange.service.EasService } U=0: not found
08-15 02:11:56.906  1003  4564 W ActivityManager: Unable to start service Intent { cmp=com.google.android.gm/com.android.email.service.AttachmentService } U=0: not found
08-15 02:11:56.928  1003  4564 W ActivityManager: Unable to start service Intent { cmp=com.google.android.gm.exchange/com.android.exchange.service.EasService } U=0: not found
08-15 02:11:58.233  1003  1003 V NotificationService: pkg=com.android.chrome canInterrupt=false intercept=true
08-15 02:11:58.270  1003  4417 I ActivityManager: Start proc 21033:com.android.chrome:sandboxed_process4/u0i5 for service com.android.chrome/org.chromium.content.app.SandboxedProcessService4
08-15 02:12:26.862  1003  4565 I ActivityManager: Killing 1287:android.process.media/u0a8 (adj 15): empty #17
08-15 02:12:30.383  1003  4168 I ActivityManager: Start proc 21518:com.google.android.tts/u0a51 for service com.google.android.tts/.service.GoogleTTSService
08-15 02:12:47.785  1003  1013 I ActivityManager: Start proc 22178:com.android.chrome:sandboxed_process5/u0i6 for service com.android.chrome/org.chromium.content.app.SandboxedProcessService5
08-15 02:12:51.235  1003 23729 W ActivityManager: Exception when unbinding service com.android.chrome/org.chromium.content.app.SandboxedProcessService5
08-15 02:12:51.235  1003 23729 W ActivityManager: android.os.DeadObjectException: Transaction failed on small parcel; remote process probably died
08-15 02:12:51.235  1003 23729 W ActivityManager: 	at android.os.BinderProxy.transactNative(Native Method)
08-15 02:12:51.235  1003 23729 W ActivityManager: 	at android.os.BinderProxy.transact(Binder.java:503)
08-15 02:12:51.235  1003 23729 W ActivityManager: 	at android.app.ApplicationThreadProxy.scheduleUnbindService(ApplicationThreadNative.java:956)
08-15 02:12:51.235  1003 23729 W ActivityManager: 	at com.android.server.am.ActiveServices.removeConnectionLocked(ActiveServices.java:1874)
08-15 02:12:51.235  1003 23729 W ActivityManager: 	at com.android.server.am.ActiveServices.unbindServiceLocked(ActiveServices.java:926)
08-15 02:12:51.235  1003 23729 W ActivityManager: 	at com.android.server.am.ActivityManagerService.unbindService(ActivityManagerService.java:16012)
08-15 02:12:51.235  1003 23729 W ActivityManager: 	at android.app.ActivityManagerNative.onTransact(ActivityManagerNative.java:996)
08-15 02:12:51.235  1003 23729 W ActivityManager: 	at com.android.server.am.ActivityManagerService.onTransact(ActivityManagerService.java:2488)
08-15 02:12:51.235  1003 23729 W ActivityManager: 	at android.os.Binder.execTransact(Binder.java:453)
08-15 02:12:51.240  1003  3816 I ActivityManager: Killing 22178:com.android.chrome:sandboxed_process5/u0a39i6 (adj 9): isolated not needed
08-15 02:12:51.240  1003  3816 W libprocessgroup: failed to open /acct/uid_10039/pid_22178/cgroup.procs: No such file or directory
08-15 02:12:51.244  1003  1018 E KernelCpuSpeedReader: Failed to read cpu-freq: /sys/devices/system/cpu/cpu4/cpufreq/stats/time_in_state: open failed: ENOENT (No such file or directory)
08-15 02:13:08.624  1003  4418 I ActivityManager: START u0 {act=android.intent.action.MAIN flg=0x10000000 pkg=com.android.chrome cmp=com.android.chrome/com.google.android.apps.chrome.Main (has extras)} from uid 10039 on display 0
08-15 02:13:08.858  1003  3371 D ConnectivityService: releasing NetworkRequest NetworkRequest [ id=39, legacyType=-1, [ Capabilities: INTERNET&NOT_RESTRICTED&TRUSTED] ]
08-15 02:13:09.025  1003 32307 D ConnectivityService: listenForNetwork for Listen from uid/pid:10039/16538 for NetworkRequest [ id=40, legacyType=-1, [ Capabilities: INTERNET&NOT_RESTRICTED&TRUSTED] ]
08-15 02:13:09.061  1003  4168 I ActivityManager: START u0 {act=android.intent.action.MAIN flg=0x14002000 pkg=com.android.chrome cmp=com.android.chrome/org.chromium.chrome.browser.ChromeTabbedActivity (has extras)} from uid 10039 on display 0
08-15 02:13:09.074  1003  1013 W ActivityManager: Duplicate finish request for ActivityRecord{39d5177 u0 com.android.chrome/com.google.android.apps.chrome.Main t3230 f}
08-15 02:13:09.998  1003  4564 W ActivityManager: Permission Denial: Accessing service ComponentInfo{com.google.android.music/com.google.android.music.dial.DialMediaRouteProviderService} from pid=16538, uid=10039 that is not exported from uid 10059
08-15 02:13:10.009  1003  3796 I ActivityManager: Killing 16097:com.android.sdm.plugins.sprintdm/1001 (adj 15): empty #17
08-15 02:13:10.260  1003  4313 W ActivityManager: Permission Denial: Accessing service ComponentInfo{com.google.android.music/com.google.android.music.dial.DialMediaRouteProviderService} from pid=16538, uid=10039 that is not exported from uid 10059
08-15 02:13:15.709  1003  1003 V NotificationService: pkg=com.android.chrome canInterrupt=false intercept=true
08-15 02:13:29.094  1003  1003 V NotificationService: pkg=com.android.chrome canInterrupt=false intercept=true
08-15 02:13:42.264  1003  1017 I ActivityManager: Config changes=480 {1.0 310mcc410mnc en_US ldltr sw411dp w683dp h387dp 560dpi nrml land finger -keyb/v/h -nav/h s.72}
08-15 02:13:42.618  1003  1175 I WindowManager: Screen frozen for +397ms due to Window{b739fd3 u0 NavigationBar}
08-15 02:13:57.078  1003  4564 D WifiService: acquireWifiLockLocked: WifiLock{NlpWifiLock type=2 binder=android.os.BinderProxy@a9ed76e}
08-15 02:13:57.128  1003  4168 D WifiService: releaseWifiLockLocked: WifiLock{NlpWifiLock type=2 binder=android.os.BinderProxy@a9ed76e}
08-15 02:14:05.708  1003  1016 E KernelCpuSpeedReader: Failed to read cpu-freq: /sys/devices/system/cpu/cpu4/cpufreq/stats/time_in_state: open failed: ENOENT (No such file or directory)
08-15 02:14:05.763  1003  1018 E KernelCpuSpeedReader: Failed to read cpu-freq: /sys/devices/system/cpu/cpu4/cpufreq/stats/time_in_state: open failed: ENOENT (No such file or directory)
08-15 02:14:12.391  1003  4168 I ActivityManager: START u0 {act=android.intent.action.MAIN flg=0x10000000 pkg=com.android.chrome cmp=com.android.chrome/com.google.android.apps.chrome.Main (has extras)} from uid 10039 on display 0
08-15 02:14:12.444  1003  3371 D ConnectivityService: releasing NetworkRequest NetworkRequest [ id=40, legacyType=-1, [ Capabilities: INTERNET&NOT_RESTRICTED&TRUSTED] ]
08-15 02:14:12.519  1003  1014 D ConnectivityService: listenForNetwork for Listen from uid/pid:10039/16538 for NetworkRequest [ id=41, legacyType=-1, [ Capabilities: INTERNET&NOT_RESTRICTED&TRUSTED] ]
08-15 02:14:12.538  1003  4313 I ActivityManager: START u0 {act=android.intent.action.MAIN flg=0x14002000 pkg=com.android.chrome cmp=com.android.chrome/org.chromium.chrome.browser.ChromeTabbedActivity (has extras)} from uid 10039 on display 0
08-15 02:14:12.549  1003  1013 W ActivityManager: Duplicate finish request for ActivityRecord{5366646 u0 com.android.chrome/com.google.android.apps.chrome.Main t3230 f}
08-15 02:14:29.223  1003  3816 W ActivityManager: Permission Denial: Accessing service ComponentInfo{com.google.android.music/com.google.android.music.dial.DialMediaRouteProviderService} from pid=16538, uid=10039 that is not exported from uid 10059
08-15 02:14:32.576  1003  1003 V NotificationService: pkg=com.android.chrome canInterrupt=false intercept=true
08-15 02:14:57.500  1003  4016 D WifiService: setWifiEnabled: true pid=3449, uid=10027
08-15 02:14:57.500  1003  4016 E WifiService: Invoking mWifiStateMachine.setWifiEnabled
08-15 02:14:57.709  1003  3368 E WifiP2pService: Unable to change interface settings: java.lang.IllegalStateException: command '2173 interface setcfg p2p0 0.0.0.0 0 up' failed with '400 2173 Failed to set address (No such device)'
08-15 02:15:06.065  1003  3816 W InputMethodManagerService: Window already focused, ignoring focus gain of: com.android.internal.view.IInputMethodClient$Stub$Proxy@ad32e90 attribute=null, token = android.os.BinderProxy@8b407fd
08-15 02:15:28.091  1003  4016 W InputMethodManagerService: Window already focused, ignoring focus gain of: com.android.internal.view.IInputMethodClient$Stub$Proxy@b5fbcb attribute=null, token = android.os.BinderProxy@8b407fd
08-15 02:15:34.132  1003  3816 W ActivityManager: Permission Denial: Accessing service ComponentInfo{com.google.android.music/com.google.android.music.dial.DialMediaRouteProviderService} from pid=16538, uid=10039 that is not exported from uid 10059
08-15 02:15:47.116  1003  1016 E KernelCpuSpeedReader: Failed to read cpu-freq: /sys/devices/system/cpu/cpu4/cpufreq/stats/time_in_state: open failed: ENOENT (No such file or directory)
08-15 02:15:47.165  1003  1018 E KernelCpuSpeedReader: Failed to read cpu-freq: /sys/devices/system/cpu/cpu4/cpufreq/stats/time_in_state: open failed: ENOENT (No such file or directory)
08-15 02:16:06.672  1003  3370 E WiFiServiceImpl : CONNECT  nid=0 uid=10027 name=android.uid.systemui:10027
08-15 02:16:06.672  1003  3370 D WifiService: Connect with networkId0
08-15 02:16:08.691  1003  3370 E WiFiServiceImpl : CONNECT  nid=0 uid=10027 name=android.uid.systemui:10027
08-15 02:16:08.692  1003  3370 D WifiService: Connect with networkId0
08-15 02:16:10.141  1003  3370 E WiFiServiceImpl : CONNECT  nid=11 uid=10027 name=android.uid.systemui:10027
08-15 02:16:10.141  1003  3370 D WifiService: Connect with networkId11
08-15 02:16:10.847  1003  3369 D ConnectivityService: registerNetworkAgent NetworkAgentInfo{ ni{[type: WIFI[], state: CONNECTING/CONNECTING, reason: (unspecified), extra: "ISALS_Ground", roaming: false, failover: false, isAvailable: true]}  network{105}  lp{{InterfaceName: wlan0 LinkAddresses: []  Routes: [] DnsAddresses: [] Domains: null MTU: 0 TcpBufferSizes: 524288,2097152,4194304,262144,524288,1048576}}  nc{[ Transports: WIFI Capabilities: INTERNET&NOT_RESTRICTED&TRUSTED&NOT_VPN LinkUpBandwidth>=1048576Kbps LinkDnBandwidth>=1048576Kbps]}  Score{20}  everValidated{false}  lastValidated{false}  created{false} lingering{false} explicitlySelected{false} acceptUnvalidated{false} everCaptivePortalDetected{false} lastCaptivePortalDetected{false} }
08-15 02:16:10.848  1003  3371 D ConnectivityService: NetworkAgentInfo [WIFI () - 105] EVENT_NETWORK_INFO_CHANGED, going from null to CONNECTING
08-15 02:16:10.881  1003  3371 D ConnectivityService: updateNetworkScore for NetworkAgentInfo [WIFI () - 105] to 60
08-15 02:16:17.896  1003  3440 W InputMethodManagerService: Window already focused, ignoring focus gain of: com.android.internal.view.IInputMethodClient$Stub$Proxy@3492361 attribute=null, token = android.os.BinderProxy@8b407fd
08-15 02:16:22.035  1003  3371 D ConnectivityService: notifyType CAP_CHANGED for NetworkAgentInfo [WIFI () - 105]
08-15 02:16:22.035  1003  3371 D ConnectivityService: NetworkAgentInfo [WIFI () - 105] EVENT_NETWORK_INFO_CHANGED, going from CONNECTING to CONNECTED
08-15 02:16:22.040  1003  3371 D ConnectivityService: Adding iface wlan0 to network 105
08-15 02:16:22.112  1003  3371 E ConnectivityService: Unexpected mtu value: 0, wlan0
08-15 02:16:22.112  1003  3371 D ConnectivityService: Adding Route [fe80::/64 -> :: wlan0] to network 105
08-15 02:16:22.114  1003  3371 D ConnectivityService: Adding Route [192.168.1.0/24 -> 0.0.0.0 wlan0] to network 105
08-15 02:16:22.115  1003  3371 D ConnectivityService: Adding Route [0.0.0.0/0 -> 192.168.1.254 wlan0] to network 105
08-15 02:16:22.117  1003  3371 D ConnectivityService: Setting Dns servers for network 105 to [/192.168.1.254]
08-15 02:16:22.137  1003  3371 D ConnectivityService: notifyType IP_CHANGED for NetworkAgentInfo [WIFI () - 105]
08-15 02:16:22.150  1003  3371 D ConnectivityService: scheduleUnvalidatedPrompt 105
08-15 02:16:22.150  1003  3371 D ConnectivityService: updateSignalStrengthThresholds: CONNECT, sending [] to NetworkAgentInfo [WIFI () - 105]
08-15 02:16:22.153  1003  3371 D ConnectivityService: notifyType PRECHECK for NetworkAgentInfo [WIFI () - 105]
08-15 02:16:23.080  1003  3371 D ConnectivityService: notifyType CAP_CHANGED for NetworkAgentInfo [WIFI () - 105]
08-15 02:16:23.368  1003  3371 D ConnectivityService: setProvNotificationVisibleIntent null visible=false networkType=MOBILE extraInfo=null highPriority=false
08-15 02:16:23.368  1003  3371 D ConnectivityService: NetworkAgentInfo [WIFI () - 105] validation  passed
08-15 02:16:23.368  1003  3371 D ConnectivityService: rematch for NetworkAgentInfo [WIFI () - 105]
08-15 02:16:23.368  1003  3371 D ConnectivityService:    accepting network in place of NetworkAgentInfo [MOBILE (LTE) - 104]
08-15 02:16:23.369  1003  3371 D ConnectivityService: notifyType LOSING for NetworkAgentInfo [MOBILE (LTE) - 104]
08-15 02:16:23.374  1003  3371 D ConnectivityService: Switching to new default network: NetworkAgentInfo{ ni{[type: WIFI[], state: CONNECTED/CONNECTED, reason: (unspecified), extra: "ISALS_Ground", roaming: false, failover: false, isAvailable: true]}  network{105}  lp{{InterfaceName: wlan0 LinkAddresses: [fe80::76a5:28ff:fe08:4f49/64,192.168.1.83/24,]  Routes: [fe80::/64 -> :: wlan0,192.168.1.0/24 -> 0.0.0.0 wlan0,0.0.0.0/0 -> 192.168.1.254 wlan0,] DnsAddresses: [192.168.1.254,] Domains: attlocal.net MTU: 0 TcpBufferSizes: 524288,2097152,4194304,262144,524288,1048576}}  nc{[ Transports: WIFI Capabilities: INTERNET&NOT_RESTRICTED&TRUSTED&NOT_VPN&VALIDATED LinkUpBandwidth>=1048576Kbps LinkDnBandwidth>=1048576Kbps SignalStrength: -63]}  Score{60}  everValidated{true}  lastValidated{true}  created{true} lingering{false} explicitlySelected{true} acceptUnvalidated{false} everCaptivePortalDetected{false} lastCaptivePortalDetected{false} }
08-15 02:16:23.449  1003  3371 D ConnectivityService: Setting tx/rx TCP buffers to 524288,2097152,4194304,262144,524288,1048576
08-15 02:16:23.457  1003  3371 D CSLegacyTypeTracker: Sending DISCONNECTED broadcast for type 0 NetworkAgentInfo [MOBILE (LTE) - 104] isDefaultNetwork=true
08-15 02:16:23.457  1003  3371 D ConnectivityService: sendStickyBroadcast: action=android.net.conn.CONNECTIVITY_CHANGE
08-15 02:16:23.460  1003  3371 D CSLegacyTypeTracker: Sending CONNECTED broadcast for type 1 NetworkAgentInfo [WIFI () - 105] isDefaultNetwork=true
08-15 02:16:23.460  1003  3371 D ConnectivityService: sendStickyBroadcast: action=android.net.conn.CONNECTIVITY_CHANGE
08-15 02:16:23.481  1003  3371 D ConnectivityService: notifyType CAP_CHANGED for NetworkAgentInfo [WIFI () - 105]
08-15 02:16:24.346  1003 23729 I ActivityManager: Start proc 26488:android.process.media/u0a8 for broadcast com.android.providers.downloads/.DownloadReceiver
08-15 02:16:24.866  1003  3468 I ActivityManager: Start proc 26517:com.android.sdm.plugins.sprintdm/1001 for broadcast com.android.sdm.plugins.sprintdm/.SprintDMReceiver
08-15 02:16:25.155  1003  4016 I ActivityManager: Killing 16757:com.google.android.talk/u0a53 (adj 15): empty #17
08-15 02:16:25.765  1003  1016 I ActivityManager: Start proc 26546:com.google.android.talk/u0a53 for broadcast com.google.android.talk/com.google.android.apps.hangouts.service.broadcastreceiver.GcmStateReceiver
08-15 02:16:26.502  1003  3468 W InputMethodManagerService: Window already focused, ignoring focus gain of: com.android.internal.view.IInputMethodClient$Stub$Proxy@aa2631e attribute=null, token = android.os.BinderProxy@8b407fd
08-15 02:16:26.950  1003  3440 I ActivityManager: Killing 3925:com.google.android.gms.unstable/u0a12 (adj 15): empty #17
08-15 02:16:29.111  1003  3371 D ConnectivityService: notifyType CAP_CHANGED for NetworkAgentInfo [WIFI () - 105]
08-15 02:16:30.151  1003  3371 D ConnectivityService: handlePromptUnvalidated 105
08-15 02:16:35.152  1003  3371 D ConnectivityService: notifyType CAP_CHANGED for NetworkAgentInfo [WIFI () - 105]
08-15 02:16:38.977  1003  3796 W InputMethodManagerService: Window already focused, ignoring focus gain of: com.android.internal.view.IInputMethodClient$Stub$Proxy@ade200 attribute=null, token = android.os.BinderProxy@8b407fd
08-15 02:16:41.858  1003 23729 I Telecom : PhoneAccountRegistrar: SimCallManager queried, returning: null
08-15 02:16:41.882  1003  4564 I Telecom : PhoneAccountRegistrar: SimCallManager queried, returning: null
08-15 02:16:44.295  1003  4417 W InputMethodManagerService: Window already focused, ignoring focus gain of: com.android.internal.view.IInputMethodClient$Stub$Proxy@81853a9 attribute=null, token = android.os.BinderProxy@8b407fd
08-15 02:16:47.820  1003 32307 W libprocessgroup: failed to open /acct/uid_10039/pid_21033/cgroup.procs: No such file or directory
08-15 02:16:47.820  1003 32307 I ActivityManager: Process com.android.chrome:sandboxed_process4 (pid 21033) has died
08-15 02:16:47.820  1003 32307 W ActivityManager: Scheduling restart of crashed service com.android.chrome/org.chromium.content.app.SandboxedProcessService4 in 1000ms
08-15 02:16:47.823  1003  1018 E KernelCpuSpeedReader: Failed to read cpu-freq: /sys/devices/system/cpu/cpu4/cpufreq/stats/time_in_state: open failed: ENOENT (No such file or directory)
08-15 02:16:50.627  1003  3346 I ActivityManager: START u0 {act=android.intent.action.MAIN cat=[android.intent.category.HOME] flg=0x10200000 cmp=com.google.android.googlequicksearchbox/com.google.android.launcher.GEL (has extras)} from uid 1000 on display 0
08-15 02:16:50.839  1003  3346 I ActivityManager: Config changes=480 {1.0 310mcc410mnc en_US ldltr sw411dp w411dp h659dp 560dpi nrml port finger -keyb/v/h -nav/h s.73}
08-15 02:16:50.883  1003  3371 D ConnectivityService: releasing NetworkRequest NetworkRequest [ id=41, legacyType=-1, [ Capabilities: INTERNET&NOT_RESTRICTED&TRUSTED] ]
08-15 02:16:51.125  1003  1175 I WindowManager: Screen frozen for +328ms due to Window{4d2b5e8 u0 com.google.android.googlequicksearchbox/com.google.android.launcher.GEL}
08-15 02:16:52.061  1003  4417 I ActivityManager: START u0 {act=android.intent.action.MAIN cat=[android.intent.category.LAUNCHER] flg=0x10200000 cmp=com.google.android.youtube/.app.honeycomb.Shell$HomeActivity bnds=[579,998][861,1336] (has extras)} from uid 10029 on display 0
08-15 02:16:52.158  1003  1014 I ActivityManager: Config changes=480 {1.0 310mcc410mnc en_US ldltr sw411dp w683dp h387dp 560dpi nrml land finger -keyb/v/h -nav/h s.74}
08-15 02:16:52.464  1003  4564 W ActivityManager: Permission Denial: Accessing service ComponentInfo{com.google.android.music/com.google.android.music.dial.DialMediaRouteProviderService} from pid=20597, uid=10075 that is not exported from uid 10059
08-15 02:16:52.508  1003  1175 I WindowManager: Screen frozen for +371ms due to Window{79e549f u0 com.google.android.youtube/com.google.android.apps.youtube.app.WatchWhileActivity}
08-15 02:16:53.211  1003  1017 I ActivityManager: Config changes=480 {1.0 310mcc410mnc en_US ldltr sw411dp w411dp h659dp 560dpi nrml port finger -keyb/v/h -nav/h s.75}
08-15 02:16:53.609  1003  1175 I WindowManager: Screen frozen for +416ms due to Window{79e549f u0 com.google.android.youtube/com.google.android.apps.youtube.app.WatchWhileActivity}
08-15 02:16:57.070  1003  3371 D ConnectivityService: handleLingerComplete for NetworkAgentInfo [MOBILE (LTE) - 104]
08-15 02:16:57.071  1003  3371 D ConnectivityService: NetworkAgentInfo [MOBILE (LTE) - 104] got DISCONNECTED, was satisfying 8
08-15 02:16:57.087  1003  3371 D ConnectivityService: notifyType LOST for NetworkAgentInfo [MOBILE (LTE) - 104]
08-15 02:17:02.305  1003  3371 D ConnectivityService: notifyType CAP_CHANGED for NetworkAgentInfo [WIFI () - 105]
08-15 02:17:08.337  1003  3371 D ConnectivityService: notifyType CAP_CHANGED for NetworkAgentInfo [WIFI () - 105]
08-15 02:17:11.056  1003  4565 W InputMethodManagerService: Window already focused, ignoring focus gain of: com.android.internal.view.IInputMethodClient$Stub$Proxy@a53d027 attribute=null, token = android.os.BinderProxy@e83fe3e
08-15 02:17:11.357  1003  3371 D ConnectivityService: notifyType CAP_CHANGED for NetworkAgentInfo [WIFI () - 105]
08-15 02:17:12.555  1003  4564 I ActivityManager: Start proc 27040:com.google.android.gms.unstable/u0a12 for service com.google.android.gms/.droidguard.DroidGuardService
08-15 02:17:13.382  1003  4564 I ActivityManager: Killing 20982:com.google.process.gapps/u0a46 (adj 15): empty #17
08-15 02:17:13.811  1003  1014 I ActivityManager: START u0 {act=com.android.systemui.recents.SHOW_RECENTS flg=0x10804000 cmp=com.android.systemui/.recents.RecentsActivity} from uid 10027 on display 0
08-15 02:17:15.780  1003  4564 W ActivityManager: Permission Denial: Accessing service ComponentInfo{com.google.android.music/com.google.android.music.dial.DialMediaRouteProviderService} from pid=20597, uid=10075 that is not exported from uid 10059
08-15 02:17:17.052  1003 23729 I ActivityManager: START u0 {act=com.android.systemui.recents.SHOW_RECENTS flg=0x10804000 cmp=com.android.systemui/.recents.RecentsActivity} from uid 10027 on display 0
08-15 02:17:17.969  1003 32307 D ConnectivityService: listenForNetwork for Listen from uid/pid:10039/16538 for NetworkRequest [ id=42, legacyType=-1, [ Capabilities: INTERNET&NOT_RESTRICTED&TRUSTED] ]
08-15 02:17:21.066  1003 32307 I ActivityManager: START u0 {act=com.android.systemui.recents.SHOW_RECENTS flg=0x10804000 cmp=com.android.systemui/.recents.RecentsActivity} from uid 10027 on display 0
08-15 02:17:21.110  1003  3371 D ConnectivityService: releasing NetworkRequest NetworkRequest [ id=42, legacyType=-1, [ Capabilities: INTERNET&NOT_RESTRICTED&TRUSTED] ]
08-15 02:17:21.953  1003  4016 W ActivityManager: Permission Denial: Accessing service ComponentInfo{com.google.android.music/com.google.android.music.dial.DialMediaRouteProviderService} from pid=20597, uid=10075 that is not exported from uid 10059
08-15 02:17:23.870  1003  1016 W ActivityManager: Activity stop timeout for ActivityRecord{b7229c7 u0 com.google.android.youtube/com.google.android.apps.youtube.app.WatchWhileActivity t3235}
08-15 02:17:23.870  1003  1016 I ActivityManager: Activity reported stop, but no longer stopping: ActivityRecord{b7229c7 u0 com.google.android.youtube/com.google.android.apps.youtube.app.WatchWhileActivity t3235}
08-15 02:17:38.287  1003  3371 D ConnectivityService: Adding Route [2602:304:ce0a:9240::/64 -> :: wlan0] to network 105
08-15 02:17:38.290  1003  3371 D ConnectivityService: Adding Route [::/0 -> fe80::3a3b:c8ff:fe2e:c4a5 wlan0] to network 105
08-15 02:17:38.374  1003  3371 D ConnectivityService: notifyType IP_CHANGED for NetworkAgentInfo [WIFI () - 105]
08-15 02:17:38.394  1003  3371 D ConnectivityService: notifyType IP_CHANGED for NetworkAgentInfo [WIFI () - 105]
08-15 02:17:38.400  1003  3371 D ConnectivityService: Setting Dns servers for network 105 to [/2602:304:ce0a:9240::1, /192.168.1.254]
08-15 02:17:38.421  1003  3371 D ConnectivityService: notifyType IP_CHANGED for NetworkAgentInfo [WIFI () - 105]
08-15 02:17:42.605  1003  4168 I ActivityManager: Killing 20952:com.google.android.gm/u0a68 (adj 15): empty #17
08-15 02:17:50.505  1003  3371 D ConnectivityService: notifyType CAP_CHANGED for NetworkAgentInfo [WIFI () - 105]
08-15 02:17:56.529  1003  3371 D ConnectivityService: notifyType CAP_CHANGED for NetworkAgentInfo [WIFI () - 105]
08-15 02:18:20.614  1003  3371 D ConnectivityService: notifyType CAP_CHANGED for NetworkAgentInfo [WIFI () - 105]
08-15 02:18:26.632  1003  3371 D ConnectivityService: notifyType CAP_CHANGED for NetworkAgentInfo [WIFI () - 105]
08-15 02:18:47.700  1003  3371 D ConnectivityService: notifyType CAP_CHANGED for NetworkAgentInfo [WIFI () - 105]
08-15 02:19:02.753  1003  3371 D ConnectivityService: notifyType CAP_CHANGED for NetworkAgentInfo [WIFI () - 105]
08-15 02:19:07.265  1003  1016 E KernelCpuSpeedReader: Failed to read cpu-freq: /sys/devices/system/cpu/cpu4/cpufreq/stats/time_in_state: open failed: ENOENT (No such file or directory)
08-15 02:19:07.303  1003  1018 E KernelCpuSpeedReader: Failed to read cpu-freq: /sys/devices/system/cpu/cpu4/cpufreq/stats/time_in_state: open failed: ENOENT (No such file or directory)
08-15 02:19:08.770  1003  3371 D ConnectivityService: notifyType CAP_CHANGED for NetworkAgentInfo [WIFI () - 105]
08-15 02:19:11.779  1003  3371 D ConnectivityService: notifyType CAP_CHANGED for NetworkAgentInfo [WIFI () - 105]
08-15 02:19:14.792  1003  3371 D ConnectivityService: notifyType CAP_CHANGED for NetworkAgentInfo [WIFI () - 105]
08-15 02:19:17.802  1003  3371 D ConnectivityService: notifyType CAP_CHANGED for NetworkAgentInfo [WIFI () - 105]
08-15 02:19:20.835  1003  3371 D ConnectivityService: notifyType CAP_CHANGED for NetworkAgentInfo [WIFI () - 105]
08-15 02:19:23.848  1003  3371 D ConnectivityService: notifyType CAP_CHANGED for NetworkAgentInfo [WIFI () - 105]
08-15 02:19:24.184  1003  4564 W InputMethodManagerService: Window already focused, ignoring focus gain of: com.android.internal.view.IInputMethodClient$Stub$Proxy@98b3d62 attribute=android.view.inputmethod.EditorInfo@8c92ef3, token = android.os.BinderProxy@e83fe3e
08-15 02:19:26.871  1003  3371 D ConnectivityService: notifyType CAP_CHANGED for NetworkAgentInfo [WIFI () - 105]
08-15 02:19:29.906  1003  3371 D ConnectivityService: notifyType CAP_CHANGED for NetworkAgentInfo [WIFI () - 105]
08-15 02:19:32.109  1003  1013 D WifiService: acquireWifiLockLocked: WifiLock{NlpWifiLock type=2 binder=android.os.BinderProxy@ce937b0}
08-15 02:19:32.187  1003 23729 D WifiService: releaseWifiLockLocked: WifiLock{NlpWifiLock type=2 binder=android.os.BinderProxy@ce937b0}
08-15 02:19:36.432  1003  3816 W InputMethodManagerService: Window already focused, ignoring focus gain of: com.android.internal.view.IInputMethodClient$Stub$Proxy@873a35b attribute=null, token = android.os.BinderProxy@e83fe3e
08-15 02:19:38.801  1003  1014 W InputMethodManagerService: Window already focused, ignoring focus gain of: com.android.internal.view.IInputMethodClient$Stub$Proxy@1bd14c2 attribute=null, token = android.os.BinderProxy@e83fe3e
08-15 02:19:41.965  1003  3371 D ConnectivityService: notifyType CAP_CHANGED for NetworkAgentInfo [WIFI () - 105]
08-15 02:19:42.880  3449  3449 V DeadZone: consuming errant click: (792.0,22.0)
08-15 02:19:47.205  1003  4565 I ActivityManager: START u0 {act=com.android.systemui.recents.SHOW_RECENTS flg=0x10804000 cmp=com.android.systemui/.recents.RecentsActivity} from uid 10027 on display 0
08-15 02:19:49.622  1003  4418 I ActivityManager: START u0 {act=android.intent.action.MAIN cat=[android.intent.category.HOME] flg=0x10200000 cmp=com.google.android.googlequicksearchbox/com.google.android.launcher.GEL} from uid 10027 on display 0
08-15 02:19:57.248  1003  1016 W ActivityManager: Activity stop timeout for ActivityRecord{b7229c7 u0 com.google.android.youtube/com.google.android.apps.youtube.app.WatchWhileActivity t3235}
08-15 02:20:03.101  1003  3371 D ConnectivityService: notifyType CAP_CHANGED for NetworkAgentInfo [WIFI () - 105]
08-15 02:20:03.111  1003  3371 D ConnectivityService: updateNetworkScore for NetworkAgentInfo [WIFI () - 105] to 56
08-15 02:20:06.115  1003  3371 D ConnectivityService: notifyType CAP_CHANGED for NetworkAgentInfo [WIFI () - 105]
08-15 02:20:06.121  1003  3371 D ConnectivityService: updateNetworkScore for NetworkAgentInfo [WIFI () - 105] to 60
08-15 02:20:06.364  1003  3796 I ActivityManager: START u0 {act=android.intent.action.MAIN cat=[android.intent.category.LAUNCHER] flg=0x10200000 cmp=com.asus.filemanager/.activity.FileManagerActivity (has extras)} from uid 10029 on display 0
08-15 02:20:06.445  1003 23729 I ActivityManager: Start proc 28037:com.asus.filemanager/u0a108 for activity com.asus.filemanager/.activity.FileManagerActivity
